black bear
sun bear
chinese horse
brown bear
secretary bird
electric ray
sand martin
flying fish
sea devil
tree rat
wild cat
mountain cat
red fox
needle fish
bush baby
yellow rail
sea lion
red deer
water buffalo
american buffalo
mountain lion
flying fox
african buffalo
sea snake
polar bear
golden eagle
imperial eagle
norway rat
indian elephant
african elephant
guinea pig
stick insect
prairie dog
cane mouse
tiger fish
brown trout
egyptian asp
elephant seal
emperor penguin
mountain goat
blue whale
honey bee
arctic wolf
bengal tiger
tiger snake
coral snake
sea turtle
arctic hare
bald eagle
killer whale
barn owl
bull shark
water adder
common adder
death adder
snow leopard
carpet shark
tiger shark
sea otter
leopard seal
black panther
monitor lizard
american antelope
lemon shark
whale shark
electric eel
sand diver
honey badger
snapping turtle
king cobra
white rhinoceros
black rhinoceros
puff adder
giant clam
stag beetle
grizzly bear
tawny owl
woolly mammoth
peregrine falcon
basking shark
galapagos tortoise
andean condor
john dory
sea squirt
bumble bee
boa constrictor
reticulated python
scarab beetle
humpback whale
