Dante
Homer
Plato
Charles Darwin
Colette
Victor Hugo
Voltaire
Pickles
William Shakespeare
Mark Twain
Albert Camus
Stephen King
Maddox
J. K. Rowling
Aristotle
Dr. Seuss
Oscar Wilde
Jane Austen
Charles Dickens
Karl Marx
Agatha Christie
Jules Verne
Edgar Allan Poe
Anne Frank
John Green
George Orwell
Harper Lee
J. R. R. Tolkien
C. S. Lewis
Ernest Hemingway
George R. R. Martin
E. L. James
Aesop
Miguel de Cervantes
Tom Clancy
Maya Angelou
Dan Brown
Adam Smith
Friedrich Nietzsche
James Joyce
Virginia Woolf
Neil Gaiman
Lewis Carroll
Molière
Jack London
Montesquieu
Roald Dahl
William Levy
Richard Dawkins
Franz Kafka
Noam Chomsky
Robert Frost
Deepak Chopra
James Patterson
Terry Pratchett
Cornel West
Laura Ingalls Wilder
Jean-Jacques Rousseau
Patti Smith
Stendhal
Carl Sagan
Jackie Collins
Thomas Mann
Elizabeth George
Ralph Waldo Emerson
James White
Gabriel García Márquez
Ayn Rand
John Locke
Michel Foucault
Immanuel Kant
Heather Graham
Henry James
D. H. Lawrence
Umberto Eco
Christopher Hitchens
Margaret Atwood
Salman Rushdie
Lauren Conrad
Hans Christian Andersen
Mark Smith
John Allen
David Wright
Arthur Conan Doyle
Ibn Battuta
Robert Louis Stevenson
Mario Vargas Llosa
Hugh Laurie
Suzanne Collins
Jorge Luis Borges
José Saramago
William Shatner
Rudyard Kipling
Cassandra Clare
Samuel Beckett
Steve Miller
Veronica Roth
Rick Riordan
Alice Munro
Ethan Hawke
Stephenie Meyer
Haruki Murakami
H. P. Lovecraft
Charles Bukowski
F. Scott Fitzgerald
Michael Collins
Douglas Adams
George Bernard Shaw
Bram Stoker
Jean-Paul Sartre
Alan Moore
John Steinbeck
Eckhart Tolle
Rabindranath Tagore
Henry David Thoreau
H. G. Wells
Sharon Lee
Isaac Asimov
Siri Hustvedt
Ray Bradbury
Hermann Hesse
Thomas Hardy
Eugene Field
Aldous Huxley
Kingsley Amis
Astrid Lindgren
Jack Kerouac
Marcel Proust
Philip K. Dick
Oliver Goldsmith
John Grisham
Truman Capote
Nora Roberts
Jean Cocteau
Arthur Miller
Miguel Hernández
Beatrix Potter
Simone de Beauvoir
Isabel Allende
Hunter S. Thompson
Antoine de Saint-Exupéry
Federico García Lorca
Leo Tolstoy
Anne Rice
Arthur Schopenhauer
Eric Carle
Herman Melville
Ann M. Martin
Gustave Flaubert
Robert Kiyosaki
Arthur Rimbaud
Chuck Palahniuk
William Faulkner
Sarah Dessen
Julio Cortázar
Akira Toriyama
Danielle Steel
Henry Miller
Arthur C. Clarke
Mary Shelley
Samuel Johnson
G. K. Chesterton
Toni Morrison
David Hume
Tennessee Williams
Gerard Way
Dylan Thomas
Vladimir Nabokov
William Wordsworth
John Stuart Mill
Ian Fleming
Honoré de Balzac
Elie Wiesel
E. E. Cummings
Jonathan Swift
Aleister Crowley
R. L. Stine
Milan Kundera
Cormac McCarthy
Paul Auster
O. Henry
Lemony Snicket
Richelle Mead
Hergé
Graham Greene
Denis Diderot
E. E. Smith
Michael Crichton
David Mitchell
Ken Follett
Diana Gabaldon
John Byrne
Martin Heidegger
Ovidius
Sam Harris
Joe Hill
Guy de Maupassant
Orhan Pamuk
Philip Roth
Bill Bryson
Paul Valéry
David Foster Wallace
Jeffrey Archer
Khaled Hosseini
Jeff Smith
Lee Child
H. Beam Piper
Thomas Hobbes
Jean de La Fontaine
Nathaniel Hawthorne
Namık Kemal
A.A. Milne
Harlan Coben
Enid Blyton
Shel Silverstein
Necip Fazıl Kısakürek
Henrik Ibsen
Markus Zusak
Gilles Deleuze
William Gibson
James Baldwin
Peter James
Daniel Defoe
Washington Irving
Albert Speer
Robert Palmer
Ian McEwan
Amartya Sen
Meg Cabot
Ruskin Bond
Suzanne Somers
J. R. Ward
Harold Pinter
Charles Perrault
Orson Scott Card
Edith Wharton
Anton Chekhov
Jack Canfield
Miguel de Unamuno
Alice Walker
Raymond Chandler
Edgar Rice Burroughs
Maurice Sendak
Louis Aragon
E. M. Forster
Frank Herbert
Heinrich Böll
Martin Amis
Charlotte Brontë
Paul Craig Roberts
Günter Grass
J. M. Barrie
Guillaume Apollinaire
Sandra Brown
Louisa May Alcott
William Butler Yeats
Sir Walter Scott
Patrick Rothfuss
Judy Blume
John Updike
L. Frank Baum
David Sedaris
Arundhati Roy
William S. Burroughs
Jürgen Habermas
Pat Murphy
Andrew Sullivan
Alexander Pope
Aristophanes
Anthony Burgess
Philip Pullman
Jared Diamond
John Irving
Ludwig von Mises
Norman Mailer
L. Ron Hubbard
Cory Doctorow
Marguerite Yourcenar
Dave Barry
Robert Shaw
Fyodor Dostoevsky
Anthony Horowitz
L. J. Smith
Chinua Achebe
Margaret Mitchell
Cecelia Ahern
Robert Jordan
François Rabelais
John Shirley
Doris Lessing
John Rawls
Flannery O'Connor
Sidney Sheldon
Lala Lajpat Rai
Rosamunde Pilcher
Susan Cooper
Steve Perry
Jim Butcher
Tess Gerritsen
Raymond Carver
E. B. White
Lois Lowry
Don DeLillo
Antonin Artaud
Robert Graves
William Golding
Lisa Kleypas
Bret Easton Ellis
Sherrilyn Kenyon
Steven Pinker
Wole Soyinka
Emily Brontë
Kazuo Ishiguro
Dave Eggers
Leon Trotsky
Thomas Harris
John Christopher
Geoffrey Chaucer
Eugene O'Neill
Alfred de Musset
Yaşar Kemal
Joan Didion
Émile Zola
Tove Jansson
John Bunyan
Daphne du Maurier
Robert A. Heinlein
Michael Grant
Cornelia Funke
Andrew Taylor
Catherine Jones
Julian Barnes
Mario Puzo
Katherine Mansfield
Scott Westerfeld
Eduardo Mendoza
John Boyne
Thomas Pynchon
Patricia Cornwell
Richard Matheson
Marc Levy
Ursula K. Le Guin
Bernard Cornwell
Amélie Nothomb
P. G. Wodehouse
Amy Tan
José Ortega y Gasset
Fernando Savater
Samuel Taylor Coleridge
Carlos Ruiz Zafón
J.G. Ballard
Julia Quinn
Søren Kierkegaard
Evelyn Waugh
Alessandro Baricco
Mary Higgins Clark
Patricia Highsmith
Willa Cather
Joseph Heller
Gene Roddenberry
Debbie Macomber
Ben Jonson
Robert Silverberg
Helen Fielding
Ziya Gökalp
Saul Bellow
Zora Neale Hurston
Dashiell Hammett
Karin Slaughter
Camilo José Cela
Georges Bataille
Boris Pasternak
Javier Marías
Irvine Welsh
Christina Skye
Rod Serling
Miranda July
Linda Howard
Jean Racine
Alberto Moravia
John Barnes
Frank McCourt
W. Somerset Maugham
Neal Stephenson
Erich Maria Remarque
Stephen Jay Gould
Sara Shepard
Ellen G. White
Ken Kesey
Frances Hodgson Burnett
Terence McKenna
Pedro Salinas
Nikos Kazantzakis
Lisa See
Dan Simmons
Robert E. Howard
Edmond Rostand
Dinesh D'Souza
Patrick Moore
Nabil Ayouch
James Thurber
Erin Hunter
Anthony Trollope
Richard Scarry
Bolesław Prus
Robert Adams
Douglas Coupland
Stephen R. Covey
Robin Cook
John Flanagan
Gottfried Wilhelm Leibniz
Steve White
P. D. James
Michael Stewart
Kazi Nazrul Islam
Jane Jacobs
Harlan Ellison
Shirley Jackson
Eoin Colfer
Michael Chabon
Peter May
Augustine of Hippo
Knut Hamsun
Bruce Robinson
Amin Maalouf
Alphonse Daudet
Marian Keyes
Onyeka
Jeffery Deaver
Diana Palmer
Andrew Robinson
Kathryn Stockett
Gustavo Adolfo Bécquer
Alexander McCall Smith
Emil Cioran
Annie Dillard
William Boyd
Elizabeth Gaskell
David Barton
Joanne Harris
Susan Johnson
Aziz Nesin
Michael Moorcock
Amos Oz
E. L. Doctorow
Carl Hiaasen
Ian Rankin
Eric Brown
Mark Haddon
Arthur Schnitzler
Antonio Gala
Lucy Maud Montgomery
Evliya Çelebi
Susan Lewis
Sinclair Lewis
Jim Murphy
J. Michael Straczynski
Edgar Wallace
Edward Lear
Barbara Cartland
Ivo Andrić
Alvin Toffler
Tahar Ben Jelloun
Stephen Crane
Anna Quindlen
Terry Goodkind
Terry Brooks
Mary Stewart
James Fenimore Cooper
Edward Albee
Colin Wilson
Susan Mallery
Marion Zimmer Bradley
Stéphane Hessel
Sherman Alexie
Mary Balogh
Andrew Lang
Julie Garwood
James Frey
Nadine Gordimer
Thomas Wolfe
Susan Elizabeth Phillips
Sandra Cisneros
O. Douglas
Kristin Hannah
Mark Victor Hansen
Judith McNaught
Fred Vargas
Rajashree
Nassim Nicholas Taleb
Donna Leon
Kate Chopin
Madeleine L'Engle
Georg Wilhelm Friedrich Hegel
Alex Sánchez
V. S. Naipaul
Johanna Lindsey
Georgette Heyer
Friedrich Hölderlin
Wilfred Owen
Stéphane Mallarmé
Edward Abbey
David Weber
André Maurois
Jane Green
Iris Murdoch
Eugène Ionesco
Diana Wynne Jones
Alfred Jarry
Muriel Barbery
Ian Bremmer
Alex Haley
Patrick White
Jessica Steele
Bernard Werber
Jack Higgins
Nikolai Gogol
Elfriede Jelinek
Bohumil Hrabal
Robert Bloch
Michael Palmer
Marcel Marceau
Geraldine Brooks
Bruce Sterling
Tomi Ungerer
Matthew Quick
Erich von Däniken
Peter Carey
James Herriot
Alice Sebold
John Cheever
Isaac Bashevis Singer
Patrick Süskind
Ann Brashares
Lee Iacocca
Mikhail Bulgakov
Larry Niven
Jane Yolen
Sue Grafton
Sait Faik
Jaspreet Singh
Michael Ondaatje
Matthew Reilly
Eloisa James
Ally Carter
Dennis Lee
Christopher Isherwood
John Norman
Ismet Özel
Harry Harrison
Witold Gombrowicz
Linda Lewis
Michael Bond
Anne McCaffrey
Robert Irwin
Naguib Mahfouz
Ömer Seyfettin
Robert Anton Wilson
Jude Deveraux
Brenda Joyce
Andrew Morton
Maxim Gorky
Lori Foster
John Fante
Garth Nix
Aleksandr Solzhenitsyn
Alan Garner
Tamora Pierce
Stephen Baxter
Louis Sachar
John Osborne
Isak Dinesen
Amanda Quick
Roger Zelazny
Penny Jordan
Daniel Keyes
Richard Yates
Kenneth Grahame
Jack Vance
Hanif Kureishi
V. C. Andrews
Michael Flynn
Maeve Binchy
Kristin Cashore
John Buchan
Janette Oke
James Chapman
António Lobo Antunes
Laurence Sterne
Jason Roberts
James Van Praagh
A. S. Byatt
S.E. Hinton
Kathleen Kane
Beverly Cleary
Jackie French
Vikas Swarup
Tim LaHaye
Patrick O'Brian
Jonathan Lethem
Carole Mortimer
Kim Stanley Robinson
Jasper Fforde
Hugo Claus
Bill Robinson
Atilla Ilhan
Poul Anderson
Katip Çelebi
David Brin
Banana Yoshimoto
William Styron
Neal Shusterman
Junot Díaz
John Marsden
Fred Hoyle
Catherine Coulter
Steven Pressfield
Fritz Leiber
Christopher Hart
Stephanie Laurens
Charlotte Perkins Gilman
Susan Wiggs
Larry McMurtry
Karen Kay
Ann Scott
Tucker Max
John Dos Passos
Stanisław Lem
Luis Sepúlveda
John Wyndham
Greg Palast
Karen Joy Fowler
Halide Edip Adıvar
Frederik Pohl
William Watson
Robert Bly
Gwendolyn Brooks
Charles Stross
Catherine Anderson
Marin Preda
Kevin J. Anderson
David Rees
Barbara Allen
Sarah Kane
Lois McMaster Bujold
Kate Mosse
John Harrington
Theodore Dreiser
Susan King
Robert Munsch
Paul Bailey
Jill Mansell
Graham Jones
Stephen Hunt
Miranda Lee
Mercedes Lackey
John Knowles
Johanna Spyri
James Boswell
David Shannon
Christopher Golden
Charles Kingsley
Martin Gilbert
Lloyd Alexander
Barbara Wood
Timothy Zahn
Mary Pope Osborne
Ian Watson
David Drake
William Black
Victoria Holt
Robert Fulghum
Gene Wolfe
Connie Willis
Jennifer Blake
Robyn Carr
Miguel Ángel Asturias
H. Rider Haggard
John W. Campbell
John Cotton
Piers Anthony
Max Barry
Daniel Kehlmann
Ann Rule
Tim Russert
Sheila Walsh
Rosie Thomas
Lin Yutang
Katie Fforde
Joe Haldeman
Ivan Vazov
Ivan Turgenev
Greg Bear
Andre Norton
Alan Dean Foster
Walter Dean Meyers
Theodore Sturgeon
Robert Goddard
Arnold Bennett
Linda Lael Miller
Jayne Ann Krentz
Dav Pilkey
Conn Iggulden
Anthony Powell
Alison Weir
Malcolm Lowry
John O'Hara
Jerry Pournelle
John Brunner
Gosho Aoyama
Thomas Sullivan
Chuck Klosterman
Mary Norton
Dan Barker
Steven Erikson
Rebecca St. James
Joseph Jacobs
Iain M. Banks
Neal Cassady
Brian Aldiss
Gordon Korman
Ford Madox Ford
Max Allan Collins
Gregory Benford
Carolyn Keene
Michael Gerber
Kim Edwards
John Varley
Harry Turtledove
Anna Sewell
Arnold Lobel
Nancy Kress
Leon Uris
Ramsey Campbell
Barbara Taylor Bradford
A. J. Cronin
Stephen Elliott
Fern Michaels
Catherine Cookson
Terry Davis
Mike Resnick
Margaret Peterson Haddix
Chris Van Allsburg
Brian Jacques
Ben Bova
Alfred Bester
Sabrina Jeffries
Joel Rosenberg
Anne Fine
Martina Cole
Elizabeth Walker
Robert Muchamore
Michael Johns
Keith Roberts
Sharon Kendrick
Robert Sheckley
Max Apple
Tanith Lee
Edna Ferber
Abbie Hoffman
Tim Lucas
H.A. Rey
Fernando Arrabal
Dean R. Koontz
Tony Hillerman
Robert Lawson
Lauren Brooke
Antonia Fraser
Tami Hoag
Robert Crais
Laura Lippman
Glen Cook
Gardner Dozois
Richard Preston
Jack Williamson
Hector Malot
Emma Darcy
Elizabeth Moon
Ridley Pearson
Penelope Fitzgerald
Jean Toomer
Janet Dailey
Bob Shaw
Ron Larson
Jerome David Salinger
Anne Morrow Lindbergh
Alastair Reynolds
P. K. Page
John Lutz
Edith Nesbit
Brian Carter
Barbara Delinsky
Arthur Hailey
Glenn Cooper
Charles de Lint
Carly Phillips
Judith Viorst
Cees Nooteboom
Betty Neels
Tao Lin
Patrick Hamilton
Michael Swanwick
Christina Dodd
James Blish
Peter Høeg
John D. MacDonald
Frédéric Bastiat
Annie Jones
Julian Hawthorne
Lin Carter
Joseph Mitchell
Damon Knight
Thomas Brezina
Robert Peters
Lauren Myracle
Francesca Simon
Robin McKinley
Karen Robards
Joan D. Vinge
Nelly Sachs
Charles Sheffield
C. J. Cherryh
Daniel H. Pink
Simon Reeve
Sandra Marton
Dave Pelzer
C. S. Forester
Algis Budrys
Mordecai Richler
Franklin W. Dixon
David Kessler
Art Linkletter
Alexandre Dumas, père
John Jakes
Daniel Handler
Anne Mather
Tom Sharpe
Peter F. Hamilton
R. Austin Freeman
Philippe Delerm
Len Deighton
Jane Holland
Kurt Vonnegut, Jr.
Steven Brust
Barbara Park
William Peter Blatty
Mary Jo Putney
Howard Fast
Pat Cadigan
David Almond
A. Merritt
Vernor Vinge
China Miéville
Terry Carr
Sharon Creech
Kate Thompson
Fred Saberhagen
Barbara Hambly
Margaret Murphy
Ian Wallace
Malorie Blackman
Jean Plaidy
George Zebrowski
Fredric Brown
Curzio Malaparte
Spider Robinson
Randall Garrett
Maggie Shayne
Catherine Fisher
Peter Dickinson
Clark Ashton Smith
Armistead Maupin
Nevil Shute
Godfried Bomans
Jan Karon
Frank Daniel
Karen Hawkins
Denis Johnson
Alex Ryan
John Barth
George Gissing
Walker Percy
Robert J. Sawyer
Kat Martin
Clifford D. Simak
Hannah Howell
Richard Kemp
Wendy Holden
Arthur Ransome
A. N. Wilson
W. E. B. Griffin
Edmond Hamilton
David Gerrold
Brandon Wilson
John Ostrander
Norman Spinrad
Eric Flint
Joanna Russ
Alex Kava
Jamaica Kincaid
Samuel R. Delany
Lucius Shepard
Hal Clement
Anne Baker
Jack McDevitt
Kate Wilhelm
Elizabeth Lowell
Dennis Cooper
Jenna Black
Eva Ibbotson
Scott O'Dell
Avram Davidson
Jilly Cooper
Elle Kennedy
Andrew Motion
Kay Hooper
Anne Brontë
Ezra Jack Keats
Teresa Medeiros
Sean Covey
Peter Carter
Jon Cleary
Jack Dann
A. E. van Vogt
Murray Leinster
Elizabeth Harrison
William Congreve
Jennifer Echols
Camil Petrescu
Jo Beverley
Georges Courteline
John C. Wright
Stuart Wilde
Mohsin Hamid
Sir Thomas Browne
Lytton Strachey
Julien Green
Athol Fugard
Leigh Brackett
Wladimir Kaminer
Keith Laumer
Joel Chandler Harris
Jack Finney
Walter Brueggemann
Mark Helprin
Jack Miles
Gail Carson Levine
Connie Mason
Carol Higgins Clark
Robert Asprin
August Derleth
MaryJanice Davidson
Calvin Trillin
Steven Barnes
Ron Roy
Raymond Khoury
Henry Kuttner
Scott Shaw
Katherine Kurtz
Erskine Caldwell
Robert C. O'Brien
Deborah Ellis
Nancy Farmer
Vicki Lewis Thompson
Marie Ferrarella
Jon Fosse
Clement Clarke Moore
Anthony Boucher
Sait Faik Abasıyanık
Jerzy Kosinski
Oliver Lodge
S. M. Stirling
Russell Hoban
Rudy Rucker
Bruce Coville
Lawrence Watt-Evans
Steve Alten
Gustav Meyrink
Lynn Toler
Susan Andersen
Raymond Feist
Laura Numeroff
Karen Traviss
Hugh Lofting
Howard Waldrop
William Winter
Greg Egan
Alexandre Dumas, fils
Lysander Spooner
Suzanne Enoch
Kathleen E. Woodiwiss
Judith Krantz
Jo Clayton
Gordon R. Dickson
Julian May
Abraham Ortelius
Marjorie Kinnan Rawlings
Jean Le Rond d'Alembert
L. Sprague de Camp
Emilie Richards
Cynthia Ozick
André Franquin
Laurent Gaudé
Paul Muldoon
Glen A. Larson
Robert McCloskey
Patricia Kay
Octavia E. Butler
John Taylor Gatto
Anita Loos
Robyn Donald
Charlotte Lamb
Barbara McMahon
Anne McAllister
Madame de La Fayette
J.T. Ellison
David Langford
Bertrice Small
Kenneth Oppel
E. L. Konigsburg
Day Leclaire
Olaf Stapledon
J. P. Martin
Charles L. Grant
William R. Forstchen
Josephine Cox
D. J. MacHale
Norman Douglas
Jerry Ordway
Jacob Abbott
Forrest J. Ackerman
Carla Kelly
Troy Denning
Kenneth Goldsmith
Ishmael Reed
Christopher Paul Curtis
William Ellery Channing
Robert Charles Wilson
Ben Marcus
William Walker Atkinson
John Sawyer
Douglas Hill
Dennis Wheatley
Candace Camp
Patricia MacLachlan
Agota Kristof
Stacey Levine
Peter Abelard
Steve Erickson
Jean Craighead George
Stephen Dixon
Harry Browne
Charles Beaumont
Jean Auel
Jane Feather
Iris Chang
Frances Burney
Andrew Vachss
Norton Juster
Ken MacLeod
Alev Alatlı
Anna Jacobs
Rumer Godden
Gene Stratton Porter
Ron Goulart
Marguerite Henry
Hugo Gernsback
Peter Härtling
LaVyrle Spencer
Philip José Farmer
Margery Williams
Caroline B. Cooney
Yoshiyuki Tomino
Terry Southern
Onat Kutlar
Nevada Barr
Marcia Brown
Bill Peet
Belva Plain
Ahmet Hamdi Tanpinar
Aaron Allston
Virginia Henley
Michael A. Stackpole
Lynne Reid Banks
James Oliver Curwood
Hubert Selby Jr.
Walter Jon Williams
Sarah Holland
Kate Grenville
Ignacy Krasicki
Grace Livingston Hill
Enis Batur
Shannon Drake
Liz Carlyle
John Creasey
Jean de Brunhoff
Cordwainer Smith
Conrad Aiken
M. John Harrison
James Tiptree, Jr
Terry Bisson
Anita Brookner
Celeste Ng
William Gaddis
Caroline Fleming
Joan Johnston
Barbara Pym
Karen Hesse
Saadat Hasan Manto
James Branch Cabell
Jerry Pinkney
Andrew Greeley
Rosemary Rogers
Jodi Thomas
Will Shetterly
Thomas M. Disch
Lawrence Scott
Eileen Wilks
Zenna Henderson
Louis Bromfield
Paula Danziger
Lester del Rey
Ian Frazier
C. L. Moore
Richard Manning
Patricia C. Wrede
Elizabeth Thornton
Ann-Marie MacDonald
Lester Dent
Gayle Lynds
Steve Almond
Richmal Crompton
Rebecca York
Celia Rees
Bernhard Grzimek
Reginald Bretnor
Karyn Monk
Ruth Hamilton
Pamela Sargent
Leigh Michaels
Kate Douglas Wiggin
Francis Ray
Allen Steele
Al Sarrantonio
Mariah Stewart
Héctor Abad Faciolince
Edwin A. Abbott
Barry Gifford
Richard Zimler
Dag Solstad
Brian Glover
Angus Wilson
Ahmet Vefik Paşa
Diana Morgan
Rudolfo Anaya
Marcel Ayme
Lynn Abbey
Hendrik Willem van Loon
Dorothy Wordsworth
Barbara Sher
René Barjavel
Gillian Cross
David Vernon
K. A. Applegate
Andrea Kane
William F. Nolan
Karen Rose Smith
Dean Ing
Qiu Xiaolong
Brian Daley
Pat O'Shea
Gail Godwin
Elmer Kelton
Caryl Phillips
William Kent Krueger
Les Roberts
James Brock
Owen King
Gina Wilkins
Sabine Baring-Gould
James P. Hogan
Aidan Chambers
Nuruddin Farah
Lori Copeland
John Newbery
E. Lynn Harris
Carolyn Cooper
Adele Parks
Stephen R. Lawhead
Kage Baker
Jill Barnett
Connie Brockway
Charlotte Zolotow
Carole Nelson Douglas
Germano Almeida
Chuck Black
Munro Leaf
Liz Kessler
Katherine Stone
Johann Gottfried von Herder
Clive Sinclair
Anya Seton
Barry Malzberg
Lynn Kurland
Janelle Taylor
Christie Ridgway
John Maxwell Coetzee
Sebastian Haffner
R. A. Lafferty
K. W. Jeter
John C. Dvorak
Betty MacDonald
William Tenn
Michael Shaara
Mary Gentle
Laura Matthews
Christopher Stasheff
Ajmal Khattak
Martha Wells
Amanda Craig
Kai Zen
K. M. Munshi
Juan Benet
Jacqueline Diamond
Cassie Edwards
Susan Wittig Albert
S. J. Rozan
Mack Reynolds
Jacob and Wilhelm Grimm
W. Richard Stevens
Douglas Reeman
Charles Brockden Brown
Robert Menasse
Richard Montanari
Nancy John
Montague Summers
Judith Michael
George Alec Effinger
Elizabeth Bevarly
David Gauthier
Pedro Juan Gutiérrez
Kay Boyle
Allen Say
Susan Krinard
Edward Gibson
Agustín Yáñez
Virginia Lee Burton
Trenton Lee Stewart
Roger MacBride Allen
Mary Doria Russell
John Sladek
Bruno Frank
Daniel Pinkwater
Paul Levinson
Judith Merril
Isobelle Carmody
C. E. Murphy
Thomas B. Allen
Jill Paton Walsh
Jane Urquhart
Herman Charles Bosman
Annette Broadrick
Kate Lace
James Kelman
Chris Flynn
Bryan Burrough
Thomas Fink
Ted Chiang
Tabitha King
Susan Coolidge
Stanley Schmidt
Amelia Atwater-Rhodes
Suzanne Robinson
Mary Mapes Dodge
Thomas D. Clark
John Bellairs
Frank R. Stockton
Francis Durbridge
Catherine Asaro
Wilson Tucker
William H. Gass
Patricia Gaffney
Emily Hahn
Dennis Kennedy
W. P. Kinsella
Norman Collins
Mark Clifton
Carola Dunn
Borislav Pekić
Barbara Michaels
Yevgeny Zamyatin
Charlotte MacLeod
Philippa Carr
Theodore H. White
Cathy Gillen Thacker
Enid Bagnold
Andrea Barrett
John Dalmas
Earl Derr Biggers
Elizabeth Jane Howard
Dan Roodt
Jack L. Chalker
Pamela Dean
Simon Lake
Donald J. Sobol
Alexei Panshin
John Edgar Wideman
Buchi Emecheta
David Markson
Yusuf Akcura
Robert Thurston
Angela Elwell Hunt
Louise Bagshawe
L. E. Modesitt, Jr.
Jean Lorrah
Lee Spence
Peter Pohl
Jerry Ahern
Roger Elwood
James Bateman
Milorad Pavić
Charles Pierre Baudelaire
Marilyn Singer
Jeanne-Marie Leprince de Beaumont
E.J. Montini
E. Annie Proulx
Wayne Ray
Jeffrey Carver
Damien Broderick
Rochelle Alers
Joan Wolf
Christopher Bird
Howard Norman
Pamela Wallace
Ruth Owen
Susan Sizemore
Dorothy Garlock
Christopher Hinz
Patricia Wrightson
Marion Chesney
Mark Kemp
Janaki Ram
Annie Groves
Pat Warren
Alicia Scott
Kathleen Eagle
Elizabeth Buchan
George Clayton Johnson
Ron Silliman
Frank Yerby
Ann Turnbull
Lucy A. Snyder
Leo Africanus
Eric Frank Russell
Paul Preuss
Walter M. Miller, Jr.
Deb Baker
David Anthony Durham
Walter Tevis
Lou Harry
Dixie Browning
Lisa Appignanesi
Walid Soliman
Steve Rasnic Tem
Jeff Noon
William H. Armstrong
Helen Cresswell
C. S. Friedman
R. Scott Bakker
Fanny Fern
Robin Schone
John Stroud
Meagan McKinney
Al Purdy
Sarah Zettel
Ethel Turner
Shirley Hazzard
Jillian Hunter
Joseph Joffo
James Bovard
Kate Klise
Joan Slonczewski
Jasmine Cresswell
David Wingrove
Rosemary Edghill
Don Herold
Johanna Sinisalo
E. J. Pratt
Christopher Rowley
Blue Balliett
L. Neil Smith
Mark Tompkins
Donald A. Wollheim
Jenny Oldfield
Havank
Ken Grimwood
David Zindell
William Ralph Inge
H.L. Gold
Suzette Haden Elgin
Ruth Ryan Langan
Jenny Uglow
Michele Bardsley
Kate Cary
Janwillem van de Wetering
Barbara G. Walker
Apostolos Doxiadis
Damian Conway
Eugene Sledge
Biyi Bandele
Nigel Tranter
Angus Donald
Abdelkrim al-Khattabi
Kathryn Ptacek
Arnette Lamb
Miranda Jarrett
Kathryn Ptacek
Esther Forbes
Ward Moore
Zilpha Keatley Snyder
Robert F. Young
Jessica Zafra
Faith Baldwin
Doug Beason
Daniil Kharms
Said Achtouk
Karen Anders
Alfred Lansing
Christina Paul
André Aciman
Sally Beauman
Enheduanna
Claire Rayner
Thomas DiLorenzo
Charlotte Bingham
Alexandra Sokoloff
Catherine Webb
Wallace West
Elliot Paul
Peride Celal
Robert Abernathy
Margaret St. Clair
Katherine Maclean
Caroline Paul
Niyi Osundare
Marc Abrahams
Helmut Krausser
Bernard Waber
Robyn Scott
Daniel Terdiman
Stuart Dybek
Sarah Singleton
Otto Maria Carpeaux
Patrick Tilley
Elizabeth Keckley
Anne Manning
Catherine Gaskin
Allen French
Alex Stuart
Jennifer Archer
Elinor Lipman
William Heinesen
Thomas Nixon
Darko Macan
John Gibson Lockhart
Rebecca Sinclair
Tom Terry
Giles Kristian
Fred Gipson
Renee Roszel
Jerome Bixby
Diane Pearson
Thom Jones
Judith Gould
Heather Graham Pozzessere
Alan E. Nourse
Elizabeth Enright
James P. Blaylock
Nicholas Fisk
Roberta Gellis
Nancy Taylor Rosenberg
Charles Pellegrino
A. Bertram Chandler
Geoffrey Grigson
Caroline Harvey
Kathleen Winsor
Romesh Gunesekera
Jacques Poulin
Ernest Haycox
Jill Marie Landis
Jerry Sohl
Chet Raymo
Adelle Davis
Carol Matas
Eliot Pattison
Ashley French
William Sleator
Jon Courtenay Grimwood
Denise Robins
Sheila Burnford
Paul J. McAuley
Kathy Tyers
Wayne Federman
Lizzie Velásquez
Abby Gaines
Rene Villanueva
James H. Schmitz
Andrew Mango
Rosa Guy
Ian R. MacLeod
ZZ Packer
Somtow Sucharitkul
Helen Bannerman
David Hackworth
V.A. Stuart
Millosh Gjergj Nikolla
Gwyneth Rees
Jack Womack
Mo Foster
Edgar Pangborn
Linda O. Johnston
Paula Byrne
Ruth Jean Dale
Ann Bannon
Tom Reamy
Michael Kenyon
Jo Barrett
Wayne Thomas Batson
Robert Newton Peck
Jean Edward Smith
Kenzaburō Ōe
Allan W. Eckert
Mark Lindquist
Andrea Cagan
Rudolph Wurlitzer
H. R. Williams
Robert Priest
Darin Strauss
Julie Elizabeth Leto
Tom Godwin
Jennifer Wilde
Alfred Aho
Ronald Firbank
Earl Lovelace
Judith Pella
Linda Nagata
Ryūnosuke Akutagawa
Threes Anna
Michael Z. Williamson
Laurence Manning
Roberto Quaglia
Marguerite de Angeli
Rhoda Broughton
Dougie Brimson
David D. Friedman
Joel Shepherd
Gabriel Okara
Penelope Williamson
John S. C. Abbott
Essie Summers
Stanley G. Weinbaum
John D. Fitzgerald
David Graham Phillips
Irving Johnson
Sam Moskowitz
Patricia Grasso
Władysław Tatarkiewicz
Tom Spanbauer
Lynne Barrett
Charlotte Vale Allen
Sergio Troncoso
D. F. Jones
Anatole Broyard
Pierre Beaumarchais
Phyllis Gotlieb
Kōbō Abe
Arthur Osborne
Alexander Masters
Jan Axelson
Dornford Yates
Margot Early
Alfred John Church
Raymond F. Jones
Will Cuppy
Meg Waite Clayton
Christopher Anvil
Anthony Buckeridge
Lionel Fenn
Randall Kenan
Helen Forrester
Douglas S. Freeman
Peter Blauner
Sir Walter Besant
Geoffrey Trease
Nick Sagan
Lynda Page
George O. Smith
Anna Kavan
Jhaverchand Meghani
Patricia Maxwell
Henry Hart Milman
Muhammad Ibn al-Habib
Edwin E. Smith
Daniel F. Galouye
Penelope Farmer
Claudia Dain
Bruce Holland Rogers
Brenda Hiatt
Abdulrazak Gurnah
Barbara Dawson Smith
Lena Kennedy
Eloise Jarvis McGraw
Mary Cholmondeley
Frederick Rolfe
Armstrong Sperry
Kathleen Baldwin
Anu Garg
Stanley Booth
Katherine Sutcliffe
Henry Kingsley
Bryant H. McGill
Dejan Stojanović
Maureen F. McHugh
Sandra Kitt
Mohammed Ben Brahim
Robert L. Forward
Frederick Nolan
Dafydd ab Hugh
Cory Panshin
Arthur Bradford
Nirad C. Chaudhuri
Leslie McFarlane
Janusz A. Zajdel
Judith Ivory
Ivan Southall
Jeanne Wakatsuki Houston
Charles Harness
Richard Lockridge
Simon Ings
Dave Crenshaw
Antonio de Trueba
Thomas N. Scortia
Arlo Bates
Iris Gower
Sheila Holland
Geralyn Dawson
Hanne Blank
Janette Turner Hospital
Charles Chilton
Sergey Lukyanenko
Ola Rotimi
Alice Fulton
Theresa Weir
Hayford Peirce
Malcolm Saville
Melinda Wright
Steve Augarde
Pauline Melville
Gerina Dunwich
Cyril M. Kornbluth
John Taine
Chris Culver
Delia Parr
Ömer Sevinçgül
Andrew Crumey
Roland C. Wagner
Doris Piserchia
Xue Xinran
Steve Rizzo
Nicholas Kulish
Emmanuel Dongala
Denton Welch
Burton Silver
Jessie Chandler
Henry Treece
Shiva Naipaul
Mary Bly
Simon Cheshire
Pauline Clarke
William K. Hartmann
Steven D. Waldman
Kira Peikoff
Nick Catalano
Iris Rainer Dart
Shelley Tanaka
Ahmed Benchemsi
Milton Abramowitz
Gary Shipman
Eleanor Cameron
Kenneth Walton
Groff Conklin
Lynne Rae Perkins
Jeri Westerson
Pamela Travers
Eando Binder
Jan Narveson
Edward Jablonski
Alan Downs
James Alan Gardner
Wallace Breem
James Ramsey Ullman
Gladys Taber
Amit Offir
Richard Elliott Friedman
Richard Maybury
Peter Corey
Lucia St. Clair Robson
Paul Guimard
August Blanche
Francesca Wright
Barry B. Longyear
Dorothy Hewett
Claire Lorrimer
Julian Rathbone
Janet Asimov
Burl Barer
Richard Paul Russo
Anurag Anand
Jacqueline Lichtenberg
Fred Mustard Stewart
Deb Marlowe
Rennie Davis
Lucy M. Boston
Rick Law
Jeffrey Guterman
David Feintuch
Sarojini Sahoo
Ram Sharan Sharma
Harold Norse
Rossiter Johnson
K. D. Wentworth
Mary Hallock Foote
Gerald A. Browne
Colin Kapp
Millie Criswell
Hardie Gramatky
Geoffrey Landis
Karen Platt
James Robert Baker
Edward Blishen
Laurel O'Donnell
Sharon Pollock
Peter Danielson
Stephen T. Chang
Harriet Gray
Barbara Levick
Shūsaku Endō
P. Schuyler Miller
Amanda Filipacchi
Ibn Bajjah
Eugene Jolas
Jose Dalisay, Jr.
Denys Cazet
David Lassman
Lawrence Riley
Ed Hooper
Michael O. Tunnell
Richard Michelson
Merrill Jensen
Jane Leslie Conly
Donna Milner
Deborah Todd
Matthew Stadler
Kwei Quartey
Jill March
Lionel Curtis
Jill Christian
Geoffrey Marsh
Debra Weinstein
Uma Krishnaswami
Jacob M. Appel
Raymond Fraser
Mohammed Benzakour
May McGoldrick
Kimmo Lehtonen
Jack Lait
Franco Mimmi
Rakel Helmsdal
George Lippard
Max Crawford
Shirl Henke
Josie Dew
Fitz Hugh Ludlow
Caroline Courtney
Julio Carreras
T. R. Pearson
Marc MacYoung
Cristina Marcano
William Stearns Davis
Gisela Elsner
Mary Ruwart
Robert McAlmon
Maris Soule
Lee Duran
Brian Callison
Mark Roeder
Mohammed Bennis
Henry Hasse
Joanne Stepaniak
Rosie Malek-Yonan
Kristi Brooks
Brian Cleeve
Brandon Mendelson
Donald J. Wheeler
Kevin Prufer
Ruth Frances Long
Françoise de Graffigny
Roy Heath
John R. Tunis
Frederick Philip Grove
Patricia Robins
Douglas E. Wright
Raymond Z. Gallun
Anthony Neil Smith
Eleanor Hallowell Abbott
William J. Whalen
Paul Berna
Minae Mizumura
Denys Watkins-Pitchford
Pam Withers
Ross Rocklynne
Raymond A. Palmer
Ross Laidlaw
Deborah Mathis
Daniel Poliquin
Horace Bell
Randall Frakes
Daniel Keys Moran
Stephen Birnbaum
K. Sello Duiker
Alireza Jafarzadeh
Marvin Kitman
Harry Lawton
Edwin Waugh
Ellis Amburn
Michal Šanda
Alexander Shirvanzade
Julia Kane
Constance Heaven
Ali Bourequat
Ginny Rorby
Elisabeth Ogilvie
Vivian Stuart
Ibn Juzayy
William Shunn
Serena B. Miller
Donald Moffitt
Emma Helen Blair
Duncan Lunan
Shanna Hogan
Ahmad Ibn al-Qadi
Len Peterson
Donald Grant Mitchell
Diana Blayne
Richard S. Shaver
M. E. Atkinson
Jane Louise Curry
Ahmad ibn Ajiba
Wilton Barnhardt
Kenneth S. Deffeyes
Peter Lourie
Stanton A. Coblentz
William Stuart Long
Tony Rothman
TA Sullivan
Abdelmajid Benjelloun
Sharron McClellan
Joseph Alexander Altsheler
Dennis Lynds
Catharine Sedgwick
Harry de Windt
Frank L. Holt
Don Bendell
Constance O'Day-Flannery
William F. Temple
Harriet Doerr
Joan Phipson
Jan Marcussen
Melanie Rae Thon
Lawrence Shainberg
James Russell Miller
Fulvio Melia
Allison Hedge Coke
Meriol Trevor
Rina Brundu
Nelson S. Bond
T. J. Bass
Neel Doff
Abe Goldstein
Bronwen Wallace
Hubert Kennedy
Dary Matera
Leila Abouzeid
Lori L. Lake
Laura Jean Libbey
Mordecai Roshwald
Timothy Fish
Sheila Coates
Rick Bayan
Stella March
Michael Wiesenberg
Hans Aanrud
Brenda Clough
Robert Zend
William Pène du Bois
R.C. Hutchinson
Marek Oramus
Elsie J. Oxenham
Eleanor Burford
Ross Lockridge, Jr.
Rachel Zadok
Nancy Buckingham
Abel Pardo
Isaac Alfasi
Alamgir Hashmi
Joseph Bathanti
Indra Bahadur Rai
George F. Ellis
Phaswane Mpe
Nat Schachner
Kama Sywor Kamanda
Sandra Scofield
Dunash ben Labrat
George John Whyte-Melville
Peter Schechter
Vincent Brome
Tony Barrell
Mary Treadgold
Margaret Bechard
Fiona Finlay
Kari-Lynn Winters
Olga Nolla
William Upski Wimsatt
Paul Marlowe
Jessica Gregson
Hans Herbjørnsrud
Evelyn Ward Everett-Green
Antonia Forest
Leonard Kip
Herbert L. Becker
Wolfgang W.E. Samuel
Todhunter Ballard
James Hearst
Eleanor Spence
Tamar Yellin
Heðin Brú
Clement Wilson
Jean-Paul Crespelle
Evelyn Whitaker
Suzanne Lieurance
Lisa Tolliver
Eric J Barnes
Timothy Holme
Sarah Burney
Leo Margulies
Sylvia Thorpe
Esther Bendahan
William Roger Paton
Louis C. Hunter
Izya Shlosberg
Terry W. Burns
Richard Forno
Luiz Duarte da Rocha
Hester Burton
James Francis Cooke
Mirza Adeeb
Ernesto Quiñonez
Cork Graham
Charles E. Silberman
Caroline Vernon
Ken Kuhlken
James Sites
Delilah L. Beasley
James Clancy Phelan
Adam Wiśniewski-Snerg
Marie-Elena John
Agnes Herbert
John Skoyles
Boris and Arkady Strugatsky
Betty Berzon
Ellalice Tate
Martin Ebbertz
Ray Buttigieg
Ibn Idhari
Laurence Janifer
Jean Overton Fuller
Anne Rudloe
Albrecht Behmel
Benjamin Sehene
Robert Citino
Sinikka Laine
Kathleen Kellow
Edmund Leamy
Christopher Kasparek
Hasan Bülent Paksoy
Srđan Srdić
Elbur Ford
Will C. Barnes
Kathryn H. Kidd
Ahmed ibn Nasir
Mohammed Ibn Amr
Isaac Pardo
Jovica Tasevski-Eternijan
Lydia Hitchcock
Xavier Waterkeyn
Ibn Ghazi al-Miknasi
Mark Budman
Christopher Abani
Miha Remec
José Luis Rodríguez Pitti
Jack C. Haldeman II
Laarbi Batma
Mohammed Achaari
Marcus J. Goldman
Ilkka Tuomi
David Scott Daniell
Pawlu Aquilina
Barbara C. Freeman
A. N. Prahlada Rao
Bruce Barrymore Halpenny
Susan Clymer
Tanwir Phool
Mark S. Geston
Andrew Murray Scott
Susan Bulkeley Butler
Marguerite Hamilton
Tad Waddington
Robyn Stuart
Ibn Abi Zar
Anna Percival
Joshua Ozersky
Wyman Guin
Gabriella De Ferrari
Alice Chetwynd Ley
Hakim Syed Zillur Rahman
Clare Cavendish
Ralph Chubb
Phil Janes
C. M. Eddy, Jr.
P.J. Brooke
Bayo Ojikutu
Katy Currie
Siham Benchekroun
Gerard Windsor
Jeffrey E. Barlough
Louis Émond
Alexander Aaronsohn
Maja Apostoloska
Hilary London
Rafal A. Ziemkiewicz
Rajae Benchemsi
Margaret Marshall Saunders
Ahmad ibn Idris al-Fasi
Dutch Rhudy
Jon Haylett
William Gershom Collingwood
Kirstin Thompson
Ethel Pedley
ArLynn Leiber Presser
Michael Szameit
T.L. Sherred
Esther Delisle
Elgin Groseclose
R. Foster Winans
Kurt Boone
Alexis A. Gilliland
Kieron Connolly
Wendy Coakley-Thompson
Togara Muzanenhamo
Nathalie Gassel
Ranj Dhaliwal
Ibn al-Banna al-Marrakushi
Ali ibn al-Qattan
M. F. Korn
Daniel C. Juster
Veli Karahoda
Jeffrey A. Nesbit
Rajender Sethi
Mohammed ibn Tumart
Alasdair Alpin MacGregor
Angie Chabram-Dernersesian
Emily Colas
Tewfik Allal
Sharon Tregenza
Saurabh Dudeja
Grazyna Miller
Anne Rouen
Michael Alfred Peszke
Marjun Syderbø Kjelnæs
Allan R. Bosworth
Birbal Jha
Birbal Jha
Walter Scott Story
Ibn al-Yasamin
Christina Abbey
Ahmed Bouzfour
Abdeslam Ben Mchich
Lavinia R. Davis
Robert Anwood
Nirpal Singh Dhaliwal
Ted Plantos
Andrej Amalrik
Lawrence Jarach
Mohammed al-Idrisi
Harold Sonny Ladoo
Zoe Cass
Mildred Grieveson
Lois Kleinsasser
Mohammed ibn Hajj al-Abdari al-Fasi
Ibn Shuayb
Nicolaas Vergunst
Johnny Lovewisdom
Bhabananda Deka
Harilal Upadhyay
Norrey Ford
Capt. S.P. Meek
Edmund Snow Carpenter
Victor Heck
Erica Quest
Satyabrata Rai Chowdhuri
Perry T. Ryan
Meralda Warren
Libby Rees
John Edward Jennings
Amita Kanekar
Mohammed Suerte Bennani
Latifa Baka
Thomas Toughill
Frederick Sadleir Brereton
Harriet Theresa Comstock
Sachchidananda Hirananda Vatsyayana
Jose Luis Rodriguez Pitti
Javier Abril Espinoza
Abd Allah ibn Azzuz
Christopher Largen
Hervey Hamilton
Berechiah ha-Nakdan
William Direen
Mohammed ibn Rushayd
Marianna Debes Dahl
Abd as-Salam al-Alami
Mac Sebree
Yusuf Has Hajib
Constance Fecher
Anthony Faramus
Tilly Armstrong
George Frederick Abbott
Leslie Bonnet
Thomas Lindsay Buick
Juan José Videgain
Carlo "Collodi" Lorenzini
Nerida Newton
James V. Downton
Ada Jafarey
Kaddour El Alamy
Aleksandar Ziljak
Jacob Pardo
Compton N. Crook
Denise Chesterton
Malik ibn al-Murahhal
Lois Paxton
Abd al-Qadir al-Fasi
Khnata Bennouna
Eugeniusz Zytomirski
Susanna Roxman
Abu al-Abbas al-Azafi
Ibn Zaydan
Qurratulain Haider
Simcha Liberman
Paul B. Lowney
Arnab Jan Deka
Rhoda Shipman
Mohammed al-Abdari al-Hihi
Ibn al-Wannan
Holdemar Menezes
Raphael H. Cohen
Mohammed ibn Nasir
Khwaja Muhammad Latif Ansari
Damian Marrett
Harold H. Carstens
Abu Abdallah ibn Askar
Robert Lissauer
Peng Kiong Chou
Christina Merlin
Jimmy B. Bedford
Susan S. Kyle
Cardine Fleming
Mohammed Akensus
Abd al-Qadir ibn Shaqrun
Tarik Gunersel
Stevan Ognenovski
Ali Azaykou
Abu Imran al-Fasi
Khnata bent Bakkar
Guðrið Helmsdal
Meshullam Feivush Heller
Zillur Rahman John
Mohammed ibn Idris al-Amrawi
Hamdun ibn al-Hajj al-Fasi
Friedrich Neznansky
Ahmad ibn Munim al-Abdari
Ibn al-Khabbaza
William B. Ellern
Ahmad al-Tayyeb Aldj
Mohammed ibn Adjurrum
Ronald James Marsh
Kit Dealtry
Leopold Hartley Grindon
Alexandra Motschmann
Abd al-Wahhab Adarrak
Mor Altshuler
Frederick Bert Vickers
Ahmad ibn Hamdun ibn al-Hajj
Judah ben Nissim
Lisa Rose Apramian
Benjamin Nottingham Webster
William Bueller Seabrook
Bilkisu Funtuwa
Kirit Shelat
Abu al-Abbas as-Sabti
Edward Wyke Smith
Bergtóra Hanusardóttir
Ismail ibn al-Ahmar
Mohammed al-Ifrani
Mohammed al-Arbi al-Fasi
Abu Muqri Mohammed al-Battiwi
Mohammed ibn Zakri al-Fasi
Tania Langley
Daphne Pochin Mould
Najiba Ahmad
Suzy Rice/Susan Elizabeth Rice
Idriss al-Amraoui
Abu Jafar ibn Atiyya
Mohammed ibn al-Tayyib al-Alami
Mohammed Awzal
Qadi Ayyad ben Moussa
Mohammed al-Tayyib ibn Kiran
Ali ibn Harzihim
David ben Abraham al-Fasi
Mohammed ibn Abd as-Salam ibn Nasir
Joseph Seamon Cotter, Sr.
Kathleen Clarice Groom
Eran Ben-Shahar
Augusten Xon Burroughs
Edward "Ted" Delaney
Abu Salim al-Ayyashi
Charles Hopel Brown
Martin Stanislaus Brennan
Mohammed al-Tawdi ibn Suda
Johanan Luria
Sophie Leyton
Mohammed al-Baydhaq
Meta Truscott
Idriss ibn al-Hassan al-Alami
Dorothy Mackie Low
Christian Walford
Zechariah Aghmati
Simeon Simev
Mohammed ibn Mohammed Alami
Mohammed ibn Qasim ibn Zakur
Josephine Clifford McCracken
Mrs. Riazuddin
Alexander Süsskind of Grodno
Abd al-Haqq al-Badisi
Garrison W. Wynn
Jacob Vita Pardo
Alasdair and Hettie Tayler
Jorge H. Queirolo
