#@board games
13 dead end drive
1313 dead end drive
18xx
221b baker street
30 seconds
7 wonders
a game of thrones
abalone
about time
acquire
acronymble
adel verpflichtet
afrikan tahti
agon
agricola
air charter
aksharit
aladdin's dragons
alhambra
drag strip
alias
american megafauna
amun-re
anti-monopoly
apples to apples
arkham horror
articulate
ashta chamma
attack
auf achse
australia
axis and allies
backgammon
balderdash
bang
barbarossa
battle sheep
battleship
battlestar galactica
bezzerwizzer
blankety blank
blockade
blockhead
blokus
blood bowl
blue max
bonkers
bookchase
brain chain
brainstorm
break the safe
buccaneer
buckaroo
bul
camel up
camelot
camp granada
can't stop
candy land
candyland
capitol
carcassonne
careers
caribbean
carrom
cartagena
castle risk
catan
caylus
chapayev
checkers
chess
chicken cha cha cha
chinese checkers
chromino
chutes and ladders
cirkis
civilization
clans
clue
cluedo
concept
connect four
conspiracy
coppit
cosmic encounter
cranium
crash
crokinole
cross and circle game
crosstrack
daldos
dark tower
dart wars
dead of winter
diamant
die macher
diplomacy
dixit
djambi
domaine
dominion
don't break the ice
don't miss the boat
don't quote me
don't wake daddy
doom
dorn
downfall
drunter und druber
dune
dvonn
eclipse
el grande
elfenland
enchanted forest
entdecker
escape from atlantis
evo
fanorona
farlander
figure it out
finance
fireball island
focus
forbidden bridge
formula de
freedom
fresco
game of the generals
game of the goose
ghettopoly
ghosts
gifttrap
giganten
gipf
girl talk
gnip gnop
go
great train robbery
gridiron master
guess who?
hare and hounds
hare and tortoise
heroscape
hex
hi ho cherry-o
hijara
history of the world
hotels
hungry hungry hippos
husker du?
i'm the boss
imperial
indigo
ingenious
inkan aarre
isola
janggi
java
jenga
journey through europe
junta
kobenhavn
kalah
kamisado
kerplunk
khet
kill doctor lucky
king of tokyo
king oil
kingdoms
kolejka
krazy maze
landslide
las vegas
le havre
le jeu de la guerre
life
liu po
logo
lord of the rings
lords of waterdeep
lost cities
luck of the draw
ludo
lowenherz
mad gab
magnetx
mahjong
malefiz
mall madness
manhattan
master labyrinth
master mind
mastermind
masterpiece
medici
medina
mensch argere dich nicht
merchant of venus
mexica
mine a million
mississippi queen
modern art
monopoly
mouse trap
niagara
nine men's morris
obsession
okey
omega virus
operation
othello
outrage
punct
pack and stack
pandemic
parcheesi
parques
patolli
pay day
perfection
personal preference
pictionary
pirate's cove
plateau
polarity
poleconomy
power grid
primordial soup
princes of florence
puerto rico
quarto
quoridor
qwirkle
ra
rail baron
rappakalja
razzia
ricochet robots
risk
risk 2210 ad
rithmomachy
rivers, roads and rails
roborally
rummikub
rummoli
sahkku
saint petersburg
samurai
san marco
scattergories
scene it
scotland yard
scoundrels of skullport
scrabble
senet
sentinels of the multiverse
sequence
settlers of catan
shadow hunters
shadows over camelot
shogi
shogun
samurai swords
skirrid
small world
snakes and ladders
solarquest
sorry
space alert
space hop
space hulk
splendor
spy alley
squatter
starcraft
stock ticker
strange synergy
stratego
subbuteo
sugoroku
summit
super quiz
tablut
taj mahal
take it easy
take off
takeover
tantrix
teg
terra mystica
game of life
great train robbery
settlers of catan
through the desert
thurn and taxis
ticket to ride
tigris and euphrates
tikal
timberland
time's up
titan
top secret spies
torres
totopoly
tracks to telluride
transamerica
transformers
trivial pursuit
trouble
tsuro
tsuro of the seas
twilight imperium
twilight struggle
twister
tab
ubongo
uncle wiggily
uno
upwords
vanished planet
villa paletti
vinci
war on terror
wari
x-com
xiangqi
yahtzee
yinsh
yut
zertz
zombies
