#@body parts
abdomen
abs
adam's apple
adrenal glands
alleles
ankle
anus
anus	
appendix
arch
arm
armpit
arteries
artery
back
bdomen
beard
belly
belly-button
biceps
bile
bladder
blood
body
bone
bone marrow
bones
bosom
brain
brains
breast
breasts
bronchi
bulbourethral glands
butt-cheek
buttock
calf
capillaries
capillary
cell
cerebellum
cervix
cheek
chest
chignon
chin
chromosomes
claw
clitoris
colon
cortex
cranium
cuticle
dandruff
diaphragm
dimple
dna
ear
eardrum
earlobe
ears
elbow
epidermis
esophagus
eye
eyebrow
eyelash
eyelid
eyes
face
fallopian tubes
finger
fingernail
finger nails
fist
flesh
foot
forearm
forehead
foreskin
gall bladder
gallbladder
gametes
genitals
gland
groin
gum
hair
hairdo
hair follicle
hand
head
heart
heel
hip
hypothalamus
incisors
index finger
interstitium
intestine
iris
jaw
joint
joints
jugular
kidney
kidneys
knee
kneecap
knuckle
large intestine
larynx
leg
ligament
ligaments
lip
lips
liver
lung
lungs
lymphatic vessel
lymph nodes
mammary glands
mandible
mesentery
moustache
mouth
muscle
mustache
nail
nails
nasal cavity
navel
neck
neckline
nerve
nerves
nipple
nose
nostril
occiput
oesophagus
organ
ovaries
ovary
overbite
ovum
palate
palm
pancreas
parathyroid glands
penis
pharynx
phlegm
pineal gland
pinkie
pituitary gland
placenta
prostate
pubis
pulse
pupil
pus
quadriceps
queen
rectum
rib
ribs
ring finger
saliva
salivary glands
scalp
scrotum
seminal vesicles
shin
shoulder
shoulder blade
sideburns
sinus
skeletal muscles
skeleton
skin
skull
small intestine
snout
sole
spinal cord
spine
spleen
sternum
stomach
stool
subcutaneous tissue
sweat
teeth
temple
tendon
tendons
testes
testicle
thigh
thorax
throat
thumb
thymus gland
thyroid
toe
toenail
toes
tongue
tonsil
tonsils
tooth
trachea
umbilical cord
under bite
ureters
urethra
urine
uterus
uvula
vagina
vas deferens
vein
veins
vena
vertebra
vestigial organ
voice
vox
vulva
waist
wart
windpipe
womb
wrist
