#@car marques
AC
Acura
Aeolus
Aiways
Aixam
Alfa Romeo
Almac
Alpina
Alpine
Alternative Cars
AM General
Anteros
Apex
Apollo
Aptera
Arash
Arcimoto
Arcfox
Ariel
Arrinera
Artega
Aspid
Aston Martin
Audi
BAC
Bahman
BAIC
Bajaj
Baojun
BAW
Bentley
Bestune
BMW
Bolloré
Brilliance
Bufori
Bugatti
Buick
BYD
Cadillac
Callaway
Carver
Caterham
Chamonix
Chang'an
Changfeng
Changhe
Chery
Chevrolet
Chrysler
Citroën
Ciwei
CUPRA
Czinger
Dacia
Daihatsu
David Brown
Dax
Dayun
De la Chapelle
De Tomaso
Delage
DeLorean
Denza
Detroit Electric
DFSK
Dodge
Dongfeng
Donkervoort
Drako Motors
DR
DS
Dynasty
Electric Raceabout
Elfin
Elio
Elva
Englon
Esemka
Etox
Equus
Everus
Exeed
Faraday Future
FAW
Ferrari
Fiat
Fiat Professional
Fisker
FMC
Foday
Force
Ford
Forthing
Foton
Fraser
GAC
GAZ
Geely
GEM
Genesis
Geometry
Gibbs
Gillet
Ginetta
Glickenhaus
GMC
Great Wall
GTA
Gyon
Haval
Hawtai
Hengchi
HiPhi
Honda
Hongqi
Hozon
Hulas Motors
Hycan
Hyundai
Hennessey
IKCO
IM Motors
Ineos Automotive
Infiniti
Intermeccanica
Ioniq
Isdera
Iso
Isuzu
Iveco Bus
IVM
JAC
Jaguar
Jeep
Jetour
Jetta
Jinbei
JMC
Jonway
Joylong
Kaipan
Kaiyi
Kandi
Kantanka
Karma
Karry
Keyton
KGM
Kia
Kiira
Koenigsegg
KTM
Lada
Lamborghini
Lancia
Land Rover
Laraki
Leapmotor
LEVC
Lexus
Li Auto
Lifan
Lincoln
Lister
Livan
Lobini
Lotus
Lucid
Luxgen
Lynk & Co
Mahindra
Maruti Suzuki
Maserati
Maxus
Mazda
McLaren
Mega
Mercedes-AMG
Mercedes-Benz
Mercedes-Maybach
MG
Micro
Mini
Mitsubishi
Mitsuoka
Mobius
Morgan
Moskvitch
MVM
Nikola
Nio
Nissan
Noble
Omoda
Opel
Ora
Pagani
PAL-V
Panoz
Pars Khodro
Perodua
Peugeot
Pininfarina
Polaris
Polestar
Porsche
Praga
Proton
Radical
RAM
Ranz
Renault
Renault Korea
Rimac
Rinspeed
Rivian
Rezvani
Roding
Roewe
Rolls-Royce
RONN
Ruf
SAIPA
Saker
Saleen
SEAT
Sehol
Seres
Shelby
SIN
Sinogold
Škoda
Skyworth
Sono
smart
Soueast
Spyker
SSC
Subaru
Superformance
Suzuki
SWM
Tata
Tauro Sport Auto
Techrules
Tesla
Thai Rung
Tiger
TOGG
Toyota
Tramontana
Trion
Trumpchi
Tushek&Spigel
TVR
UAZ
Ultima
Vandenbrink
Vauxhall
Vega
Vencer
Venucia
VinFast
VLF
Volkswagen
Volvo
Voyah
VUHL
W Motors
Wallyscar
WaterCar
Weineck
Weiwang
Weltmeister
Westfield
Wey
Wheego
Wiesmann
Wuling
Xiaomi
XPeng
Youxia
Yudo
Yulon
Zamyad
ZAZ
Zedriv
Zeekr
Zenos Cars
Zenvo
Zinoro
Zotye
ZX
