# Obsolete constellation names
Anguilla 
Antinous 
Apes 
Apis 
Aranea 
Argo Navis 
Asselli
Asterion
Battery of Volta 
Bufo 
Camelus
Cancer Minor 
Canis
Capra
Caput Medusae 
Catuli
Ceneus
Cerberus 
Cervus
Chara 
Cor Caroli Regis Martyris 
Corolla
Corona
Corona Firmiana 
Custos Messium 
Delphin
Deltoton 
Dentalium 
Equus
Felis
Felis 
Frederici Honores 
Gallus 
Gladii Electorales Saxonici 
Globus Aerostaticus 
Gryphites 
Haedi 
Hippocampus 
Hirudo 
Jordanus 
Lang 
Leaena
Leo Palatinus 
Lilium 
Limax 
Linum Piscium 
Lochium Funis 
Lumbricus 
Machina Electrica 
Malus 
Manis 
Marmor Sculptile 
Mons Maenalus 
Musca Borealis 
Noctua 
Nubecula Major
Nubecula Minor 
Officina Typographica 
Patella 
Phaethon 
Phoenicopterus 
Pinna Marina 
Piscis
Piscis Notus 
Pluteum 
Polophylax 
Pomum Imperiale 
Praesepe 
Psalterium Georgii 
Quadrans Muralis 
Quadratum 
Ramus Pomifer 
Robur Carolinum 
Rosa 
Sagitta Australis 
Scarabaeus 
Sceptrum Brandenburgicum 
Sceptrum et Manus Iustitiae 
Sciurus Volans 
Sextants Uraniae 
Siren
Solarium 
Sudarium Veronicae 
Tarabellum
Tarandus vel Rangifer 
Taurus Poniatovii 
Telescopium Herschelii 
Testudo 
Tigris 
Triangula
Triangulum
Triangulum Major 
Triangulum Minor 
Triangulus Antarcticus 
Tubus Herschelii Minor 
Turdus Solitarius 
Uranoscopus 
Urna 
Ursa Minor
Vespa 
Vexillum 
Vulpes
