#@dances
acharuli
acro
acrobatic rock'n'roll
affranchi
allemande
ardha
argentine tango
arkan
attan
azonto
baagh naach
bachata
bagurumba
balboa
ballet
ballos
ballroom
ballroom tango
ballu tundu
bandari
bardo chham
barn
baroque
barynya
basque
basse
bboying
beguine
belly
bergamask
bhangra
bharatanatyam
big apple
bihu
black bottom
blues
bolero
bollywood
bomba
bon odori
boogaloo
boogie-woogie
bop
borrowdale
bossa nova
boston
bourree
branle
brazilian tango
breakaway
breakdancing
bugg
bulgarian sousta
bump and grind
bunny hop
butoh
buyo
calus
cajun
cajun jig
cajun jitterbug
cajun one step
cajun waltz
cakewalk
calypso
can-can
canaries
candombe
capoeira
caporales
capreco from angola
carabinier
carinosa
carioca
carol
carolina shag
castle walk
cat daddy
ceroc
cha cha
cha cha cha
chaabi
chacarera
chaconne
chamame
charleston
chasapiko
cheerleading
chhau
chicken
chicken noodle soup
chinese tango
chodzony
chula
cinquepace
circassian
circle
clogging
clowning
cocek
collegiate shag
compas
conga
contact improvisation
contemporary
contra
cordax greek
cossack
cotillion
country
country and western
courante
court
cretan sousta
cretan syrtos
cross-step waltz
csardas
cuarteto
cuban rumba
cueca
cumbia
cumbia villera
cupid shuffle
dabke
dalkhai
danda nata
dandia
danza de tijeras
dappan koothu
diablada
dilan
disco
dodecanese sousta
doublebugg
dougie
dragon
dream waltz
drobushki
duranguense
dutty wine
east coast swing
eisa
electric slide
electro
elizabeth waltz
english country
ethnic
etighi
fan
fandango
farandole
faroese
farruca
finnish tango
five-step waltz
flamenco
folk
formation
forro
foxtrot
freak dancing
freestyle
frevo
frug
galliard
galop
gangnam style
gankino
garba
gaudiya nritya
gavotte
ghoomar
ghumura
giddha
gigue
golpe
gotipua
grinding
grizzly bear
guapacha
guedra
gumboot
hakken
halay
halparki
hambo
hand jive
hardcore dancing
harlem shake
hasapiko
headbanging
hesitation waltz
highland dancing
hip hop
historical
hitch hike
hokey pokey
hootchy-kootchy
hopak
hora
hornpipe
horon
house
huayno
hula
hully gully
humppa
hustle
ice dancing
ikariotikos
inagta
intercessory
international folk
interpretive
irish
irish sean-nos
irish stepdance
israeli folk dancing
japanese traditional
jazz
jenkka
jerkin'
jig
jig ireland
jitterbug
jitterbug stroll
jive
joged
john wall
jota
jove malaj mome
jumpstyle
kalamatianos syrtos
kalymnikos
kamarinskaya
kapoutzidon syrtos
karsilama
kastrinos pidikhtos
kathak
kathakali
kazachok
keisabadi
kerala natanam
khasapiko
khattak
khon
khorovod
kizomba
kleistos
klezmer
koftos
kolbasti
kolo
kolomyjka
kontradans
kopanitsa
kotsari
kozachok
krakowiak
krishnanattam
krumping
kuchipudi
kujawiak
kurdish
kushtdepdi
lndler
la cucaracha
lambada
lambeth walk
landler
lap
latin
latin hustle
lavani
lavolta
lerikos
leroc
letkajenkka
leventikos
lezginka
limbo
lindy hop
line
lion
liscio
locking
long sword
loure
lyrical
meringue
macarena
macedonian sousta
madison
maglalatik
malaguena
malevyziotiko pidikhtos
mambo
maneo
manila swing
manipuri
mapale
marimba
marinera
matachin
maxixe
maypole
mazur
mazurka
medieval
megarian sousta
melbourne shuffle
merengue
metelytsia
milonga
minuet
modern
modern jive
modern western square
mohiniattam
mohiniyattam
molly
moonwalker
morenada
morris
moshing
muineira
nisiotiko syrtos
oberek
odissi
onei
orissi
over-under
pachanga
pagode
palo de mayo
panthi
pantsula
para para
parasol
participation
partner
pasillo
paso doble
passacaglia
passepied
pavane
peabody
peewee style
pendozalis
pentozalis
persian
pidikhtos
pogo
pogonisios
pole dancing
polka
polka-mazurka
polonaise
pols
polska
pom squad
pony
pop, lock, and drop it
prophetic
pryvit
punta
push
pyrrhichios
qasemabadi
quadrille
quebradita
quickstep
raas
rain dancing
ramvong
rapper sword
raqs sharqi
rauf
raut nacha
rebetiko dances
redowa
reel
regency
reggaeton
renaissance
rieldans
rigadoon
rigaudon
robot
rock and roll
roman erotic
round
rumba
salsa
salsa rueda
saltatio
samba
samba de gafieira
sambalpuri
sarabande
sardana
sattriya
saunter
saya
schottische
scottish country
scottish highland
sean-nos
sega
seguidilla
sequence
serra
set dance ireland
sevillana
shag
shake
shim sham
shimmy
shuffle
siganos
silyvriano syrtos
single swing
sirtaki
skank
skip jive
slngpolska
slip jig
slow
slow foxtrot
slow waltz
slowfox
social
son
sophisticated swing
sousta
square
st. louis shag
stage diving
stanky legg
step dance ireland
street
suzie q
swim
swing
swing jive
swing roc
syrtos
tambourin
tango
tanoura
tap
tap charleston
tarantella
tau'olunga
tecktonik
temani
texas tommy
freddy
nutbush
time warp
tinikling
tinku
tondero
tourdion
traditional
traditional square
tranky doo
trata
trepak
tribal style belly
troika
tsakonikos
tsamiko
tsifteteli
tsirigotikos
tsyganochka
tumba
twerking
twist
two-step
twoubadou
ukrainian
universal peace
upa
upa habanera
uruguayan tango
valeta
vals
valse a deux temps
verbunkos
vesnianka
viennese waltz
vintage
vogue
volte
waacking
walking boston
waltz
watusi
west coast swing
western promenade
western swing
whip
winterguard
wolosso
worship
xibelani
xuc
yablochko
yahoozee
yakshagana
yerakina
ymca
yowla
zamacueca
zamba
zapateado
zapin
zeibekiko
zeibeks
zonaradiko
zorba's
zouk
zouk-lambada
zumba
zydecko
zydeco
