#@drinks
1921 tequila cream
2-point play
20th century
420 martini
42zombie
50/50 split
7-up
99 bananas
99 berries
zurawinowka
tuica
acai blackberry cooler
aberdeen flip
absinthe
absinthe frappe
absinthe irish
absolut brooklyn ginger
absolut pleasure
absolut relief
absolut wonder
abuelita
acai grapefruit cooler
admiral
advocaat
afc paloma
affogato
afinata
after dark
after shock
agave kiss
agent orange
agnes
agua de valencia
agua loca
aguardente
aguardiente
aguaymanto sour
agwa de bolivia
akvavit
alabama slammer
ale
aleberry
alexander
algonquin
coffee brandy
alomo kasaprenco-ghana
alpestre
altvater
amabilli
amaretto
amaretto sour
amaro
amarula
amazake
amber moon
amendment 21
american beauty
american dad
american flyer
american pie
american sweetheart
americano
amor caliente
amore appletini
amp energy
amylolytic process
an aviation
anis
ancholito luxury drop
andong soju
angel face
angelika bitter
anise tea
anisetta
anisette
anna's summer shot
anti-oxidant
aphrodisiac
apo
appenzeller
apple berry crush
apple bob
apple cider
apple irish coffee
apple martini
apple martini
appletini
apple pie shot
apple sidecar
apple tea
apple thyme h20
apple-flavored
apple-kneel
applejack
appletini
appletise
appletiser
apres ski
apricot fizz
apricot stone sour
aquarius
ara
arak
araku
archangel
argonaut
arizona margarita
armada
armagnac
arnold palmer
arquebuse de l'hermitage
arrabidine
arrack
artichoke tea
artillery
aruba arehucas
ashes to ashes
aspergillus oryzae
astro pop
atholl brose
atole
aurum
autumn apple
autumn breeze
autumn harvest
autumn in new york
autumn sunrise
aviation
aviation by plymouth
awamori
aztec summer
b and b
b-52
barenfang
barenjager
benedictine
baby guinness
bacardi
bacca boo sangria
bacchus-f
back in thyme
backdraft
backyard barbeque michelada
bacon salt martini
baczewski
badgertini
bahama mama
bahia coffee liqueur
baijiu
baileys irish cream
irish cream
baileys irish ice
baileys peppermint cream
baileys pumpkin pie
baileys red carpetini
baileys rose
baja rosa
bajarita
bajigur
bajtra
balsamique
baltimore
baltimore bang
banana daiquiri
bananarita
banania
bandrek
banshee
barley water
barleywine
barq's
barr
basil hayden wish
basil mojito
batida
batidas
bawls
bay breeze
beach buster
beach street cooler
beach umbrella
beaver buzz
becherovka
bee balm
beer
beer buster
beers knees
beet-iful apples
beirao
belle femme
bellini
bellota
beopju
bermuda highball
berry cobbler
berry liqueur
berry madness
berry scary sour
berry thankful
besitos
between the sheets
bewitched
bicabagaco
bicerin
bijou
birthday partini
bishop
bitai avon
bitter ale
bitter lemon
bitters
black and gold punch
black and silver
black and tan
black angel
black cat
black cat martini
black eye
black forest devil
black grouse
black hawk
black lily
black magic
black opal
black paloma
black punch
black rat
black rose
black russian
black shadow
black spiked cocoa rumtini
black tie
black velvet
black vinegar
black widow
blackberry demitasse
blackberry firebomb
blanche's x-rated julep
blessed honeycomb
blitz
blitzen's mexican egg nog
blonde ambition
blood and sand
blood martini
blood orange freeze
blood orange margarita
blood orange mochaccino
blood red sangria
blood shot
bloodberry fizz
bloodhound
bloodsucker
bloody aztec
bloody black currant punch
bloody brew
bloody bull
bloody maria
bloody mary
bloody mary modenese
bloody oath
bloody red rum sangria
bloody rum punch
bloody sunday
blooming fizz
blow job
blt
blue blazer
blue charge
blue hawaii
blue hawaiian
blue ice heart throb
blue lagoon
blue moon
blue motorcycle
blue voodoo doll
blueberry tea
bluegrass punch
blues martini
blushing duchess
bobby burns
bocci ball
bock
bohemia michelada
bohemia sangrita
boilermaker
boilo
boldo tea
bols coffee liqueur
bomb energy drink
bonjour
borovicka
boston sidecar
boston tea punch
bouillon
bourbon cobbler
bourbon daddy
bourbon lancer
bourbon peach tea
bourbon sidecar
bourbon whiskey
bournvita
brain hemorrhage
brandy
brandy alexander
brandy amanda
brandy bird
brandy cassis
brandy crusta
brandy daisy
brandy manhattan
brandy old fashioned
brandy sour
brass monkey
breizh cola
brem
breve
bride of frankenstein
bridesmaid sidecar
broken basil
bronx
brooklyn
brown ale
brown derby
brownie chocolate drink
bruadar
brut
brut bottle rocket
bubbles
bubbles and pink
buck's fizz
buddy's cajun martini
bull shot
bullfrog
bumbo
buon giorno
burdock tea
burn
plum punch
bushwacker
butter tea
butterscotch martini
buttery nipple
ca phe sua da
cable car
cacao bean tea
cachaca
cacolac
cactus cooler
cadillac margarita
caesar
cafe au lait
cafe aztec
cafe bombon
cafe britt coffee liqueur
cafe melange
cafe marakesh
cafe miel
cafe oriental
cafe rica
cafe romano
cafe medici
cafe mocha
cafe zorro
cafecito
caffe americano
caffe borghetti
caffe crema
caffe latte
caffe del fuego
caipirinha
caipivodka
caipiroska
caju amigo
cajun
cajun martini
cal-c-tose
calabatini
cali mojito
caliente margarita
calimocho
calisaya
calypso coffee
campari
campari citrus infusion
campari sparkling passion
camus cognac cider
canada dry
canadian whisky
canal street
candy bar
candy cane
candy cane martini
candy corn
candy corn martini
candyland
cannabis tea
canton
cape cod
cape velvet
cappuccino
caramel apple pie-tini
caraway tea
cardamom and pop punch
caribbean champagne
caribou lou
carlos v
carmelized pineapple margarita
carnation
carnival 76
carnival caipirinha
carolans
carrie
carrie cosmo
carrot cake
cascabeles coctel
casino
cask ale
castries peanut rum creme
catnip tea
catrinas
caudle
cauim
cauldron punch
cc old fashioned
celtic mix
cerasse tea
cerveza nicola
chai
chai latte
chambord
chambord margarita
chambord pomegranate sparkler
chamomile tea
champagne
champagne martini
champino
champurrado
charlotte
charro negro
chartreuse
che dang tea
cheerwine
chelsea sidecar
cheongju
cherries jubilee champagne
cherry 7up
cherry chainsaw massacre
cherry cinnamon punch
cherry delight
cherry heering
cherry noir fizz
cherry patriot
cherry picker
cherry slice
cherry sling margarita
chez goose
chhaang
chi chi
chi-chi
chicago
chicha
chimayo
chinese knot-weed tea
chipotle michelada
chipotle sangrita
choc-ola
chocolate coconut water
chocolate dalmatian
chocolate liqueur
chocolate milk
chocolate milk martini
chocolate mint
chocolate peppermint cookie
chocolate pinky valentini
chocolate raspberry martini
chocolate velvet
chocomel
choujiu
chriser rose
christmas coco
christmas cosmopolitan
chrysanthemum tea
churchill
churro margarita
cider
ciderhouse sangria
cielo rosso
cinco de mayo
cinco punch
cinful
cinnamon margarita
cinnamon sparkler
cinnamon spice mocha
cinnamon tea
cinnful valentine
cintron energy enhancer
citrico snowflake
citron dragon
citrus peel tea
citrus winter warmer
city slicker
clamato
classic kentucky eggnog
cobbler
coca tea
coca-cola
coca-cola blak
coca-cola classic
coca-cola zero
cocaine
cocio
cock o' the north
cocktail
cocoa
cocoa passion
coffee
coffee liqueur
coffee milk
cognac
cointreau
cointreau blush
cointreau teese
cointreau vixen
coke
cola
cola cao
cold pumpkin pie
collins
coloma
colombia
combier
common market
completo
consomme
cool-as-a-cucumber
copa de oro
coquito
cork comfort
corn n' oil
corpse reviver
cortado
cosa gialla
cosa nera
cosmopolitan
cosmopolitan dreams
cosmopolitano
country time
covers martini
creme de banane
creme de cacao
creme de cassis
creme de cerise
creme de mure
creme de menthe
creme de noyaux
creme de rose
creme de violette
creme liqueur
creme yvette
cranberry blueberry cosmopolitan
cranberry citrus swizzle
cranberry cooler
cranberry mint margarita
cranberry raspberry flirtini
cranberry shooters
cranberry-honey
creamsicle
creepy crawler punch
creepy-crawly jello shots
crema di fragole
creole
creole julep
creole mama
creole splash
crimson sunset
crunk
crush
crusta
cruzan rum cream
cryptonite
cuba libre
cuban espresso
cucumber calypso
cucumber irish blessing
cucumber mint
cucumber-basil collins
culto a la vida
cultured spirit
cup o' agave gold
cupid's arrow
cupid's cosmo
cupid's kiss
cupid's mark
cuppa good cheer
curacao
curacao punch
current
cynar
domuz
dad's dry daiquiri
dad's spice
daiquiri
daisy
daisy de obeah
damassine
damiana
damson gin
dancing leprechaun
dandelion coffee
danzig goldwasser
dark
dark and stormy
dave wondrich's zombie
de kuyper creme de cafe
deadly nightshade
death and taxes
death by fire
death in the afternoon
decaf
deep sea
dekuyper pomegranate
delft blue
delmonico
demanovka
demo-licious margarita
depth bomb
desi daru
destinee
devil's handshake
devil's kiss
devil's poison
dewar's highball
dewar's old fashioned
dewar's rob roy
dewar's ward eight
diet coke
diet mountain dew
diet pepsi
diet rite
dill tea
dimmi
dingle dram
dirty blonde
dirty chai
dirty martini
dirty mother
dirty white mother
disaronno
dizzy lizzie
donq rum punch
dooley's
doppio
dr brown's
dr pepper
dr cockmeister
dr morganmeister
dr peter venkman
dr thunder
dra-kahlua
dragon's blood punch
dragonfly
drambuie
dream
du kang
dublin
dublin delight
dubonnet
duchalet cafe liqueur
duck fart
duff
duke's
dulce de leche liqueur
dulce de tezon
dumante
dutch courage
dutch negroni
earthquake
easter bunny
easter sangria
eblana
echinacea tea
eclipse
eerie eyeballs
egg cream
egg cream pie
egg nog
eggnog latte
eiskaffee
el bicentenariomec
el chupacabra martini
el diablo
el diablo del invierno
el presidente
elderberry tea
elderflower sipper
electric lemonade
electric martini
electric peach
elephant's tail
elit rosemary martini
embarcadero dandy
emerald forest
emerald isle
emmets classic cream
empire
enchanted dry daiquiri
enviga
equinox spice
espiritu del ecuador
espressino
espresso
espresso boheme
espresso martini
espresso romano
essiac tea
european mistletoe tea
evening nectar
everglo
everybody's irish
everyman afterall
exorcist twist
express
express by plymouth
eyeball martini
faeries' nectar
fall back
fall for this heated affair
fallen angel
famous grouse liqueur
fancy bourbon punch
fanta
farnell
faygo
fennel tea
fernet
fig pie
fior d'alpi
fire and ice
fireball
fireball cinnamon whisky
firebelle lil
firecracker
firecracker shot
firefly
fireside martini
fireworks
first class
fish house punch
five-hour energy
fix
fizz
fizzy apple
flaminger jagd
flaming dr pepper
flaming sambuca
flaming volcano
flat white
flavor ice summer shake
flip
flip flop punch
flirtini
flirty mistletoe
floradora
flower liqueur
fluffy critter
flying aphrodite
flying dutchman
fog cutter
fool's gold
fortified wine
forty creek premium cream liqueur
founder's fizz
four horsemen
four leaf clover
four score
four-leaf cloverita
fourth of july watermelon
fragole all' aceto balsamico
fran shandy
frangelico
frangelico hazelnut coffee
frangelico truffle
frappuccino
freddy fudpucker
freekee
french 75
french connection
french kiss
french revolution
french-ish martini
fresa catrina
fresca
fresh apple spritzer
frisk
frostbite
frozen daiquiri
fruit
fruit beer
fruit brandy
fruit liqueur
fruit punch
fruit wine
fruko-schulz
fruko-schulz bitter
fruko-schulz coffee liqueur
fruko-schulz cream liqueur
fudgesicle
full throttle
fumble roosky
funky monkey
fuzzy navel
fuzzy screw
g5 new year
genepi
gabriel
gabrielle's x-rated kiss
galao
galliano
galliano ristretto
gamju
gatorade
gay fuel
geisha girl
gekkeikan
genmaicha
gentian tea
george washington
ghost
ghostly captain
ghostly coolada
ghostly skyy
ghoul-aid
gibson
gimlet
gin
gin and milk
gin and tonic
gin buck
gin fizz
gin pahit
gin sour
ginger ale
ginger beer
ginger bubbly
ginger man
ginger rogers
ginger root tea
ginger snap sass
gingerbread latte
gingerbread man
gini
ginjinha
ginseng tea
ginza mary
glogg
glaceau vitaminenergy
glamour gal
glayva
glenfiddich malt liqueur
glenturret malt liqueur
godchild
godfather
godiva royale
godmother
goji tea
gold medal
gold rush
golden cadillac
golden daze
golden delicious
golden doublet
golden dream
golden gate
golden gate 75
golden gate cocktail ii
golden gate persimmon
golden glamour
golden rum punch
golden touchdown
goldfinger
goldschlager
golf
good night special
goodnight moon punch
gooey butter cake martini
gose
gosh yam it
gotham chill
grand marnier
grand thanksgiving
grangala
grapero
grapefruit
grapefruit basil martini
grapefruit-rosemary mojito
grapetiser
grapette
grasshopper
grateful cranberry
great white
greek frappe coffee
green acre punch
green agave
green bay gimlet
green bay margarita
green bay punch
green eye
green ghoul
green glass
green russians
green sangria
green tea
green tea and ginger
green tea gimlet
green vesper
greentini
grenada
greyana rakiya
greyano vino
greyhound
grilled pineapple crush
grog
guac this way
guavaberry
guignolet
guillermo
gumbo fizz
gunfire
hacking salander
hail mary
hal ligon
half and half
half-caf
halloween harvest
hangman's blood
hanky-panky
hanukkah gelt martini
hard rocker cider
hare visne
harrogate nights
harvest highball
harvest moon
harvest sour
harvey wallbanger
haunted cinn
hauntini
havana cooler
hawaiian
hawaiian punch
hawthorn tea
he's into you
he's just not that into you
heart-shaped world
heather 81
heather cream
heatwave
heebie jeebies
hemingway daiquiri
hennchata
hep cat
herbal liqueur
herbal tea
herbsaint
herbsaint frappe
herradura mango mojito
herradura splash
herradura's cincorita
hesperidina
hey
hi-fi
hibiscus pinky valentini
hibiscus tea
hideous
hierbas de mallorca
highball
highland fling
highland harvest
himbeergeist
hiram's brandy alexander
ho yan hor herbal tea
holiday cheer martini
holiday highball
holiday pearadise
holiday peppermint
holiday spice
holiday sunset
hollywood martini
honey deuce
honey deux inferno
honey liqueur
honeymoon
honolulu juicer
horchata
horehound tea
horilka
horlicks
horny goat
horse's neck
hot apple cider
hot apple fritter
hot bloody mary
hot buttered brugal
hot buttered rum
hot chocolate
hot cinn apple toddy
hot ginger cordial
hot lemonade
hot nantucket night
hot on top
hot rumba
hot shot
hot toddy
hound's tooth toddy
houttuynia tea
hpnotiq
hpnotiq harmonie
huangjiu
hudson highland cup
hula dancer's delight
hula hoop
hula hula
humid in h-town
hurricane
hydrangea tea
hyeonmi cha
hype energy
ibarra
icariine liquor
ice and fire
ice coffee
ice pick
ice tea
iceberg martini
icebreaker
iced coffee
iced mochaccino
icy hands halloween punch
ignus fatuus
iguana
illy espresso liqueur
inaugural orange punch
incredible hulk
independence
independence on ice
indian filter coffee
instant coffee
irish apple sour
irish applesauce
irish appletini
irish buck
irish car bomb
irish charlie
irish coffee
irish cow
irish flag
irish guy
irish kilt
irish kiss
irish mist
irish mist coffee
irish monkey
irish sour
irish spring
irish tea punch
irish whiskey
irn bru
island cooler
island holiday punch
italian coffee
italian halloween punch
italian sparkling citrus punch
italian stallion
italian toddy
izarra
j.j.'s shamrock
jager black ice
jagerbomb
jagermeister
jagermonster
jurokucha
jaan paan liqueur
jabuticaba liqueur
jack and coke
jack daniel's tennessee honey
jack rose
jack-o'-lantern
jack-o'-lantern punch
jack-o'-tini
jack-o-latern
jade
jagertee
jamaica me crazy
jamaican coffee
jamaican winter
jameson old fashioned
jammer's cacao kiss
japanese slipper
japanese whisky
jazmin sour
jazz
jelly bean
jelly bubbles
jeremiah weed
jiaogulan tea
jim beam honey
jim beam red stag
jimmy russell's mint julep
jiuniang
jiuqu
john collins
joker
joker's tea
jolly rancher
jolt cola
journalist
juice
julep
julmust
jumbie
jump into summer
jump on the bond wagon martini
jungle juice
juniper shine
kannu kukk
kummel
kokomjolk
keke beach key lime cream liqueur
kahana royale
kahlua
kahlua black cat
kahlua cryptini
kahlua mochatini
kahlua shake
kahlua white leprechaun
kahlua hot chocolate
kahlua mocha freeze
kajmir
kalimotxo
kalore
kamikaze
kamora
kangaroo
kanghaju
kaoliang
kapali
kapor tea
karsk
kasiri
kava root tea
keke beach
kensington court special
kentucky
kentucky apple sour
kentucky champagne
kentucky mulled cider
keoki coffee
kerrygold irish cream liqueur
keuck turkisch mokka
kilju
killepitsch
king cake martini
kinnie
kir
kir royal
kir royale
kirsch
kiwi caipiroska
kiwi masquerade
kiwi mint mango
kiwi strawberry martini
kokkoh
kona gold
kopi susu
kopstootje
kore
kosaken kaffee
kratom tea
kremlin colonel
kruskovac
kruidvat power booster
krupnik
kumis
kurant affair
kurant and 7-up
kurant bon bon
kurant imperial kir
kuzuyu tea
kwai feh
l'orange autumn sage
loiten aquavit
la croix sparkling water
la estrella
la poire golden harvest
la serena sour
labor day lemonade
labrador tea
lager
lakka
lapacho tea
last out of the gate swizzle
laughter in the dark
lauterer luft
lava flow
lavender liqueur
leap year
leed
legal shirley temple
leite de onca
lemon and ginger tea
lemon and paeroa
lemon balm
lemon drop
lemon grass tea
lemon herb sparkler
lemon lavender
lemon liqueur
lemon verbena spring fling
lemonada
lemonade
lemonette
leprechaun
leroux coffee-flavored brandy
libbylou
lichido
licor de oro
licorice root tea
lifesaver
lift plus
lijit
lillehammer
lilt
limbo
limca
lime blossom tea
lime rickey
limey
limonana
limoncello
lingering labor day
link up
lipovitan
liqueur
liqueur coffee
liqueur de rose
liqueur fogg
liquid candy
liquid x
liquor
little briar rose
little devil
little princess
living shadow
lochan ora
long beach ice tea
long island iced tea
lorraine
los muertos
lotus
louisville
love and roses
love letter
love machine
lover's
lovin' in the coven
lucid frappe
lucky dragon
lucky lady
lucky's manhattan
lucozade
lungo
luo han guo tea
ly shan
lychee gimlet
lynchburg lemonade
macchiato
macua
macua
madeira
madras
maerzen beer
magic cooler
mai tai
mai-tai
make it work mojito
maker's latte
makgeolli
mali-boo mojito
maliboo witch's brew
malibu breeze
malibu sparkler
malibu vampire kiss
malted milk
mama's malibu martini
mandarine napoleon
mango margarita
mango sour
manhattan
manhattan 101
manx spirit
manzana verde
maotai
maple sweet and sour
maple syrup martini
maraschino
marburger nachtwachter
mardi gras 2010
marengo's punch
marga-regis
margarita
margarita of love
marjorama
marocchino
marsala
martini
mary turner coffee
masala chai
masala tea
massacre
mastica
mastichato
matador
mate cocido
mate de coca tea
maui fizz
mauna kea martini
mauresque
mayhem
mayordomo
mazagran
mead
mecca cola
medronho
meikueilu chiew
melange a trois
mellon baller
melon ball
menta
merlyn cream liqueur
merry irishman
merry maker
merry mary
merry mint muddle
mesi
metate margarita
metaxa
mexicabo hot chocolate
mexican coffee
mexican egg nog
mexican hot chocolate
mexican leprechaun
mexican martini
mexican mojito
mezcal
mezcal mai tai
mezcal manhattan
michelada
mickey slim
midnight
midnight berry
midnight blue margarita
midnight ghost
midnight kiss
midnight martini
midnight rider
midori
midori liqueur
midori shamrock
midori sour
mijiu
mikado
mild ale
mile high mai tai
milk
milk and honey
milkshake
millennium martini
milo
mimosa
mind eraser
mint julep
mint spook
mint tea
miodowka
miranda
mirin
mirinda
miss sunshine
missouri mule
mistletoe
mistletoe mulled wine
mistletoe punch
mistra
mocaccino
mocha bulldog
mochaccino
modern margarita
mojito
mojito x
mokatika
moloko plus
momosa
monkey driver
monkey fizz
monkey gland
monsieur hayden
monster energy
monster martini
monster mash
monster regular
montanya mermalada
moontini
moonwalk
moringa tea
morning with leprechauns
moscow mule
mother
mother earth mint
mother's day blackberry champagne
mother's little helper
motinez
mott's
mounds bar
mountain dew
mountain dew energy
mountain dew mdx
mountain lightning
mountain tea
moxie
mozart gold chocolate cream
mozart white chocolate cream
mr. big
mr. bigtini
mr. boston coffee-flavored brandy
mr. manhattan
mudslide
mulled cider
mulled wine
mumtini
murtado
musical mule
my fair lady
my rose
mystic bourbon liqueur
napa sun
napa valley breeze
napoleon
naughty holiday punches
naughty nog
navy seal
nazca
nectarine and honey
nectarine of the gods
neem leaf tea
negroni
negus
nehi
nelson's blood
nervous breakdown
nesquik
nettle leaf tea
neutral grain spirit
new jersey tea
new orleans buck
new year in lambeth
new year's cheer
new year's sparkler
new year's swanky toast
new yorker
new-fashioned
newbury
newport cooler
nfc margarita
night and day
night nurse
night on the town
nightmare
nigori
nihamanchi
nikolaschka
nine to five punch
nirvana
nixon
no fear energy
no fear extreme energy
nocello
nocino
noni tea
nos
noyau de poissy
nuclear iced tea
nude beach
nut house
nuts about peanuts
nutty irishman
nutty professor
nutty stinger
nuvo
oak room special
oatmeal cookie
ocean dream
ogidiga
ogogoro
oksusu cha tea
oktoberfest beer
ole
old ale
old etonian
old fashioned
old ironsides
old pulteney liqueur
old spanish
old sydney-town punch
one night stand
onyx liqueur
opera
orange blossom
orange bomber
orange bourbon press
orange crush
orange crush cosmo
orange juice
orange orange
orange safari
orange sunset
orange tundra
orange-flavored
orangecello champagne
orangerie
orangette
orangina
oranje firecracker
orgasm
oronamin c
osaka
oscar
osomo-nigeria
ouzo
ovaltine
p.i.n.k. leprechaun martini
p.i.n.k. peppermint martini
popo
paan
pacific splash
packer's punch
packer's rocks
painkiller
pale ale
pale lager
palinka
pall mall
palm wine
paloma
pama
panama
papa ghirardelli
papacito
paradise
parakari
paralyzer
parfait d'amour
park avenue princess
partridge in a pear tree
pass the turkey
passing game punch
passion-politan
passione nera
passoa
pastis
patchouli tea
patriot punch
patriotic punch
patron xo cafe
patxaran
peach mint smash
peach scotch smash
peach toast
peach twist
peaches and cream
peanut jubilee
peanut liqueur
peanut lolita
peanut manhattan
peanutty buddy
pear sake martini
pear-ginger champagne
pear-way to heaven
pearaschino bourbon
pearfect season
peartiser
peg leg punch
pegu
penalty kick
pennyroyal leaf tea
peppermint froth
peppermint martini
peppermint mocha hot cocoa
peppermint patty
pepsi
pepsi cola
pepsi lime
pepsi max
pernod fils
pernod ricard
perrier
perroquet
perry
pina colada
pina martinique
pina perfection margarita
pibb xtra
pilgrim's pear
pilgrim's pumpkin 75
pilsener
pimento
pimm's cup
pinata
pine tea
pineapple
pineapple cilantro h2o
pineapple mai tai
pineapple martini
pineapple upside-down shot
pinjopo
pink frost
pink gin
pink jesus
pink lady
pink orleanade
pink panther
pink pineapple
pink sophisticate
pink squirrel
pinolillo
pirate drinks
pisang ambon
pisco
pisco punch
pisco sour
pisco y tamarindo
piscola
planter's punch
platorange
plum jerkum
plum smash
pocari sweat
pochteca almond liqueur
pochteca anisette liqueur
pochteca blackberry liqueur
pochteca chocolate liqueur
pochteca coffee liqueur
pochteca lime liqueur
pochteca mango liqueur
pochteca pomegranate liqueur
pocillo
pogo stick
poinsettia
poire williams
poison apple
poitin
polamalu punch
polar bear
polar cranberry
pome 'n tonic
pomegranate bliss
pomegranate grapefruit campari
pomegranate martini
pomegranate smash
ponche caribe
ponche crema
ponche diva
ponche kuba
pop rocks
pop's milk punch
poppy tea
porchcrawler
pornstar
port
just juice
porter
porto flip
posset
postum
poultry consomme
pozol
prairie fire
preserved bliss
prickly peartini
prince of wales
prunelle
pucker
pucker up
pucko
pulque
pumpkin
pumpkin caipirinha
pumpkin horchata
pumpkin margarita
pumpkin martini
pumpkin patch
pumpkin patch julep
pumpkin pie
pumpkin spice
pumpkin spice latte
pumpkin spice mexican coffee
pumpkin's passion
punch
punch in the stomach
purple hooter
purple melon's majesty
pussy
qi
qi white
qishr tea
quaker city cooler
quaker's
quarter deck
queen of hearts
queen of mexico
quentao
quick fuck
quick kick
quicky
rudesheimer kaffee
rabo-de-galo
raki
rakia
raksi
ramos fizz
ramos gin fizz
raspberry
raspberry lemon drop
raspberry margarita
raspberry mocha
raspberry sparkler
raspberry twist
ratafia
ratafia de cacao
ratafia de chocolat
razzmatazz
real gold
red
red bull
red cicada
red clover tea
red death
red devil
red eye
red hot chocolate
red hot mama
red light lover
red lotus
red over heels
red raspberry leaf tea
red rooster
red rooster sour
red rose martini
red russian
red snapper
red tie
red tornado
red tux
red zombie
red zone
red zone refresher
red-headed miranda
red-headed slut
redheaded slut
regent's punch
regular coffee
relentless
reload
renegade
returner
rhubarb cosmo
rhythm
rice baijiu
rice milk
rice water
rice wine
rickey
riga black balsam
ring of kerry
rioja libre
rip it
ristretto
rivulet
road kill
roaring '20s
roasted barley tea
rob roy
rock and rye
rocket fuel
rockstar
romney hood
rompope
ron miel
rooibos tea
root beer
root beer float
root beer floatini
rose the riveter
rose hip tea
rose kennedy
roselle petals tea
rosemary tea
rosolio
rossbacher
rossini
rouge martini
rourou
royal arrival
royal bermuda
royal crown cherry
royal crown cola
royce
ruby dutchess
rum
rum berry
rum swizzle
rum yum
rumchata
rumjito
running mate
rusty nail
rye whiskey
seve fournier
sabra
sabra liqueur
sabroso
sage tea
sagebrush tea
sahti
saint valentine
sake
sake bomb
sake kasu
saketini
sakura
sakurayu tea
salep
salmiakki koskenkorva
salted caramel egg nog
salty dog
salvia tea
samantha
samantha jones' community service
sambuca
san pellegrino
sandeman's sweetheart sparkler
sangre de avion
sangria
sangria basics
sangster's
sangue frio
sassafras tea
satan's whiskers
sato
savoy affair
savoy corpse reviver
sawanotsuru
sazerac
scary sangria
schnapps
schwarzbier
schweppes
schweppes tonic
scooby snack
scorched rice tea
scotch ale
scotch spice
scotch whisky
scottish grasshopper
scream
scream soda
screaming orgasm
screwdriver
screwed-up screwdriver
sea breeze
semtex
september sour
september spice
serendib tea
sergeant whiskey sowers
sesame nog
seven and seven
seven layer cookie
sex a' peel
sex on the beach
sex wax
sgroppino
shady lady
shamrock
shamrock shake
shan hibiscus
shan lotus
shan rose
shandy
shark attack
shark stimulation
shasta
sheridan's
sherry
shikanjvi
shira-la-la-la-az
shire flower
shirley temple
shochu
shot with a beer back
shrinking violet champagne
shrub
sidecar
sidra de la mula
sierra mist
sikhye
silent night
silver screen punch
singani
singapore sling
skelleton
skellini
skinny jack-o-lantern
skinny latte
skinny mini
skinny santa
skinny spiked cider
skittle bomb
skullcap tea
skulls and bones
skyy violet
skyyscraper
slammer royale
tequila slammer
sleepy hollow fizz
sleigh
sling
slippery nipple
slivovitz
sloe gin
small beer
smash
smashed pumpkin
smashing pumpkin martini
smitten pears
smoke and spice
smoked peach ice tea
smoking bishop
smoky martini
snake wine
snapple
snow cap
snowball
sobacha tea
sobe adrenaline rush
soda
sodastream
soft drink
soju
something blue
somrus
son tinh
sonti
sorel
sorrento in red
sortilege maple whiskey liqueur
sosyo
soul martini
sour
sour witch
southern comfort
southern pacific julep
soy latte
spa cooler
spanish coffee
sparkling black cherry cooler
sparkling candy apple
sparkling dragon
sparkling hibiscus champagne
sparkling peppermint swirl
sparkling pineapple
sparkling rye
sparkling spring punch
sparkling wine
sparks
spellbound
spice night
spicebush tea
spiced pear toddy
spiced pumpkin
spiced punch
spiced rum toddy
spiced sangria
spiced spiked cider
spiced tea holiday punch
spiced toddy revolucion
spicy sangre orange margarita
spicy watermelon fresca
spider
spider's kiss
spike shooter
spin
spinning driedel
spirit
spirted punch
spring fever
spring fling
spring melon
spring shiso
spring-time manhattan
sprite
sprite zero
spritzer
spruce tea
squirt
st. francis
st. germain
st. hubertus
st. patrick's day drinks
stag's breath
star spangled punch
starbucks coffee liqueur
starbucks cream liqueur
stars and stripes
staten island ferry
steelers cider
steelers squeeze
stephen's gourmet
stewart's fountain classics
stinger
stock ale
stoop party
stout
strawberry basil mojito
strawberry cheesecake
strawberry ginger martini
strawberry kir
strawberry lemon drop
strawberry pisco sour
strawberry tarragon
street king
strega
sudo honke
sugar and spice martini
sugar cookie
sultry samantha
summer chiller
summer gin punch
summer of '56
summer of picasso
summer punch
summer slush
summer soiree
summer solstice
summer solstice smash
sundowner
sunkist
sunset twist
super bowl buster
supernatural sip
surge
swamp thing
swedish kiss
swedish sun
sweet and salty
sweet and spooky creamsicle
sweet and vicious shot
sweet dreams
sweet summer tea
swing state spritzer
swiss miss
tab
tab energy
table wine
taboo
tailgate toddy
take me out to the ballgame
tall tale
tamagozake
tamarindo margarita
taming of the shrew
tangerine rose
tapuy
tascalate
taxi
taza chocolate
tea
tea for toronto
tea-quila toddy
teh talua
tejate
tennessee
tennessee honey
tennessee whiskey
tepache
tequila
tequila ghost
tequila honeysuckle
tequila romero
tequila rose
tequila sour
tequila sunrise
tequila sunset
tequila tangerine dream
texan hot chocolate
thai basil cucumber margarita
thai basil martini
thai spring mojito
thanksgiving 101
thanksgiving toast
the 1820
the 56 julep
the after-turkey apertif
the afterlife
the apricot haunt
the autumn aperitif
the awapuhi
the bee's knees
the bee's teas gin
the black pearl
the blazin' shooter
the blenheim
the bloody halfback
the blue stampede
the bookworm
the boothby
the boss
the bubbly apricot
the celtic buck
the cheeseburger
the clockwork oranje
the co-op
the compton
the concorde
the creepy colada
the crimson tide
the cupid shine
the dean's wife
the double-rock zombie
the drambooie
the dublin apple
the espolon eulogy
the evil monk
the fall punch
the goldeneye
the great pumpkin
the green crush
the green lantern
the green ocelot
the grizzly
the happy dad
the happy mom
the headless horseman
the heartthrob
the honey sour
the jeweler
the jolly red giants
the kilauea
the last word
the legendary lady
the lusty maritime punch
the maker's heart
the marpessa
the mockingjay
the modernista
the monkey gland
the napoleon sneak
the new french revolution
the new north beach
the obituary
the old fashioned 101
the old-fashioned cheesehead
the olympic
the one-cheek sneak
the one-cheek sneek
the orange turf
the patriot
the pbandj
the peaches and scream
the pink ribbon
the prickly margarita
the procession
the queen's bouquet
the real mccoy
the real wedding crasher
the red witch
the regal ransom
the rockin' paloma
the rooster
the rose sparkler
the royal rose-marry lemon margarita
the royal sapphire
the scotchsicle
the seersucker
the shamrock-tini
the shamrocker
the smitten shine
the sobieski eggnog
the starlet
the steel curtain
the steeler
the stir tropical sparkler
the teaquila-rita
the thin man dry martini
the ultimate cuba libre
the victory
the whiskey sour 101
the windsor tonic
theobroma bicolor
thistle
three amigos
three rivers
three wise men
thums up
thyme antiseptic tea
ti' punch
tia maria
tidy bowl
tiki's revenge
tin cup
tinto de verano
tiswin
tizer
toast of times square
toasted almond
toasted coconut colada
toasted macaroon
toasty toddy
toddy
tokyo iced tea
tom and jerry
tom collins
tomate
tomato juice
tongue tied
tonic and tequila
tonto
too full flor dessert
tootsie roll
top banana
topsia cola
torito tequila
toso
touchdown
toussaint coffee liqueur
traditional mexican ponche
trick or treat
trick-or-tini
triple c's
triple crown julep
triple sec
tropical itch
true blood
tschunk
tsipouro
tuaca
tuak
tucson martini
tulsi tea
turbinado
turbo
turkey in a bowl
turkish coffee
tuxedo
twist-up
twisted nutty rum
two kids in a cup
ty ku
u-boot
u-z
ugly
ulanda
ultimate bell pepper
ultimate indulgence
umeshu
uncaria tomentosa tea
unchained
under the volcano martini
underberg
underground
undertow
unicum
union jack
union league
updated nog martini
urge intense
urquhart castle
uv vampire kiss
v
vaag energy drink
valencia
valentine's kiss
valentini
valerian sedative tea
vampire bite
vampire blood
vampire kiss
vampire ritual
vampire vixen
vampire's elixir
vampire's kiss
vampire's punch
van der hum
van gogh's garden
vana tallinn
vana tallinn cream
vancouver
vanderbilt
vanilla coke
vanilla peppermint martini
vanity fair
vault
vault red blitz
veev
vegas phone call
venom energy
verbena tea
vermeer
vermouth
vernor's
vernors
verve
very merry cocoa
very old fashioned
vesper
vesper martini
vespetro
vessel 75
vetiver tea
vi-co
visinata
via veneto
vibe robusta coffee liqueur
vienna coffee
vieux carre
vinsanto
virgin vanilla cola
vodka
vodka gimlet
vodka ice cream soda
vodka martini
vodka mcgovern
vodka mimosa
vodka stinger
vodka sundowner
vodka sunrise
vok banana liqueur
vok coffee liqueur
vok melon liqueur
volga boatman
voodoo cream liqueur
voodoo daiquiri
vov
voyant chai cream
walders
waldorf
wallace liqueur
ward 8
warm winter margarita
warm wishes
warsaw
washington apple
wassa world
wassail
water
watermelon
watermelon agua fresca margarita
watermelon and apple margarita
watermelon mojito
waterwheel
wedang jahe
what's up
wheat beer
whidbeys
whipped fiesta
whiskey
whiskey sencha
whiskey sour
whisky
whisky liqueur
whisky mac
white chocolate mocha
white coffee
white cosmopolitan
white elephant
white lady
white lady
delilah
white russian
white tie and tiara
who needs her
who needs him
wisniowka
wicked red punch
wicked sky
wicked witch apple punch
wicky wacky woo
widow's kiss
wild irish rose
wild turkey american honey
williamine
wine
winners cup
winter blanco martini
winter cherry punch
winter sour
winter spice sangria
winter wonderland
witbier
witch's brew
witch's punch
wolfram
wong lo kat tea
woo woo
woodruff tea
woodstock
woodward eggnog
wreath of barbs
x meeting mrs. bing
x on the peach
x-rated flirtini
x-rated fusion liqueur
x-rated mimosa royale
x-rated summer
x-tea-c
xaica
xango
xanthia
xicolatada
xoxo
xs energy drink
xtabentun
xuxu
xyz
yale
yankee doodle
yarrow tea
year of the dragon
yellow bird
yellow fingers
yellow morning
yellow parrot
yokohama mama
yoo-hoo
yorsh
yoshi
yuanyang
yukon jack
yule mule
yuletide punch
zapatista
zebra mocha
zen
zen latte
zesty irishman
zombie
zurracapote
zutho
albarino
aligote
amarone
arneis
asti spumante
auslese
banylus
barbaresco
bardolino
barolo
beaujolais
blanc de blancs
blanc de noirs
blush
boal
bual
brunello
cabernet franc
cabernet sauvignon
carignan
carmenere
cava
charbono
champagne
chardonnay
châteauneuf-du-pape
chenin blanc
chianti
chianti classico
claret
colombard
constantia
cortese
dolcetto
eiswein
frascati
fume blanc
gamay
gamay beaujolais
gattinara
gewurztraminer
grappa
grenache
johannisberg riesling
kir
lambrusco
liebfraumilch
madeira
malbec
marc
marsala
marsanne
mead
meritage
merlot
montepulciano
moscato
mourvedre
muller-thurgau
muscat
nebbiolo
petit verdot
petite sirah
pinot blanc
pinot grigio
pinot gris
pinot meunier
pinot noir
pinotage
port
retsina
rose
roussanne
sangiovese
sauterns
sauvignon blanc
semillon
sherry
soave
tokay
traminer
trebbiano
ugni blanc
valpolicella
verdicchio
viognier
zinfandel
shiraz
