mary
margaret
elizabeth
jane
catherine
agnes
isabella
annie
janet
helen
jessie
ann
christina
sarah
maggie
jeanie
marion
ellen
susan
barbara
lizzie
alice
martha
grace
jean
anne
georgina
bridget
eliza
euphemia
kate
williamina
jemima
rachel
hannah
joan
nellie
maria
charlotte
bella
emily
linda
rebecca
robina
flora
patricia
emma
laura
karen
kathleen
jacqueline
caroline
angela
jennifer
irene
michelle
rose
betsy
lily
alison
dorothy
anna
may
edith
jeannie
maureen
julia
amy
frances
lisa
elsie
violet
sandra
bessie
christine
elaine
louise
katie
marjory
fiona
sharon
claire
julie
nicola
esther
lauren
heather
ruth
sheila
lorraine
nicole
annabella
minnie
henrietta
lucy
amanda
evelyn
matilda
jessica
carol
stephanie
gillian
florence
amelia
marie
june
sophia
louisa
winifred
fanny
ethel
sophie
mabel
yvonne
josephine
cecilia
wilhelmina
lynn
harriet
eileen
eva
joyce
eleanor
pauline
theresa
donna
chloe
samantha
nancy
diane
megan
alexandra
ashley
pamela
danielle
natalie
isabel
teresa
deborah
johanna
victoria
katherine
johan
beatrice
kirsty
joanne
erin
alexandrina
kelly
rosemary
melissa
jenny
olivia
andrea
christian
isobel
joanna
moira
janice
sara
kim
tracy
audrey
ella
lorna
suzanne
wendy
leah
gladys
lesley
betty
catharine
denise
lynne
clara
davina
allison
elspet
veronica
brenda
shannon
hazel
holly
rosina
ellie
daisy
paula
ada
doreen
diana
thomasina
rachael
alexina
valerie
gertrude
doris
shirley
jill
gail
muriel
ruby
dawn
peggy
elisabeth
norma
hilda
norah
lilian
morag
sylvia
zoe
phyllis
nora
leanne
stacey
gemma
marjorie
debbie
cheryl
caitlin
tracey
elspeth
isa
janette
lena
jeanette
hellen
natasha
jade
annette
mia
aileen
nina
ina
molly
monica
amber
lillias
lilias
roberta
jamesina
jennie
effie
kerry
brooke
melanie
tina
helena
rita
dora
clare
vanessa
ava
lydia
carolyn
beth
ana
olive
courtney
shona
lindsay
vera
letitia
elena
susannah
maud
dolina
lilly
abigail
lillian
millie
kimberly
sally
alexanderina
jenna
mina
sheena
constance
iris
anita
marina
mandy
elizth
katrina
abbie
ivy
isla
rosie
marianne
hayley
kayleigh
chelsea
robyn
claudia
aimee
olga
susanna
rosa
naomi
chirsty
taylor
roseann
christy
judith
bertha
charlene
alicia
nikki
morgan
marilyn
chrissie
kimberley
kathryn
carla
maya
stella
eilidh
carrie
carole
wilma
michele
eve
margret
carmen
bernadette
tara
cynthia
lynsey
kayla
edna
nelly
alexis
kathy
tiffany
ida
nadia
magdalene
sofia
cindy
gina
gloria
liz
cara
erica
paige
marian
arlene
judy
kay
jodie
kirsten
heidi
siobhan
georgia
selina
hughina
jillian
carly
joy
dana
geraldine
adele
lori
ashleigh
miriam
leslie
sonia
myra
leigh
lynda
tanya
sue
alana
jasmine
pearl
clementina
catriona
mona
jamie
niamh
marlene
virginia
natalia
jackie
madge
april
brittany
lara
cathrine
lindsey
vicky
gracie
erika
cristina
lee
tamara
madeline
freya
avril
debra
alex
toni
eveline
bethia
hanna
skye
robin
kristen
connie
phoebe
sabrina
abby
francesca
bonnie
susanne
zara
isabelle
robertina
vicki
stacy
donaldina
rhoda
kara
rhona
madison
jan
rosanna
sadie
kelsey
elise
colleen
carolina
nettie
marta
kristina
simone
kristin
andrina
alyssa
nadine
priscilla
hollie
andrewina
davidina
crystal
karin
laurie
katy
dianne
layla
bethany
daniela
renee
cathy
jo
summer
gabrielle
monique
angelina
maisie
tammy
jeanne
thelma
becky
maja
gwen
lola
michaela
janie
shelley
evie
ingrid
emilia
dorothea
mildred
sandy
freda
silvia
alexandria
bianca
alma
pat
maxine
gayle
penny
lexi
penelope
ona
lucia
mhairi
lois
irina
mairi
adeline
adelaide
peggie
anastasia
colette
lavinia
ursula
adriana
janine
janetta
polly
keira
johann
faith
hope
blanche
valentina
alexa
vivian
terri
casey
marguerite
lillie
murdina
poppy
lana
rosalind
gabriela
gabriella
regina
meghan
beverly
jordan
iona
maryann
elisa
lina
liza
angie
dinah
gwendoline
monika
rebekah
janis
myrtle
leila
jodi
pam
demi
adrienne
hilary
cassie
madeleine
celia
rona
nathalie
lucinda
lacey
lottie
rosetta
justine
karina
antonia
francis
cassandra
rhonda
loraine
winnie
kitty
lyn
dina
jen
jemma
alisha
philomena
jayne
angel
camille
jamima
anne-marie
martina
marisa
tania
sasha
lucie
miranda
beryl
aria
sydney
elsa
marissa
aisha
isabell
chris
dominique
lyndsey
juliet
yasmin
kaitlyn
fatima
mollie
lyndsay
petra
belinda
magdalena
anabella
mya
mariana
margarita
mari
greta
eunice
aleksandra
orla
nan
alina
elle
daphne
maude
corinne
chantelle
sonja
caitlyn
emilie
mavis
susie
jess
tatyana
barbra
mila
lea
tatiana
maryam
cathie
camilla
natalya
kerri
sherry
marcia
faye
candice
beverley
margo
brigitte
paola
fay
rena
roxanne
raquel
joann
leona
yvette
cora
liliana
delia
sonya
mara
dee
karla
wanda
ailsa
shelby
lynette
brianna
christie
bathia
katerina
millicent
jana
charlie
annabel
nichola
meredith
sybil
stefanie
savannah
melinda
tia
svetlana
haley
zuzanna
jemina
sarah-jane
katharine
sabine
colina
dionne
roseanne
jocelyn
vikki
vivienne
kiera
meg
libby
angusina
susana
patty
deanna
luisa
sienna
lia
vivien
ali
sabina
martine
margot
kat
ariana
melody
elma
yolanda
harriett
teri
margery
mercedes
shelly
kira
whitney
paulina
jody
marcella
serena
kirsteen
leeanne
juliana
ciara
neve
krista
tessa
effy
kristine
juliette
mimi
helene
billie
scarlett
zainab
kylie
terry
una
harper
alix
noreen
therese
marg
margaretta
rae
dolly
ayla
darlene
alba
kaitlin
angelica
ena
linzi
patti
chantal
winnifred
mariya
darcy
dolores
aurora
aggie
charmaine
tricia
lexy
annabelle
zofia
josie
shauna
genevieve
valeria
rosemarie
netta
clair
loretta
dani
sylvie
leonora
thea
anja
honor
chiara
rhiannon
georgie
eden
alyson
ellis
alanna
sheryl
milly
lianne
tess
agness
cecelia
abbey
jannet
astrid
jaclyn
kelli
jacobina
laila
deirdre
zahra
felicia
mae
kellie
anya
leeann
candy
mariam
ayesha
mirren
kristy
annmarie
alexia
daniella
christa
renata
lee-anne
kirstin
isobella
eleni
callie
josephina
lila
ivana
lorena
lexie
alessandra
sinead
sian
marianna
honora
amie
mackenzie
kari
allie
alisa
ann-marie
kirstie
sam
keri
jaime
giulia
ester
kendra
hana
desiree
luna
autumn
cathleen
celeste
brandy
pia
kristi
yelena
imogen
niki
katelyn
elvira
elizh
irena
arianna
johnina
chrissy
pilar
etta
rochelle
collette
antoinette
abi
marget
ariel
rina
katharina
ekaterina
alejandra
manuela
charley
bailey
mariah
devina
christiane
milena
katja
candace
jasmin
rosalie
ginger
amina
krystal
gretchen
maia
willow
mare
simona
jeannette
giovanna
tanja
roslyn
marlyn
beatriz
lili
ewa
elinor
lucille
irma
hailey
cornelia
annemarie
jamie-lee
mira
estelle
cerys
larissa
alena
suzy
peterina
rosanne
veronika
elezabeth
johnann
magdaline
kennethina
cherie
galina
francine
esme
rosann
brogan
tori
bell
augusta
alicja
catherina
betsey
stefania
brandi
joana
christiana
laurel
arabella
katarina
helga
carina
belle
sierra
kyla
bettina
fernanda
ria
marsha
selena
katia
ebony
gigi
yuliya
adelina
kacey
johana
becca
rosaleen
magdalen
lee-ann
hester
hallie
glenda
fran
allyson
tamar
roseanna
cissie
lavina
rowan
jenni
trish
marrion
linsey
tabitha
enid
kerrie
hillary
evangeline
lizzy
noelle
macy
katarzyna
carolann
marija
karolina
annetta
ramona
leonie
aline
ami
cherry
nikita
mindy
ines
bobbie
liana
lady
missy
talia
lidia
keiko
juanita
shiela
moyra
misty
inga
felicity
senga
saskia
adela
annika
wilhemina
mai
jacqui
aida
emma-louise
bernice
janelle
unity
marnie
marcela
lyudmila
harley
gaynor
amelie
morven
ainsley
nana
abbi
rhea
oliwia
kaylee
gianna
devon
brittney
shari
marika
jenn
eugenia
chelsey
tonya
nola
magda
lauryn
kyra
sherri
trisha
rosaline
riley
mika
inge
mable
fannie
zoya
paris
maddie
kendall
elina
sheri
rachelle
lynsay
nell
julianne
gisela
daria
clarissa
birgit
zoey
tegan
marguerita
camila
briana
prudence
celine
antonina
angelique
nicky
maddison
frankie
rene
luciana
eleonora
anastasiya
renate
bobbi
ally
tasha
sharlene
brooklyn
nichole
kasey
agnieszka
rubina
patsy
kaye
jelena
nessie
emmy
myriam
suzie
kelley
jesse
viola
nieve
minna
gaby
eloise
destiny
carmela
lousia
crissie
amira
sofie
patrizia
kris
kiara
evelyne
andrena
traci
phillis
maura
margie
yasmine
princess
karyn
catrina
tilly
rowena
roisin
melina
lourdes
johannah
shana
malgorzata
katrin
johanne
jessy
stacie
carolanne
trudy
shawna
lulu
louie
farah
alissa
lyla
easter
india
jay
cassidy
sana
oksana
ilona
piper
nita
hetty
georgeina
edwina
blanca
amna
tami
silvana
queenie
janina
angelika
nanette
mathilde
jolene
antonella
sarah-louise
merle
vida
miki
lisa-marie
giselle
elspit
cat
bea
agatha
ray
mallory
jacquelyn
clarice
aya
allana
sharron
nikola
leticia
klara
kiki
joey
ilse
coral
sunny
lora
caterina
vickie
tyler
quinn
hilde
gabriele
sheree
lesley-anne
karine
fern
coleen
catalina
akiko
ellison
asha
roma
ngaire
lotte
ishbel
cleo
sandi
honey
cameron
halle
cheyenne
larisa
julianna
joni
dagmar
angeline
lise
nicolle
athena
asia
delphine
aubrey
theodora
paulette
kerstin
elyse
darcie
amalia
alannah
wiktoria
priya
karis
claudine
celina
anaya
nia
jaqueline
pola
philippa
laurence
gwendolyn
ariane
marla
margherita
federica
emmie
zena
peyton
meagan
leia
kathrine
florrie
danni
blair
raven
leena
cissy
adamina
yana
jannie
aaliyah
justina
carol-ann
yuki
evelina
roxy
paloma
willimina
rodina
farrah
randi
hiroko
chanel
primrose
livia
elissa
deb
ulla
manon
iva
aila
payton
lilia
katya
isab
elly
donella
bree
skylar
maryanne
nicki
cheri
anny
rosalyn
ashlee
anderina
taryn
cali
viktoria
macie
inez
teigan
sandrine
polina
neilina
mattie
loren
corrine
arielle
pascale
marcy
ingeborg
gerda
caron
alla
virginie
tomoko
leigh-ann
kelsie
ginny
dayna
anele
aliza
suzanna
stevie
jenet
ani
alesha
adrianna
rebeca
kristie
kali
jenifer
nadezhda
divina
clementine
aleena
nada
mariko
isabela
emelia
alessia
shanna
jordyn
henriette
gia
evaline
dale
agata
reiko
kennedy
hectorina
chantel
bryony
britt
tatjana
sidney
janey
carol-anne
viviana
shelagh
nicolette
nannie
luz
emmanuelle
eliana
bronwyn
trina
frida
francisca
dollina
tiana
rosy
myla
kaci
jamie-leigh
chanelle
anika
noriko
marita
margarete
dakota
neha
macey
krystyna
eleanora
darcey
andi
rhianna
patrice
lolita
jeanine
samira
nadja
jeanetta
corinna
yumi
kaori
iman
elke
elen
demi-leigh
davida
selma
salma
mikaela
filomena
dulcie
aoife
shazia
gertie
elisabetta
carola
britney
alia
roxana
leigh-anne
karly
georgette
ulrike
regan
noor
marley
kym
khadija
franziska
dara
corina
romina
megumi
lynnette
glynis
mikayla
liane
dena
corrie
cecily
sadia
margart
magde
lou
katrine
kacie
hristina
dianna
debora
danica
robertha
kelly-anne
kayley
fabienne
eda
yael
verena
miley
ellenor
alberta
meta
maeve
kelly-ann
frieda
ailie
ai
violeta
mercy
elenor
berta
yuka
soraya
rosan
odette
lenore
eryn
dimitra
charli
cecile
bridgette
yoko
marcelle
gale
ettie
ellan
elisha
caoimhe
adelle
pippa
mei
leyla
coco
carmel
michiko
lin
janna
florance
essie
carys
agota
tracie
sandie
natasa
mayumi
junko
hafsa
thora
maren
lily-rose
kati
inna
gay
seonaid
romy
matilde
jutta
jena
arya
suzi
sari
morna
kiran
charity
bruna
barbie
audra
anni
yekaterina
kenzie
emmeline
avery
tiegan
saira
safa
josefina
franca
flavia
lesley-ann
elli
cody
breanna
vilma
gilda
else
brenna
weronika
judi
halina
della
carissa
brodie
vesna
shay
rosita
noeline
mireille
madame
leanna
leann
julie-ann
hayleigh
elzbieta
annabell
mima
milana
julie-anne
ioanna
hanne
erna
edie
debi
beata
aminah
melisa
eugenie
debby
darya
venus
lindy
laetitia
dorcas
dominika
demi-lee
cate
brigid
beatrix
valentine
val
shawn
sacha
myrna
marine
maci
lisbeth
dixie
briony
vanesa
trinity
mel
maribel
liv
kathrin
jennet
bridgett
michela
margory
joelle
isha
inaaya
elodie
vanda
rosana
rania
marisol
kerry-anne
hanah
ema
christi
aysha
albina
rie
patience
noa
nisha
gabi
elin
rhian
maree
consuelo
catherin
brianne
anette
viktoriya
roseina
donalda
deanne
suzan
micaela
mette
kornelia
kia
ilaria
christel
yuri
reina
mckenzie
kerry-ann
jazmin
emi
deidre
chandra
blake
bessy
adelia
jada
henny
claudette
carlotta
staci
reta
miya
mennie
giorgia
britta
beate
scarlet
leigha
jewel
graciela
ella-rose
dalia
catheirne
tonia
tiziana
remi
pooja
jessi
jeannine
dorota
catarina
bethan
ashlyn
ute
sky
miho
margareta
klaudia
julian
georgiana
gaia
darci
chirstina
bethea
yoshiko
sanna
rosey
rosario
lani
ketty
fleur
sigrid
racheal
noemi
marci
madelyn
lacy
jorgie
iqra
emanuela
bess
amal
aliyah
rosena
rana
malin
heike
france
florencia
evonne
darla
aurelia
yulia
walterina
rabia
nova
natascha
jo-anne
ilana
henritta
deena
roselyn
lilli
kirstine
estella
emma-jane
anthea
teagan
martyna
margit
ling
hettie
gael
gabby
cordelia
addison
susanah
risa
meena
mandi
logan
kiana
caren
violetta
neive
masha
mariann
margarite
mar
julieta
josette
jorja
gwyneth
verna
shanice
samara
saima
nuria
mistress
marietta
maki
liliane
kendal
hiromi
gretta
devin
barb
shereen
nela
maira
madelina
maddy
leighann
juana
ileana
eliane
chelsie
annalisa
suzette
moreen
meri
luana
inger
gudrun
evi
charlesina
anjali
laure
latoya
laiba
kseniya
kareen
isis
ilene
cyndi
corrina
cicely
caryn
yara
steffi
star
phylis
midori
malcolmina
kinga
khadijah
keeley
kaya
cari
yukiko
seema
rosannah
miyuki
meryl
lisette
laraine
kit
kaja
indie
hitomi
dona
crissy
cathe
willina
sibella
moya
mariel
lu
laurina
keren
jude
ira
hessie
francess
fallon
christin
shayna
ola
noel
milla
meaghan
mayra
margrate
leighanne
keisha
kamila
antje
anouk
alaina
trudi
tereza
mitzi
mirjana
mirella
kai
jesie
jasmina
germaine
fatimah
carrie-anne
carley
biddy
aiza
tammie
shannen
orlaith
marge
maite
karli
hamilton
evgeniya
euphamia
esmeralda
eri
verity
tamsin
shauni
mand
kirsti
kellyann
kathie
anu
annalise
tomima
steph
samia
rossana
rosella
magali
letty
leilani
kyoko
gena
delilah
blanka
aliya
alfreda
tanisha
rosamond
natacha
murron
linsay
jeri
flo
eirini
ayumi
avis
anke
agnus
yumiko
yuko
silke
samina
sahar
rika
queen
nella
masako
lyubov
luci
ljiljana
khloe
imaan
christabel
cecila
ayat
athina
adaline
viviane
tomina
misha
jaye
jacquie
iga
ernestine
ela
carey
aisling
soledad
sanja
romana
patrycja
neave
nazia
lacie
krystle
jayde
danuta
marcie
malika
lita
karoline
izabela
emily-rose
ashton
adrianne
zarah
tyra
nika
milica
marja
marie-louise
jaya
diamond
anneliese
anais
amara
wilhilmina
sammy
reagan
portia
naoko
marin
magaret
ludmila
harriette
harmony
haniya
gormelia
elana
coralie
bette
ayako
anna-marie
aleisha
skyler
phebe
montse
mahnoor
gill
geri
efi
clemintina
carron
carine
aqsa
ane
