#@first
john
mary
james
margaret
william
elizabeth
robert
jane
alexander
catherine
thomas
agnes
david
isabella
george
annie
andrew
janet
peter
helen
charles
jessie
joseph
ann
hugh
christina
michael
sarah
donald
maggie
patrick
jeanie
daniel
marion
henry
ellen
edward
susan
archibald
barbara
samuel
lizzie
francis
alice
richard
martha
duncan
grace
matthew
jean
paul
anne
adam
georgina
walter
bridget
mark
eliza
brian
euphemia
ian
kate
neil
williamina
alex
jemima
stephen
rachel
angus
hannah
allan
joan
arthur
nellie
christopher
maria
kenneth
charlotte
scott
bella
alan
emily
colin
linda
frank
rebecca
malcolm
robina
martin
flora
steven
patricia
kevin
emma
gordon
laura
norman
karen
jack
kathleen
anthony
jacqueline
ronald
caroline
harry
angela
douglas
jennifer
chris
irene
gary
michelle
ryan
rose
bernard
betsy
albert
lily
frederick
alison
craig
dorothy
alfred
anna
mike
may
eric
edith
tom
jeannie
stuart
maureen
jason
julia
philip
amy
steve
frances
joe
lisa
derek
elsie
stewart
violet
roderick
sandra
sean
bessie
ben
christine
jonathan
elaine
benjamin
louise
matt
katie
lewis
marjory
gavin
fiona
jamie
sharon
graham
claire
tony
julie
jim
nicola
ross
esther
sam
lauren
simon
heather
bill
ruth
dan
sheila
gilbert
lorraine
murdo
nicole
hector
annabella
jeff
minnie
aaron
henrietta
tim
lucy
keith
amanda
owen
evelyn
nick
matilda
raymond
jessica
bob
carol
dennis
stephanie
lee
gillian
josh
florence
kyle
amelia
lawrence
marie
dave
june
greg
sophia
bruce
louisa
ernest
winifred
nicholas
fanny
justin
ethel
isaac
sophie
darren
mabel
dugald
yvonne
barry
josephine
max
cecilia
marc
wilhelmina
joshua
lynn
nathan
harriet
liam
eileen
iain
eva
jordan
joyce
gerald
eleanor
jay
pauline
luke
theresa
christian
donna
alistair
chloe
jacob
samantha
cameron
nancy
oliver
diane
charlie
megan
stanley
alexandra
louis
ashley
rob
pamela
don
danielle
denis
natalie
finlay
isabel
leslie
teresa
brandon
deborah
ralph
johanna
graeme
victoria
victor
katherine
jon
johan
andy
beatrice
ron
kirsty
herbert
joanne
danny
erin
ken
alexandrina
roger
kelly
gerard
rosemary
carlos
melissa
roy
jenny
dylan
olivia
bryan
andrea
harold
vincent
isobel
grant
joanna
larry
moira
fred
janice
rick
sara
dean
kim
jake
tracy
antonio
audrey
jeremy
ella
terence
lorna
willie
suzanne
laurence
wendy
archie
leah
billy
gladys
lachlan
lesley
connor
betty
ray
catharine
murdoch
denise
callum
lynne
tyler
clara
jerry
davina
edwin
allison
juan
elspet
ed
veronica
timothy
brenda
johnny
shannon
leo
hazel
mario
holly
gabriel
rosina
jan
ellie
jeffrey
daisy
jimmy
paula
terry
ada
phil
doreen
carl
diana
evan
thomasina
will
rachael
russell
alexina
leonard
valerie
felix
gertrude
shaun
doris
joel
shirley
brad
jill
bobby
gail
tommy
muriel
luis
ruby
adrian
dawn
jesse
peggy
marcus
elisabeth
alastair
norma
maurice
hilda
garry
norah
archd
lilian
ivan
morag
todd
sylvia
eddie
zoe
doug
phyllis
kieran
nora
robin
leanne
marco
stacey
lucas
gemma
fraser
marjorie
logan
debbie
wayne
cheryl
jose
caitlin
cornelius
tracey
campbell
elspeth
abraham
isa
ewen
janette
erik
lena
hans
jeanette
nathaniel
hellen
austin
natasha
randy
jade
oscar
annette
ethan
mia
jorge
aileen
pat
nina
gregory
ina
noah
molly
leon
monica
roberto
amber
shane
lillias
al
lilias
joey
roberta
ebenezer
jamesina
karl
jennie
robbie
effie
stefan
kerry
ted
brooke
julian
melanie
drew
tina
shawn
helena
rita
calum
dora
phillip
clare
vladimir
vanessa
brett
ava
murray
lydia
dale
carolyn
trevor
beth
dominic
ana
howard
olive
manuel
courtney
sebastian
shona
mitchell
lindsay
pierre
vera
sydney
letitia
magnus
elena
chad
susannah
ali
maud
miguel
dolina
guy
lilly
glenn
abigail
taylor
lillian
fernando
millie
pete
kimberly
travis
sally
hamilton
alexanderina
ewan
jenna
brendan
mina
rory
sheena
chuck
constance
dick
iris
maxwell
anita
mathew
marina
allen
mandy
aleksandr
elizth
aidan
katrina
wilson
abbie
andreas
ivy
corey
isla
bruno
rosie
nicolas
marianne
kai
hayley
alberto
kayleigh
zach
chelsea
cody
robyn
francisco
claudia
michel
aimee
kurt
olga
glen
susanna
pedro
rosa
sidney
naomi
hendry
chirsty
jonas
blake
roseann
jared
christy
ricardo
judith
igor
bertha
jeremiah
charlene
ricky
alicia
gregor
nikki
sergio
morgan
roland
marilyn
gene
chrissie
harris
kimberley
eugene
kathryn
andre
carla
mason
maya
aiden
stella
kenny
eilidh
omar
carrie
blair
carole
zachary
wilma
troy
michele
rich
eve
philippe
margret
brent
carmen
morris
bernadette
caleb
tara
bradley
cynthia
alister
lynsey
edmund
kayla
rafael
edna
giovanni
nelly
cole
alexis
jacques
kathy
edgar
tiffany
javier
ida
claude
nadia
geoffrey
magdalene
pablo
sofia
declan
cindy
kris
gina
euan
gloria
eduardo
liz
seth
cara
erica
ronnie
paige
luca
marian
arlene
francesco
judy
wallace
kay
alick
jodie
carlo
kirsten
warren
heidi
fergus
siobhan
marcel
georgia
reece
selina
boris
hughina
alfie
jillian
roman
carly
diego
joy
alejandro
dana
bryce
geraldine
mohammed
adele
casey
lori
hugo
ashleigh
hunter
miriam
forbes
anton
sonia
rhys
myra
jackson
leigh
sinclair
lynda
spencer
tanya
marshall
sue
giuseppe
alana
harvey
jasmine
pearl
reginald
clementina
conor
catriona
elliot
mona
rodney
lance
niamh
nigel
marlene
moses
virginia
cecil
natalia
nelson
jackie
madge
angelo
april
derrick
brittany
lara
hamish
cathrine
calvin
lindsey
dustin
vicky
riley
gracie
gareth
erika
nicol
cristina
giorgos
farquhar
tamara
bertie
madeline
geoff
freya
curtis
avril
nate
debra
myles
noel
toni
zack
eveline
paolo
bethia
alessandro
hanna
finn
skye
stan
kristen
alain
connie
harrison
phoebe
cory
sabrina
rod
abby
xavier
francesca
theo
bonnie
mohamed
susanne
ahmed
zara
sonny
isabelle
olivier
robertina
franco
vicki
antony
stacy
bert
donaldina
miles
rhoda
alfredo
kara
mohammad
rhona
arnold
madison
wolfgang
sandy
rosanna
lou
sadie
percy
kelsey
sergey
elise
alasdair
colleen
filip
carolina
vince
nettie
wilfred
marta
damien
kristina
luigi
simone
damian
kristin
kirk
andrina
desmond
alyssa
cyril
nadine
clark
priscilla
julio
hollie
lloyd
andrewina
ruben
davidina
mungo
crystal
lorenzo
karin
toby
laurie
dominick
katy
zak
dianne
jaime
layla
jakub
bethany
viktor
daniela
alec
renee
emmanuel
cathy
enrique
jo
mitch
summer
rodger
gabrielle
art
monique
nikos
angelina
jerome
maisie
earl
tammy
eli
jeanne
clifford
thelma
gerry
becky
daryl
maja
claudio
gwen
muhammad
lola
mikhail
michaela
marvin
janie
dimitris
shelley
freddie
evie
pavel
ingrid
niel
emilia
markus
dorothea
marty
mildred
theodore
darryl
freda
rudy
silvia
alexandre
alexandria
zac
bianca
mick
alma
wesley
crawford
maxine
michal
gayle
brodie
penny
leonardo
lexi
josef
penelope
frankie
ona
kent
lucia
mhairi
greig
lois
les
irina
jayden
mairi
tristan
adeline
devin
adelaide
armando
peggie
stefano
anastasia
chase
colette
oleg
lavinia
lars
ursula
jude
adriana
ollie
janine
angel
janetta
klaus
polly
stephan
keira
cliff
johann
solomon
faith
master
hope
kostas
blanche
garrett
valentina
findlay
alexa
dougald
vivian
ibrahim
terri
nico
elijah
marguerite
johnston
lillie
sergei
murdina
pascal
poppy
otto
lana
andrei
rosalind
byron
gabriela
bartholomew
gabriella
andrey
regina
giannis
meghan
elias
beverly
walker
damon
iona
gregg
maryann
emilio
elisa
emil
lina
julien
liza
ernesto
angie
russ
dinah
rex
gwendoline
neal
monika
lionel
rebekah
laurent
janis
levi
myrtle
ramon
leila
israel
jodi
hal
pam
rodrigo
demi
herman
adrienne
rene
hilary
cassie
yuri
madeleine
tobias
celia
julius
rona
fabio
nathalie
gustavo
lucinda
franz
lacey
raul
lottie
dirk
rosetta
federico
justine
hassan
karina
ernie
antonia
reuben
clive
cassandra
amir
rhonda
paulo
loraine
niall
winnie
fritz
kitty
guillermo
lyn
wes
dina
jen
darrell
jemma
clarence
alisha
philomena
teddy
jayne
antoni
lukas
camille
antoine
jamima
marko
anne-marie
christophe
martina
johannes
marisa
bart
tania
gideon
sasha
werner
lucie
mickey
miranda
tomas
beryl
piotr
aria
matthias
clayton
elsa
bo
marissa
georges
aisha
arran
isabell
florian
oskar
dominique
edmond
lyndsey
clint
juliet
terrence
yasmin
marcos
kaitlyn
benny
fatima
quintin
mollie
hubert
lyndsay
willy
petra
gil
belinda
massimo
magdalena
vic
anabella
sammy
mya
mariana
pietro
margarita
milan
mari
jasper
greta
carter
eunice
aleksandra
jean-pierre
orla
nikolai
nan
hank
alina
hayden
elle
giorgio
daphne
fabian
maude
clay
corinne
arturo
chantelle
sonja
alvin
caitlyn
randall
emilie
perry
mavis
guido
susie
antanas
jess
jun
tatyana
mel
barbra
jonathon
mila
salvatore
lea
enrico
tatiana
luciano
maryam
gino
cathie
buddy
camilla
felipe
natalya
louie
kerri
aldo
sherry
serge
marcia
henri
faye
ahmad
candice
cooper
beverley
richie
margo
melvin
brigitte
andres
paola
matteo
fay
lyle
rena
josiah
roxanne
anders
raquel
rocco
joann
dominik
leona
marcelo
yvette
ciaran
cora
jesus
liliana
delia
conrad
sonya
lauchlan
mara
jonny
dee
fredrick
karla
kian
wanda
alfonso
ailsa
isaiah
shelby
orlando
lynette
devon
brianna
bertram
christie
gabe
bathia
micheal
katerina
jens
millicent
christoph
jana
santiago
robertson
annabel
renato
nichola
konstantin
meredith
ty
sybil
rocky
stefanie
preston
savannah
junior
melinda
axel
tia
ninian
svetlana
anderson
haley
marek
zuzanna
juozas
jemina
raphael
sarah-jane
dante
katharine
aleksey
sabine
heinz
colina
kristian
dionne
kacper
roseanne
innes
jocelyn
milton
vikki
georg
vivienne
dino
kiera
beau
meg
abdullah
libby
micah
angusina
nicky
susana
andrzej
patty
carson
deanna
kennedy
luisa
freddy
sienna
martyn
lia
cesar
vivien
jordi
thom
sabina
reggie
martine
dario
margot
irving
kat
erick
ariana
duane
melody
luc
elma
dillon
yolanda
elliott
harriett
thomson
teri
ari
margery
manfred
mercedes
wade
shelly
dieter
kira
vincenzo
whitney
eddy
paulina
ernst
jody
horace
marcella
len
serena
kerr
kirsteen
riccardo
leeanne
willm
juliana
gianni
ciara
domenico
neve
ambrose
krista
parker
tessa
effy
bailey
kristine
abdul
juliette
ramsay
mimi
nikolay
helene
basil
billie
thierry
scarlett
manny
zainab
rolf
kylie
hiroshi
ellis
una
collin
harper
rudolf
alix
mauro
noreen
mikey
therese
gus
marg
boyd
margaretta
wincas
rae
irvine
dolly
maurizio
ayla
oswald
darlene
enzo
alba
dj
kaitlin
aleksander
angelica
tomasz
ena
dane
linzi
allister
patti
sven
chantal
valentin
winnifred
johnathan
mariya
tyrone
darcy
artur
dolores
guillaume
aurora
dmitriy
aggie
sal
charmaine
clement
tricia
yves
lexy
krzysztof
annabelle
zofia
scot
josie
jonah
shauna
genevieve
valeria
mac
rosemarie
trent
netta
kristopher
clair
bernie
loretta
kelvin
dani
jules
sylvie
vernon
leonora
karim
thea
henrik
anja
honor
sami
chiara
harley
rhiannon
dougal
georgie
mustafa
eden
lenny
alyson
daniele
ritchie
alanna
leroy
sheryl
dwayne
milly
barney
lianne
big
tess
terrance
agness
helmut
cecelia
watson
abbey
cristian
jannet
chip
astrid
ariel
jaclyn
trey
kelli
manus
jacobina
jaxon
laila
curt
deirdre
jerzy
zahra
abel
felicia
marlon
mae
nino
kellie
ivor
anya
wally
leeann
davide
candy
herb
mariam
gilles
ayesha
gerhard
mirren
gerardo
kristy
barrie
annmarie
mackenzie
alexia
daniella
erich
christa
donnie
renata
ashton
lee-anne
jamal
kirstin
darius
isobella
eleni
bud
callie
ned
josephina
van
lila
hyman
ivana
gerrard
lorena
wojciech
lexie
alessandra
sinead
forrest
sian
norbert
marianna
horst
honora
dimitri
amie
quinn
emanuel
kari
rodolfo
allie
mathieu
alisa
winston
ann-marie
kirstie
per
pawel
keri
joachim
bernd
giulia
sid
ester
johnstone
kendra
hana
rudi
desiree
mauricio
luna
quentin
autumn
jeffery
cathleen
eduard
celeste
jed
brandy
rusty
pia
nikola
kristi
jakob
yelena
ferguson
imogen
cedric
niki
valentine
katelyn
clyde
elvira
saul
elizh
erwin
irena
randolph
arianna
mathias
johnina
keir
chrissy
harald
pilar
raj
etta
stanislaw
rochelle
didier
collette
salvador
antoinette
marius
abi
vittorio
marget
jean-claude
rico
rina
amit
katharina
timo
ekaterina
el
alejandra
melville
manuela
sandro
charley
marcello
kenji
mariah
brady
devina
christiane
petr
milena
fabrizio
katja
abram
candace
ivo
jasmin
shay
rosalie
josep
ginger
frederic
amina
ralf
krystal
king
gretchen
conner
maia
dallas
willow
ajay
mare
franklin
simona
vasilis
jeannette
lester
giovanna
tanja
giancarlo
roslyn
dwight
marlyn
keiran
beatriz
prince
lili
ewa
akira
elinor
olaf
lucille
nils
irma
kayden
hailey
hermann
cornelia
franck
annemarie
milo
jamie-lee
brody
mira
yusuf
estelle
paco
cerys
denny
larissa
floyd
alena
samir
suzy
ric
peterina
nic
rosanne
leonid
veronika
dexter
elezabeth
rainer
johnann
mateusz
magdaline
rupert
kennethina
johnnie
cherie
chester
galina
august
francine
nikita
esme
hristos
rosann
aleksandar
brogan
walt
tori
petar
bell
niels
augusta
gonzalo
alicja
georgi
catherina
evgeniy
betsey
romeo
stefania
brandi
clinton
joana
ronan
christiana
mariano
laurel
maciej
arabella
dmitri
katarina
sylvester
helga
ignacio
carina
duke
belle
reid
sierra
luka
kyla
ivie
bettina
dorian
fernanda
barclay
ria
haris
marsha
emile
selena
ravi
katia
maksim
ebony
imran
gigi
ole
yuliya
ilya
adelina
rio
kacey
marcin
johana
jai
becca
barnet
rosaleen
takashi
magdalen
constantine
lee-ann
zoran
hester
hallie
philipp
glenda
yuriy
fran
robb
allyson
donovan
tamar
szymon
roseanna
skip
cissie
hamza
lavina
brock
rowan
tanner
jenni
rohan
trish
lawson
marrion
danilo
linsey
tabitha
bret
enid
kerrie
red
hillary
jean-paul
evangeline
maximilian
lizzy
sanjay
noelle
bogdan
macy
aleksei
katarzyna
simpson
carolann
malcom
marija
hasan
karolina
uwe
annetta
umberto
ramona
jacek
leonie
abe
aline
pieter
ami
nolan
cherry
miller
earnest
mindy
vijay
ines
morrison
bobbie
matti
liana
vito
lady
grahame
missy
aron
talia
olly
lidia
mikael
keiko
ira
juanita
shiela
neill
moyra
heath
misty
giulio
inga
filippo
felicity
sheldon
senga
partick
saskia
godfrey
adela
geroge
annika
arron
wilhemina
zain
mai
robby
jacqui
vicente
aida
vadim
emma-louise
smith
bernice
ranald
janelle
konrad
unity
bernardo
marnie
amos
marcela
tyson
lyudmila
ludovic
sylvain
gaynor
stanislav
amelie
gianluca
morven
giacomo
ainsley
wim
nana
stevie
abbi
miroslav
rhea
jayson
oliwia
davis
kaylee
pepe
gianna
paddy
buck
brittney
shari
tadeusz
marika
bernhard
jenn
eugenia
henk
chelsey
arnaud
tonya
nola
luiz
magda
jermaine
lauryn
wyatt
kyra
maxime
sherri
fabrice
trisha
ion
rosaline
armand
wiliam
mika
piero
inge
mable
reza
fannie
frazer
zoya
morten
paris
gustav
maddie
claud
kendall
sunil
elina
rey
sheri
kane
rachelle
darin
lynsay
brendon
nell
anil
julianne
alvaro
gisela
karel
daria
gabriele
clarissa
ephraim
birgit
antonis
zoey
esteban
tegan
ayaan
marguerita
niko
camila
goran
briana
darrin
prudence
gunnar
celine
butch
antonina
zane
angelique
richd
mateo
maddison
dawid
ulrich
panagiotis
luciana
maxim
eleonora
reed
anastasiya
silvio
renate
ruaridh
bobbi
monty
ally
mehdi
tasha
sharlene
landon
brooklyn
ferdinand
nichole
ezra
kasey
agnieszka
patrice
rubina
lincoln
patsy
arne
kaye
lennon
jelena
evander
nessie
colby
emmy
lucien
myriam
yan
suzie
mat
kelley
khalid
kamil
viola
willem
nieve
norm
minna
malik
gaby
leif
eloise
donny
destiny
mikko
carmela
lonnie
lousia
ismail
crissie
dusan
amira
adriano
sofie
kamal
patrizia
cuthbert
adnan
kiara
woody
evelyne
vyacheslav
andrena
tito
traci
reg
phillis
laurance
maura
adolfo
margie
sol
yasmine
sascha
princess
rolando
karyn
catrina
jarrod
tilly
eugenio
rowena
bilal
roisin
avi
melina
val
lourdes
jeroen
johannah
frans
shana
avery
malgorzata
arun
katrin
wilhelm
johanne
pasquale
jessy
mack
stacie
lennox
carolanne
callan
trudy
dragan
shawna
augusto
lulu
nikolas
errol
farah
dion
alissa
lyla
mirko
easter
kevan
india
del
cal
cassidy
zbigniew
sana
wiktor
oksana
sunny
ilona
scotty
piper
mehmet
nita
grzegorz
hetty
flynn
georgeina
ashok
edwina
alexandros
blanca
seamus
amna
nik
tami
jimmie
silvana
gerd
queenie
eoin
janina
dakota
angelika
nanette
musa
mathilde
loren
jolene
holger
antonella
christos
sarah-louise
ronny
merle
patryk
vida
franciszek
miki
cary
lisa-marie
bertrand
giselle
neville
elspit
leandro
cat
kit
bea
garth
agatha
colton
chi
mallory
hay
jacquelyn
claus
clarice
blaine
aya
spyros
allana
romain
sharron
leopold
dalton
leticia
bryant
klara
kiki
pekka
ilse
asher
coral
struan
lora
los
caterina
lew
vickie
jean-louis
everett
young
hilde
kirill
kenzie
sheree
sterling
lesley-anne
ruairidh
karine
ram
fern
carlton
coleen
alessio
catalina
kristofer
akiko
ismael
ellison
carmine
asha
wolf
roma
rahul
ngaire
lotte
mihalis
ishbel
kieron
cleo
janusz
sandi
gibson
honey
francois
elmer
halle
deepak
cheyenne
xander
larisa
simeon
julianna
milos
joni
fredrik
dagmar
die
angeline
coll
lise
carsten
nicolle
antti
athena
alexandru
asia
rajesh
delphine
hudson
aubrey
augustus
theodora
russel
paulette
otis
kerstin
rui
elyse
humberto
darcie
heinrich
amalia
hamid
alannah
henderson
wiktoria
yonas
priya
keegan
karis
hannes
claudine
augustine
celina
maitland
anaya
cyrus
nia
jaqueline
rudolph
pola
raffaele
philippa
quinton
jesper
gwendolyn
casper
ariane
aj
marla
yu
margherita
federica
kaiden
emmie
zena
jean-marc
peyton
heikki
meagan
giles
leia
burt
kathrine
timmy
florrie
dudley
danni
alisdair
adrien
raven
takeshi
leena
raoul
cissy
mahmoud
adamina
kristoffer
yana
dmitry
jannie
brennan
aaliyah
bartosz
justina
yang
carol-ann
ugo
yuki
jefferson
evelina
grayson
roxy
ward
paloma
ludwig
willimina
juha
rodina
kamran
farrah
chance
randi
andrej
hiroko
ahmet
chanel
volker
primrose
usman
livia
daisuke
elissa
bennett
deb
anatoli
ulla
samson
manon
mo
iva
mckenzie
aila
jukka
payton
friedrich
lilia
nat
katya
isab
jax
elly
dusty
donella
ryszard
bree
jean-luc
skylar
yannis
maryanne
willi
nicki
wei
cheri
vinny
anny
valeriy
rosalyn
lex
ashlee
griffin
anderina
petros
taryn
joaquin
cali
archy
viktoria
wendell
macie
kaleb
inez
davidson
teigan
amar
sandrine
polina
constantin
neilina
cesare
mattie
branko
arlo
corrine
yann
arielle
valeri
pascale
roddy
marcy
elvis
ingeborg
ace
gerda
mihai
caron
makoto
alla
lamar
virginie
hiroyuki
tomoko
aziz
leigh-ann
armin
kelsie
ginny
eliot
dayna
takis
anele
lukasz
aliza
janne
suzanna
gaetano
jenet
enoch
ani
emanuele
alesha
arjun
adrianna
wang
rebeca
tariq
kristie
stu
kali
stelios
jenifer
sebastien
nadezhda
murat
divina
jochen
clementine
aleena
chet
nada
wil
mariko
ruslan
isabela
patrik
emelia
lancelot
alessia
gilberto
shanna
gianfranco
jordyn
drummond
henriette
gia
chaz
evaline
zander
vlad
agata
rasmus
reiko
piet
hectorina
lasse
chantel
jos
bryony
jean-marie
britt
garret
tatjana
massimiliano
han
janey
derick
carol-anne
chen
viviana
vance
shelagh
sacha
nicolette
nestor
nannie
monte
luz
gert
emmanuelle
etienne
eliana
dawson
bronwyn
vinnie
trina
siegfried
frida
natan
francisca
montgomery
dollina
ming
tiana
gian
rosy
myla
ash
kaci
yevgeni
jamie-leigh
tino
chanelle
stavros
anika
keenan
noriko
jean-michel
marita
ezekiel
margarete
cris
neha
vladislav
macey
pyotr
krystyna
lucky
eleanora
jace
darcey
niven
andi
rhianna
humphrey
homer
lolita
cian
jeanine
brooks
samira
youssef
nadja
petras
jeanetta
corinna
hercules
yumi
karol
kaori
asif
iman
rufus
elke
lino
elen
lane
demi-leigh
drake
davida
tucker
selma
salma
krishna
mikaela
filomena
fletcher
dulcie
aditya
aoife
rowland
shazia
rodrick
gertie
elisabetta
jozef
carola
emiliano
britney
alia
henryk
roxana
edoardo
leigh-anne
dickson
karly
anatoliy
georgette
abdel
ulrike
regan
tomislav
noor
marley
osvaldo
kym
noble
khadija
irwin
franziska
richmond
dara
remy
corina
romina
lawrance
megumi
eamon
lynnette
dom
glynis
adolf
mikayla
tiago
liane
steffen
dena
dougall
corrie
aryan
cecily
yannick
sadia
ramesh
margart
morton
magde
le
kip
katrine
jovan
kacie
jojo
hristina
ilias
dianna
eamonn
debora
danica
panos
robertha
howie
kelly-anne
horacio
kayley
carey
fabienne
sander
eda
rik
yael
myron
verena
maksymilian
miley
leighton
ellenor
dariusz
alberta
cam
meta
maeve
virgil
kelly-ann
tommaso
frieda
moshe
ailie
ai
lawrie
violeta
dimitar
mercy
elenor
salim
berta
raja
yuka
lamont
soraya
guiseppe
rosan
flavio
odette
fabien
lenore
eryn
clifton
dimitra
tj
charli
reese
cecile
finley
bridgette
benedict
yoko
alf
marcelle
rayan
gale
nikodem
ettie
niklas
ellan
nichol
elisha
muir
caoimhe
lyall
adelle
pippa
chico
mei
chandler
leyla
willaim
coco
skyler
carmel
royce
michiko
pino
lin
nisbet
janna
renzo
florance
munro
essie
jacky
carys
ingo
agota
faisal
tracie
ayden
sandie
yi
natasa
mayumi
kareem
junko
jordon
hafsa
jin
thora
maren
emerson
lily-rose
elio
kati
des
inna
black
gay
attila
seonaid
vaughn
romy
valerio
matilde
tarek
jutta
rikki
jena
lucio
arya
jussi
suzi
jean-jacques
sari
clarke
morna
adil
kiran
ville
charity
umar
bruna
thanasis
barbie
rafal
audra
lorne
anni
issac
yekaterina
glyn
eugen
emmeline
doc
vangelis
tiegan
thorsten
saira
sandeep
safa
josefina
omer
franca
layton
flavia
lesley-ann
damir
elli
anand
satoshi
breanna
nenad
vilma
gilda
bradford
else
ramiro
brenna
percival
weronika
john-paul
judi
isaae
halina
carles
della
teo
carissa
tasos
vesna
osman
myer
rosita
moe
noeline
mireille
jaden
madame
ike
leanna
domingo
leann
julie-ann
said
hayleigh
rami
elzbieta
annabell
kees
mima
milana
aris
julie-anne
aitken
ioanna
thoams
hanne
shea
erna
manu
edie
lord
debi
lockhart
beata
koji
aminah
alexei
melisa
willis
eugenie
silas
debby
misha
darya
manolis
venus
maarten
lindy
luther
laetitia
lothar
dorcas
houston
dominika
gray
demi-lee
fausto
cate
darko
brigid
stevenson
beatrix
reinhard
leland
connell
myrna
cj
marine
brice
maci
yousef
lisbeth
valentino
dixie
briony
shayne
vanesa
little
trinity
gaston
addison
maribel
sasa
liv
rohit
kathrin
rayyan
jennet
nacho
bridgett
cruz
michela
carmelo
margory
arman
joelle
amin
isha
inaaya
thor
elodie
roberts
vanda
rosana
olli
rania
emmett
marisol
chan
kerry-anne
arno
hanah
zeljko
ema
quincy
christi
nuno
aysha
mervyn
albina
mariusz
rie
manolo
patience
haroon
noa
nisha
moritz
gabi
lachlin
elin
jamieson
rhian
tod
maree
jari
consuelo
hendrik
catherin
cosmo
brianne
colm
anette
abbas
viktoriya
waldemar
roseina
timur
donalda
oliwier
deanne
mads
suzan
konstadinos
micaela
khaled
mette
job
kornelia
joaquim
kia
erkki
ilaria
brayden
christel
adi
titus
reina
stephane
park
kerry-ann
manoj
jazmin
lowell
emi
deidre
kalle
chandra
jae
bessy
german
adelia
donal
jada
anwar
henny
yahya
claudette
carlotta
spike
staci
slobodan
reta
qasim
miya
pierce
mennie
matias
giorgia
joshna
britta
henning
beate
dermot
scarlet
bas
leigha
terrell
jewel
tal
graciela
sutherland
ella-rose
robinson
dalia
muhammed
catheirne
mohan
tonia
livingstone
tiziana
karl-heinz
remi
jarrett
pooja
dejan
jessi
branden
jeannine
benito
dorota
alexey
catarina
yorgos
bethan
vitaliy
ashlyn
tymon
ute
sameer
sky
mats
miho
jaume
margareta
harri
klaudia
grady
giuliano
georgiana
charly
gaia
patricio
darci
millar
chirstina
mikel
bethea
major
yoshiko
lauri
sanna
karsten
rosey
captain
rosario
vishal
lani
kazis
ketty
hannu
fleur
sigrid
uri
racheal
torquil
noemi
marci
edwd
madelyn
lacy
bram
jorgie
arif
iqra
alexnader
emanuela
ulf
bess
johnson
amal
aliyah
giorgi
rosena
gage
rana
frederik
malin
braden
heike
zhang
france
tex
florencia
sherman
evonne
lon
darla
aurelia
lazarus
yulia
goerge
walterina
dinesh
rabia
darnell
nova
ciro
natascha
burton
jo-anne
artyom
ilana
henritta
deena
jaroslaw
roselyn
ho
lilli
dilip
kirstine
camilo
estella
buster
emma-jane
bojan
anthea
asim
teagan
alen
martyna
salman
margit
octavio
ling
nicolai
hettie
lev
gael
kazimierz
gabby
jimi
cordelia
hiram
yuozas
susanah
suresh
risa
saad
meena
rock
mandi
rhett
remo
kiana
nicolae
caren
nabil
violetta
mladen
neive
mikolaj
masha
kasper
mariann
jaap
margarite
henrique
mar
julieta
darrel
josette
cristiano
jorja
chief
gwyneth
bjorn
verna
atsushi
shanice
nathanael
samara
micky
saima
nuria
matty
mistress
jurgis
marietta
ewing
maki
demetrius
liliane
alonzo
kendal
markku
hiromi
kurtis
gretta
khalil
williams
barb
thompson
shereen
tarik
nela
tad
maira
rogelio
madelina
miquel
maddy
michiel
leighann
lutz
juana
ileana
josip
eliane
hiroki
chelsie
guilherme
annalisa
udo
suzette
shahid
moreen
radu
meri
mustapha
luana
lito
inger
joost
gudrun
eero
evi
edouard
charlesina
daren
anjali
caden
laure
latoya
benji
laiba
ashish
kseniya
alexandr
kareen
abu
isis
sachin
ilene
mattias
cyndi
mahesh
corrina
cicely
jaroslav
caryn
grigor
yara
steffi
artie
star
vasiliy
phylis
midori
malcolmina
salah
kinga
rian
khadijah
rachid
keeley
predrag
kaya
mattia
cari
malachi
yukiko
karan
seema
joh
rosannah
hussain
miyuki
farid
meryl
cayden
lisette
aman
laraine
wouter
wong
kaja
weston
indie
torsten
hitomi
stevan
dona
risto
crissy
reynaldo
cathe
rakesh
willina
sibella
oren
moya
mariel
gennaro
lu
francesc
laurina
darwin
keren
bennie
aulay
adolph
hessie
francess
petri
fallon
mohamad
christin
jock
shayna
hossein
ola
gardner
milla
chun
meaghan
bryson
mayra
artem
margrate
leighanne
vern
keisha
torrance
kamila
gheorghe
antje
florent
anouk
donato
alaina
trudi
tereza
mitzi
wladyslaw
mirjana
vinod
mirella
pier
jesie
liu
jasmina
koen
germaine
fatimah
barnett
carrie-anne
carley
wilfrid
biddy
stefanos
aiza
rashid
tammie
linus
shannen
kazuo
orlaith
joris
marge
irvin
maite
ioannis
karli
horatio
evgeniya
fulton
euphamia
ford
esmeralda
ettore
eri
verity
bryn
tamsin
vitali
shauni
tate
mand
shin
kirsti
seymour
kellyann
phoenix
kathie
matthieu
kody
annalise
jean-philippe
tomima
gerrit
steph
cunningham
samia
chung
rossana
vivek
rosella
takahiro
magali
tai
letty
romano
leilani
ogilvie
kyoko
newton
gena
neilson
delilah
miro
blanka
aliya
fleming
alfreda
brenden
tanisha
blue
rosamond
barrett
natacha
murron
tomi
linsay
shinji
jeri
seppo
flo
rehan
eirini
norris
ayumi
nikhil
avis
nadeem
anke
marquis
agnus
man
yumiko
yuko
hume
silke
ges
samina
diogo
sahar
caelan
rika
adel
queen
thiago
nella
siddharth
masako
lyubov
masahiro
luci
martijn
ljiljana
knut
khloe
joop
imaan
hung
christabel
cullen
cecila
asa
ayat
athina
wilfried
adaline
viviane
thaddeus
tomina
saeed
noam
jaye
moises
jacquie
judd
iga
jamil
ernestine
arnie
ela
arnaldo
vikram
aisling
tibor
soledad
slim
sanja
romana
prakash
patrycja
piatras
neave
kade
nazia
hari
lacie
geert
krystle
foster
jayde
davey
danuta
arie
marcie
alon
malika
zeke
lita
wai
karoline
valery
izabela
tiger
emily-rose
randal
minoru
adrianne
kumar
zarah
joakim
tyra
nika
jani
milica
hong
marja
gregorio
marie-louise
davie
jaya
benoit
diamond
barnard
anneliese
anais
zlatko
amara
jef
wilhilmina
hughie
galen
reagan
corrado
portia
cormac
naoko
cheng
marin
cain
magaret
ludmila
yutaka
harriette
spence
harmony
prem
haniya
pere
gormelia
pentti
elana
mikkel
coralie
jiri
bette
irfan
ayako
anna-marie
florin
aleisha
edgardo
dany
phebe
brenton
montse
mahnoor
vasil
gill
geri
takayuki
efi
santosh
clemintina
renaud
carron
majid
carine
lucian
aqsa
leopoldo
ane
hakan
frantisek
fernand
elie
daniil
coby
buzz
anas
ying
von
jarred
hussein
habib
damion
baron
ayman
abhishek
zdenek
naoki
nairn
mitchel
masato
kid
haydn
gaurav
earle
dav
balfour
austen
agustin
tor
sage
rishi
mal
lennart
kiyoshi
keisuke
jorma
joao
esa
deon
denver
darran
zoltan
yossi
warwick
toshio
thanos
syd
rajiv
manos
konstantinos
jarvis
hideo
feng
farhan
clemens
bong
barnaby
armen
alton
aeneas
