#@flowers
african corn lily
african lily
allium
alpine thistle
alyssum
amaryllis
amazon lily
anemone
artemisia
arum
arum lily
aster
astilbe
baby's breath
bachelor button
balloon flower
barberton
barberton daisy
bee balm
bell flower
bellflower
bells of ireland
bergamot
bird of paradise
blanketflower
bleeding heart
bloom
blue throatwort
bottlebrush
bougainvillea
brodiaea
broom
busy lizzie
butterfly bush
butterfly weed
calla lily
camellia
canterbury bells
carnation
catmint
china aster
chincerinchee
chinese bellflower
christmas rose
chrysanthemum
clematis
cockscomb
columbine
coneflower
coral bells
coreopsis
cornflower
corsage orchid
cosmos
crocus
cuban lily
cyclamen
daffodil
dahlia
day lily
delphinium
dill
drumstick
eustoma
evening primrose
false goat's beard
feverfew
flame lily
flame tip
flamingo flower
florist's nighmare
floss flower
flowering cherry
flowering onion
forget-me-not
foxglove
foxtail lily
french buttercup
gas plant
gay feather
gayfeather
gentian
geranium
gillyflower
ginger
gladiolus
globe amarath
globe artichoke
globe flower
globe thistle
globeflower
glory lily
golden rod
golden shower orchid
goosefoot
grape hyacinth
guelder rose
guernsey lily
hardy geranium
hollyhock
honeysuckle
hosta
hyacinth
hybrid tea roses
hydrangea
impatien
iris
jersey lily
jupiter's beard
kangaroo paw
kansas feather
kerria
lady's mantle
lady's slipper orchid
lamium
lantana
larkspur
lavender
lilac
lily
lily of the valley
lily-of-the-valley
lisianthus
lobelia
lobster claw
loose strife
loosestrife
love in a mist
love lies bleeding
love-in-a-mist
lupin
lupine
marguerite
marigold
masterwort
michaelmas daisy
mimosa
mock orange
monkshood
montbretia
moon flower
morning glory
moth orchid
mum
mums
narcissus
nasturtium
new guinea impatien
nicotiana
obedient plant
oleander
ox-eye daisy
painter's palette
pansy
passion flower
peony
persian buttercup
peruvian lily
petunias
pincushion protea
pinks
plumed thistle
poppy
prairie gentian
primrose
prince of wales feather
queen anne's lace
queen fabiola lily
red-hot poker
rhododendron
rose
rose of sharon
safari sunset
safflower
salvia
scabiosa
scabious
scarlet plume
scilla
scorpion orchid
sea holly
sea lavender
sedum
september flower
shasta daisy
shrub roses
silver lace vine
singapore orchid
slipper orchid
snake head
snap dragon
snapdragon
sneezeweed
snow berry
snow on the mountain
snowball bush
snowdrops
speedwell
spider orchid
spray carnation
spurge
st john's wort
star of bethlehem
statice
stock
stonecrop
sugarbush
sunflower
sweet pea
sweet sultan
sweet william
sword lily
tansy
tazetta
thistle
tjenkenrientjee
transvaal daisy
trumpet vine
tuberose
tulip
turban buttercup
turtle head
ulster mary
vinca
waxflower
windflower
wisteria
wormwood
yarrow
