#@food
acai berry
achacha
acini de pepe
acorn squash
adzuki beans
agar agar
agave syrup
ajowan seed
albacore tuna
alfalfa
alfalfa sprouts
allspice
almond
almond oil
aloo gobi
alphabet soup
amaranth
amchur powder
american cheese
anchovy
angel food cake
angel hair pasta
animal crackers
anise
aniseed
annatto seed
antelope
appetizer
apple
apple pie
applesauce
apricot
arame
arborio rice
arrowroot
artichoke
arugala
arugula
asafoetida
asiago cheese
asian greens
asian noodles
asparagus
aspic
aubergine
avocado
avocado oil
avocado roll
avocado spread
baby mum
bacon
bagel
bake
baked alaska
baked beans
baker’s chocolate
baking powder
baking soda
baklava
balmain bug
balsamic dressing
balsamic vinegar
bamboo shoots
banana
banana bread
barbecue
barberry
barley
barley malt
barramundi
basil
basmati rice
batter
bay leaves
bbq
bean salad
bean shoots
bean sprouts
beancurd
beans
beef
beef stock
beet
beet greens
beetroot
beetroot powder
belgian endive
bell pepper
berry
beurre bosc pear
bird's nest cookies
bird's nest soup
biscuit
bison
bisque
black bean buns
black beans
black eyed beans
black eyed peas
black forest cake
black limes
black pepper
black-eyed peas
blackberry
blood orange
blue cheese
blue eye trevalla
blue jello
blue swimmer crab
blueberry
blueberry muffins
bluefish
bocconcini
bok choy
bologna
bonito flakes
borlotti beans
borscht
boysenberry
brains
bran
brazil nut
bread
bread and butter
breadfruit
breakfast
breasts of chicken
brie
brisket
broccoli
broccolini
broil
brown rice
brown rice vinegar
brownie
brunch
bruschetta
brussel sprouts
brussels sprouts
buckwheat
buckwheat noodles
buffalo meat
buffalo wings
bulghur
bulgur
bun
bundt cake
burghul
burrito
bush tomato
butter
butter bean
butter chicken
butter squash
buttermilk
butternut lettuce
butternut pumpkin
butternut squash
cabbage
cabbage rolls
cacao
caesar salad
cake
calamari
camembert
camomile
candle nut
candy
candy apple
candy cane
cannellini beans
cannoli
canola oil
cantalope
cantaloupe
capers
capsicum
carambola
caramel
caramel apple
caraway seed
carbohydrate
cardamom
carne asada
carob
carrot
carrot cake
cashew
cassava
casserole
cassia bark
cater
catfish
cauliflower
cavalo nero
caviar
cayenne
cayenne pepper
celeriac
celery
celery seed
cereal
chalupas
chamomile tea
chapatis
chard
cheddar
cheddar cheese
cheerios
cheese
cheeseburger
cheesecake
cheesesteak
cheetos
chef
cherries
cherry
chervil
chestnut
chew
chex mix
chia seeds
chick peas
chicken
chicken stock
chickory
chickpea
chicory
chili
chili con carne
chili pepper
chimichanga
chinese broccoli
chinese cabbage
chips
chives
chocolate
chocolate chips
chop suey
chopsticks
chow
chow mien
chowder
choy sum
churros
chutney
cilantro
cinnamon
citron
citrus
clam
cloves
cobbler
cocoa
cocoa powder
coconut
coconut oil
cod
coffee crisp
coleslaw
collard greens
comestibles
compote
cookie
corella pear
coriander
coriander leaves
coriander seed
corn
corn chips
corn flakes
corn fritters
corn oil
corn syrup
corn tortilla
cornbread
corndog
cornflakes
cornichons
cornmeal
cos
cottage cheese
courgette
cous cous
couscous
cow's tongue
crab
crabcakes
cracker
cranberry
cranberry sauce
crawfish
cream
cream cheese
cream of mushroom
cream puff
creamsicle
crepe
crisp
croissants
croutons
crunch
crust
creme brule
cucumber
cucumber slices
cumin
cumin seeds
cumquat
cupcake
curds
currants
curry
curry leaves
curry powder
custard
custard apples
dahl soup
daikon
daily bread
dairy
dandelion
dandelion greens
danish
danish pastry
dark chocolate
dashi
dates
debbie cakes
dessert
devil
deviled eggs
devilsfood cake
dill
dill pickles
dim sum
ding dongs
dip
ditalini
dolmades
donut
doritos
dough
doughnut
dragonfruit
dream whip
dreamsicles
dressing
dried
dried apricots
dried peas
drumsticks
dry
duck
dumplings
durian
dutch apple pie
dutch cookies
echinacea
eclairs
edam
edam cheese
edamame
eel
egg
eggplant
eggroll
eggs benedict
elbow macaroni
elderberry
elephant ears
enchilada
endive
english muffin
english spinach
entree
escargot
escarole
eskimo pie
espresso
fajita
falafel
farmed prawns
fasolada soup
fast
fat
fava bans
feijoa
fennel
fennel seeds
fenugreek
feta
fettuccine
fiddlestick greens
fig
fig newtons
file powder
fillet
fish
fish sauce
fish sticks
fish stock
flan
flap jacks
flapjacks
flathead
flax
flax oil
flax seeds
flaxseed
flaxseed oil
flounder
flour
focaccia bread
fondu
fortune cookie
frankfurters
franks
free range eggs
freekeh
french dip
french eschallots
french fries
french toast
fricassee
fried
fried food
fried pie
fried rice
frijoles
fritos
fritter
fromage blanc
frosting
fruit
fruit pie
fruit roll-up
fruit salad
fruitcake
fry
fudge
funnel cake
gailan
gala apples
galangal
garam masala
garbanzo beans
garbonzo
garlic
garlic bread
garlic chives
gazpacho
gelatin
gelato
gem
giblets
ginger
gingerbread
gizzards
gnocchi
goat's cheese
goji berry
goldfish
good mood food
goose
gooseberry
gouda cheese
goulash
graham crackers
grain
granola
grape
grape seed oil
grapefruit
grapeseed oil
grated
gravy
green beans
green chicken curry
green jello
green olives
green peas
green pepper
green tea
green tea noodles
green vegetables
green yogurt
greenbean
greens
greenwheat freekeh
grits
grub
gruyere
guacamole
guava
gula melaka
gum
gumbo
gyoza
gyro
haggis
haiku roll
halibut
haloumi
ham
hamburger
happy meal
haricot beans
harissa
hash
hash browns
hazelnut
hearts of palm
heinz ketchup
herbs
herrings
hershey bar
hijiki
hiramasa kingfish
ho ho's
hoagie
hog jowl
hokkien noodles
hollandaise
hominy
honey
honey bun
honeydew
honeydew melon
horseradish
hot
hot chocolate
hot dog
hot food
hot peppers
hot sauce
hot smoked salmon
huckleberry
huenos rancheros
hummus
ice cream
ice cream cone
ice pops
iceberg lettuce
iced doughnut
icing
icing sugar
impastata cheese
indian curry
indian food
indian jujubee
indian pudding
infant formula
irish stew
ita palm
italian bread
italian dressing
italian food
jackfruit
jalapeno
jam
jamaican patties
jambalaya
jasmine rice
jawbreakers
jello
jelly
jellybeans
jerky
jerusalem artichoke
jewfish
jicama
jimmies
john dory
jolly ranchers
jordan almonds
jug
jujubes
julienne
jumbo shrimp
juniper berry
junk food
kabob
kaffir lime leaves
kale
kamut
kangaroo
kebab
kecap manis
kencur
ketchup
kettle corn
key lime pie
kidney beans
kidneys
kielbasa
kingfish
kiwi
kiwifruit
kix
kix cereal
klondike bar
knorr soup
kohlrabi
kokam
kombu
kool-aid
kosher pickles
koshihikari rice
kraft dinner
kraft dressing
kudzu
kumera
kumquat
kung pao chicken
lamb
lard
lasagna
lasagne
laugh for health
lavender flowers
leatherjacket
lecithin
leeks
left over's
legumes
lemon
lemon myrtle
lemon tarts
lemonade
lemongrass
lentils
lettuce
licorice
life cereal
lima bean
lime
ling
linguine
liver
liverwurst
loaf
lobster
lollipop
loquat
lotus root
lox
lucky charms
lunch
lunchmeat
lychee
macadamia nut
macadamia oil
macaroni
macaroon
mace
mackerel
mahi-mahi
mahlab
main course
maize
malt vinegar
mandarin orange
mandarins
mango
mangosteens
manicotti
maple syrup
margarine
marigold
marionberry
marjoram
marmalade
marmite
mars bar
marshmallow
martimonial cake
masala
mashed potato
mastic
mayhaws
mayonnaise
meat
meatball
meatloaf
melon
merchant stock
meringue
mesclun
mexican food
millet
mince meat
mincemeat
minestrone
ministrone
mint
mirin
mirror dory
miso
mochi
molasses
mole sauce
monkfish
moose
morwong
mountain bread
moussaka
mousse
mozzarella
muesli
muffin
mulberry
mullet
munch
mung beans
mushroom
mussels
mustard
mustard greens
mustard seed
mutton
naan
naan bread
nachos
nashi pear
nasturtium
navy beans
neapolitan ice cream
necco wafers
nectar
nectarine
nerds
neufatual cheese
nibble
nigella seed
noodles
nori
nuggets
nut
nutella
nutmeg
nutter-butter cookies
oat cakes
oat milk
oatmeal
oatmeal cookies
oats
oca
ocean perch
octopus
oil
okra
old dutch chips
oleo
olive
olive oil
omega spread
omelet
omelette
onion
onion rings
orange
orange roughy
orange-blood
oregano
oreo cookies
oreos
organic salad
orzo
ostrich
ostrich eggs
ovaltine
ox tail
oyster
oyster crackers
oyster sauce
packham pear
paella
pakora
pancake
pancetta
pandanus leaves
pandoro
panini
papaw
papaya
paprika
parfait
parmesan
parmesan cheese
parmesean
parrotfish
parsley
parsnip
passionfruit
pasta
pastry
pate
patty
pattypan squash
pavlova
pea
peach
peach cobbler
peaches
peanut
peanut butter
peapod
pear
pecan
pecan nut
pecorino
peking duck
pepitas
pepper
pepperberry
peppercorns
peppermint
pepperoni
perch
perogies
persimmon
pesto
pickle
picnic
pie
pilaf
pilchards
pimento
pine nut
pineapple
pinto beans
pistachio nut
pistachios
pita bread
pizza
plantain
plum
plum sauce
poached
poi
polenta
pollock
pomegranate
pomegrantes
pomelo
pop tarts
popcorn
popovers
poppy seed
popsicle
porcini mushrooms
pork
pork chops
porridge
portabello mushrooms
porter
pot roast
potato
potato chips
potstickers
pound cake
poutine
pralines
prawns
preserves
pretzel
prickly pear
prime rib
protein bars
provolone
prune
pudding
puffed wheat
pumpernickel
pumpkin
pumpkin pie
pumpkin seed
purple carrot
purple rice
putanesca
quail
quaker oatmeal
quaker oats
quakes rice cakes
quark
quesadilla
queso
quiche
quick oats
quince
quinoa
quorn
rack of lamb
radicchio
radicchio castelfranco
radish
ragu
raisens
raisin
ramen
ranch
raspberry
ratatouille
rations
ravioli
red beans
red delicious
red lentils
red onion
red papaya
red pepper
red potatoes
red wine vinegar
redfish
refried beans
relish
reuben
reuben sandwich
rhubarb
ribs
rice
rice crackers
rice crispie treats
rice milk
rice noodles
rice paper
rice syrup
ricotta
ricotta cheese
rigatoni
rissotto
ritz crackers
roast
rocket
rockmelon
rocky road ice cream
roll
roll-ups
rolled oats
romaine
romaine lettuce
romano cheese
rooibos
rootbeer float
rose water
rosehips
rosemary
rosemary bread
roti
rubarb
rutabaga
rye
rye bread
rye crisp
safflower oil
saffron
sage
salad
salami
salmon
salsa
salt
saltine crackers
samosa
sandwich
sandwiches
sardines
sashimi
sasparilla
satsuma
sauce
sauerkraut
sausage
savory
scallop
scones
scrambled
sea salt
sea vegetables
seaweed
seeds
semolina
sesame oil
sesame seed
shallot
shark
shark fin soup
shellfish
shepherd's pie
sherbet
shish kebab
shortbread
shortcake
shoyu
shredded wheat
shrimp
silver trevally
silverbeet
skor's bars
slaw
slice
slivered almonds
sloppy joes
smoked
smoked trout
smoothie shake
smores
snack
snapper
snow peas
snowpea sprouts
snowpeas
soba
soda bread
sole
sorbet
sorghum
sorrel
souffle
soup
soupmaker
sour
sour cream
sourdough bread
souvlaki
soy
soy beans
soy sauce
soy sprouts
soybean
soysauce
spaghetti
spam
spanish rice
spanner crab
spanokopita
spareribs
spartan apples
spatchcock
spearmint
spelt
spice
spinach
spinach dip
split peas
spring onions
sprinkles
sprouts
spuds
spumoni
squash
squid
star anise
star fruit
starburst
starfruit
steak
stevia
stew
stirfry
stoned wheat crackers
strawberry
string bean
string cheese
stroganoff
stromboli
strudel
stuffing
sub sandwich
submarine sandwich
succotash
suet
sugar
sugar snap peas
sultanas
sumac
summer squash
sun dried tomatoes
sundae
sunflower
sunflower oil
sunflower seeds
supper
sushi
sustenance
swede
swedish fish
sweet
sweet and sour
sweet chilli sauce
sweet potato
sweet potatoes
sweetcorn
swiss chard
swiss cheese
swordfish
syrup
szechuan pepper
tabasco
tabbouleh salad
taco
taffy
tahini
take-out
talapia
taleggio cheese
tamale
tamari
tamarillo
tamarind
tangelo
tangerine
tapioca
taquitos
taro
tarragon
tart
tartar sauce
tater tots
tea oil
teddy grahams
tempeh
tempura
teriyaki
thighs
thimbleberry
thousand island salad dressing
threadfin bream
thyme
tiramasu
toast
toaster
toffee
tofu
tom yum
tomatillo
tomato
tomato sauce
tomato truss
torte
tortellini
tortilla
tossed salad
tostitos
trifle
triscuits
triticale
trout
truffle
tuber
tuna
turkey
turmeric
turnip
turnip greens
turtle
ugli
ugli fruit
umeboshi
uncooked food
unleavened bread
upside down cake
vakalolo
valencia oranges
vanilla
vanilla beans
vanilla wafers
veal
vegemite
vegetable
vegetable oil
vegetable soup
vegetable spaghetti
vegetable stock
venison
vermicelli
vermicelli noodles
vichyssoise
vidalia onion
vindaloo
vine leaves
vinegar
virgin oil
vitamin
vol-au-vent
vomit fruit
wafer
waffle
wakame
waldorf salad
walleye fish
walnut
warehou
wasabi
water chestnut
watercress
watermelon
wattleseed
wax bean
wheat
wheat bread
whey
whipped cream
white rice
white wine vinegar
whiting
whole wheat
wild rice
william pear
wings
witlof
wolfberry
wonder bread
wontons
x-cat-ik chillies
xacuti masala
xalwa a somali
xanthones
xanthum gum
xavier de bavay apple
xavier soup
xavier steak
xia
xia mi
xian hamburger
xiang cai
xiangjiao
xigua
ximenia
xinag jun
xingzi
xinomavro grapes
xiphias
xmas cake
xom tum
xylitol
xylophone cake
xynomavro grapes
xynomizithra cheese
xynotyro cheese
yaki soba
yam
yautia
yeast
yellow beans
yellow papaw
yellow squash
yellowtail kingfish
yoghurt
yogurt
yolk
yorkshire pudding
yucca
zabaglione sauce
zander fish
zebra cakes
zest
ziti
zours
zucchini
zucchini bread
zwieback bread
