abiu
acai
acerola
ackee
african cherry orange
african mango
african moringa
ambarella
american black elderberry
american chestnut
american grape
american hazelnut
american pawpaw
american persimmon
american plum
american red elderberry
american red raspberry
annona
apple
apricot
araza
arhat
atemoya
atherton raspberry
avocado
babaco
bacupari
bacuri
bael
banana
barbadine
barbados cherry
batuan
beach plum
bearberry
betel nut
bignay
bilberry
bilimbi
biriba
bitter melon
black apple
blackberry
black cherry
black mulberry
black raspberry
black sapote
black walnut
blood orange
blueberry
blue tongue
bolivian coconut
bolwarra
boquila
bottle gourd
brazilian guava
breadnut
broad-leaf bramble
brush cherry
buddha's hand
buffaloberry
burdekin plum
burmese grape
bush tomato
button mangosteen
caimito
calabash tree
calamansi
calamondin
camu camu
canary melon
canistel
cantaloupe
cape gooseberry
capuli cherry
carambola
cardon
carob
cashew apple
cassabanana
cattley guava
cawesh
cedar bay cherry
cereus peruvianus
ceriman
ceylon gooseberry
charichuelo
chayote
che
chempedak
chenet
cherimoya
cherry
cherry ballart
cherry of the rio grande
chilean guava
chinese jujube
chinese olive
chinese quince
chokeberry
chokecherry
chupa-chupa
citron
clementine
cloudberry
cluster fig
cocky apple
cocona
coconut
cocoplum
coco plum
coffee
cola nut
common apple-berry
conkerberry
cornelian cherry
costa rican guava
cranberry
crowberry
cucumber
cupuacu
currant
curry-leaf tree
custard apple
dabai
damson plum
date
date plum
davidson's plum
dead man's fingers
desert banana
desert fig
desert lime
dodder laurel
doubah
double coconut
dragonfruit
duku
durian
eastern may hawthorn
edible honeysuckle
elderberry
elephant apple
emblica
emu apple
emu berry
falberry
false-mastic
feijoa
fibrous satinash
fig
finger lime
florida strangler fig
forest strawberries
gac
galia melon
gambooge
genip
giant colombian blackberry
giant granadilla
gooseberry
goumi
governor's plum
granadilla
grape
grapefruit
greengage
ground plum
grumichama
guanabana
guarana
guava
guavaberry
hackberry
hairless rambutan
hardy kiwi
hawthorn
hog plum
honeydew
horned melon
huckleberry
huito
ice cream bean
ilama
illawarra plum
imbe
indian almond
indian gooseberry
indian jujube
indian prune
jabuticaba
jackfruit
jambul
japanese persimmon
jatoba
jelly palm
jocote
jujube
juniper berry
kabosu
kaffir lime
kahikatea
kakadu lime
kakadu plum
kandis
kapok
karkalla
karonda
kei apple
kepel fruit
keule
key lime
kitembilla
kiwifruit
korlan
kumquat
kundong
kutjera
kwai muk
kwano
lady apple
lakoocha
langsat
lanzones
lapsi
lardizabala
lemon
lemon aspen
leucaena
lillypilly
lime
limeberry
limequat
lingonberry
little gooseberry tree
loganberry
longan
loquat
louvi
lucuma
lychee
mabolo
macadamia
madrono
malabar plum
malay apple
mamey sapote
mammee apple
mamoncillo
mandarin
mangaba
mango
mangosteen
manila tamarind
manoao
ma-praang
maqui
marang
marula
mayapple
mayhaw
maypop
medlar
meiwa kumquat
melinjo
melon pear
midyim
miracle fruit
mock strawberry
mombin
monkey jackfruit
monkey tamarind
monstera
montessa granadilla
mora comun
mora de castilla
morinda
morinda citrifolia
mortino
mountain pepper
mountain soursop
mulberry
mundu
muntries
munydjudj
muscadine
muskmelon
naartjie
nagami kumquat
nageia
nance
nannyberry
naranjilla
native currant
native gooseberry
native raspberry
nectarine
neem
nere
nonda plum
noni
nungu
nutmeg
oil palm
olive
orange
oregon grape
oroblanco
otaheite gooseberry
palmyra palm
papaya
passion fruit
pawpaw
peach
peach palm
peanut
peanut butter fruit
pear
pecan
pepino
pequi
persian lime
persimmon
peumo
phalsa
pigeon pea
pigeon plum
pigface
pili nut
pindo palm
pineapple
pineapple guava
pink-flowered native raspberry
pistachio
pitaya
pitomba
plum
pois doux
pomegranate
pomelo
pommecythere
pommerac
pond-apple
prickly pear
pulasan
pummelo
pumpkin
pupunha
purple apple-berry
purple granadilla
purple guava
purple mombin
quandong
queensland ebony
quince
raisin tree
rambutan
raspberry
red granadilla
red mombin
red mulberry
rhubarb
riberry
rimu
rollinia
rose apple
rose hip
rose-leaf bramble
rose myrtle
rough shell macadamia
rowan
safou
sageretia
saguaro
salak
salal
salmonberry
sandpaper fig
santol
sapodilla
sapote
saskatoonberry
satinash
saw palmetto
sea-buckthorn
sea grape
serviceberry
service tree
shipova
sloe
small-leaf tamarind
snow berry
soncoya
soursop
southern crabapple
spanish lime
spanish tamarind
spiny monkey-orange
star apple
starfruit
strawberry
strawberry guava
strawberry myrtle
strawberry pear
sugar apple
surinam cherry
sweet apple-berry
sweet granadilla
sweet lemon
sweet orange
sweet pepper
sweetsop
sycamore fig
tahitian apple
tamarillo
tamarind
tangerine
tanjong
texas persimmon
thimbleberry
totara
toyon
tropical almond
ugli
ugni
vanilla
velvet tamarind
wampee
wani
water apple
watermelon
wax apple
wax gourd
wax jambu
west indian cherry
white aspen
white mulberry
white sapote
whortleberry
wild grape
wild mangosteen
wild orange
wild peach
wild plum
wineberry
wolfberry
wongi
wood apple
xigua
ximenia
yangmei
yantok
yellow granadilla
yellow mombin
yellow plum
yew
youngberry
zig zag vine
ziziphus
zwetschge
