null,zero
eins,one
zwei,two
drei,three
vier,four
fünf,five
sechs,six
sieben,seven
acht,eight
neun,nine
zehn,ten
elf,eleven
zwölf,twelve
dreizehn,thirteen
vierzehn,fourteen
fünfzehn,fifteen
sechzehn,sixteen
siebzehn,seventeen
achtzehn,eighteen
neunzehn,nineteen
zwanzig,twenty
einundzwanzig,twenty-one
zweiundzwanzig,twenty-two
dreiundzwanzig,twenty-three
vierundzwanzig,twenty-four
fünfundzwanzig,twenty-five
sechsundzwanzig,twenty-six
siebenundzwanzig,twenty-seven
achtundzwanzig,twenty-eight
neunundzwanzig,twenty-nine
dreißig,thirty
einunddreißig,thirty-one
zweiunddreißig,thirty-two
dreiunddreißig,thirty-three
vierunddreißig,thirty-four
fünfunddreißig,thirty-five
sechsunddreißig,thirty-six
siebenunddreißig,thirty-seven
achtunddreißig,thirty-eight
neununddreißig,thirty-nine
vierzig,forty
einundvierzig,forty-one
zweiundvierzig,forty-two
dreiundvierzig,forty-three
vierundvierzig,forty-four
fünfundvierzig,forty-five
sechsundvierzig,forty-six
siebenundvierzig,forty-seven
achtundvierzig,forty-eight
neunundvierzig,forty-nine
fünfzig,fifty
einundfünfzig,fifty-one
zweiundfünfzig,fifty-two
dreiundfünfzig,fifty-three
vierundfünfzig,fifty-four
fünfundfünfzig,fifty-five
sechsundfünfzig,fifty-six
siebenundfünfzig,fifty-seven
achtundfünfzig,fifty-eight
neunundfünfzig,fifty-nine
sechzig,sixty
einundsechzig,sixty-one
zweiundsechzig,sixty-two
dreiundsechzig,sixty-three
vierundsechzig,sixty-four
fünfundsechzig,sixty-five
sechsundsechzig,sixty-six
siebenundsechzig,sixty-seven
achtundsechzig,sixty-eight
neunundsechzig,sixty-nine
siebzig,seventy
einundsiebzig,seventy-one
zweiundsiebzig,seventy-two
dreiundsiebzig,seventy-three
vierundsiebzig,seventy-four
fünfundsiebzig,seventy-five
sechsundsiebzig,seventy-six
siebenundsiebzig,seventy-seven
achtundsiebzig,seventy-eight
neunundsiebzig,seventy-nine
achtzig,eighty
einundachtzig,eighty-one
zweiundachtzig,eighty-two
dreiundachtzig,eighty-three
vierundachtzig,eighty-four
fünfundachtzig,eighty-five
sechsundachtzig,eighty-six
siebenundachtzig,eighty-seven
achtundachtzig,eighty-eight
neunundachtzig,eighty-nine
neunzig,ninety
einundneunzig,ninety-one
zweiundneunzig,ninety-two
dreiundneunzig,ninety-three
vierundneunzig,ninety-four
fünfundneunzig,ninety-five
sechsundneunzig,ninety-six
siebenundneunzig,ninety-seven
achtundneunzig,ninety-eight
neunundneunzig,ninety-nine
einhundert,one hundred
