#@musical instruments
accordion
acoustic bass guitar
acoustic guitar
aeolian harp
agong
agung
agung a tamlang
ahoko
ajaeng
alboka
alphorn
alpine bell
alto clarinet
alto flute
alto horn
alto sarrusophone
alto saxophone
angklung
appalachian dulcimer
archlute
arghul
arpa anottolini
arpeggione
array mbira
aru-ding
aulochrome
babendil
babone
baglama
balafon
balalaika
bandola
bandoneón
bandurria
banhu
banjo
barbat
baritone horn
baritone sarrusophone
baritone saxophone
baroque wooden flute
baryton
bass clarinet
bass drum
bass flute
bass guitar
bass oboe
bass sarrusophone
bass saxophone
basse a pistons
basse cor
basset clarinet
basset horn
bassoon
bawu
bayan
bazooka
bell
berimbao
bianqing
bianzhong
bifora
biniou
biwa
bock
bodega
bodhrán
boha
bombarde
bombardino
bongo drum
border pipe
bordonua
bouzouki
brian boru bagpipes
bullroarer
button accordian
cabrette
calliope
carillon
castanets
cavaco
cavaquinho
caxixi
celempung
celesta
cello
ceng
chabrette
chapman stick
charango
chenda
chi
chimes
ching
chitaronne
chitarra battebte
chromatic accordian
cigar box guitar
cimbalom
cimbasso
cimpoi
cittern
clapped hands
clarinet
clarinette d'amour
classical guitar
clavicembelo
clavichord
concertina
conch
conga
contra-alto clarinet
contra-alto flute
contrabass clarinet
contrabass flute
contrabass oboe
contrabass sarrusophone
contrabass saxophone
contrabass á anche
contrabassoon
cor anglais
cor d'oliphant
cornet
cornett
cornetto
cornish bagpipes
cowbell
croatian bagpipes
cromorne
crotales
crumhorn
crwth
cuatro
cuprophone
cuíca
cymbals
cymbalum
da'uli da'uli
dabakan
dadihu
dahu
daiko
dankiyo
daraboukka
darabukka
darbuka
darvyra
denis d'or
dhol
dholak
didgeridoo
dihu
diyingehu
djembe
doedelzak
dombak
domra
dotara
double bass
double contrabass flute
doulophone
drum machine
dubreq stylophone
duct flute
dudelsack
dudy
duff
dulcian
dulcimer
dulzaina
dumbelek
dun dun
dutar
duxianqin
ektara
electric guitar
electric organ
electric piano
english horn
erhu
erxian
euphonium
fangxiang
fiddle
finger cymbals
fingerboard synthesizer
fiscarmonica
flageolets
flugelhorn
flute
folgerphone
french horn
gaida
gaita
gajdy
gambang
gan gan
gandingan
gandingan a kayo
ganza
gaohu
gayageum
gehu
gender
geomungo
ghatam
glass marimba
glasschord
glockenspiel
gong
gottuvadhyam
great highland bagpipe
great irish warpipes
guan
gugin
guiro
guitar
guitar 12 strings
guitarrón
guqin
gusla
gusle
gusli
guzheng
hammered dulcimer
handbells
hang
hardanger fiddle
harmonica
harmonium
harp
harp guitar
harpsichord
heckelphone
hegelong
hichiriki
hocchiku
hooked harp
horagai
horn
hosho
hsaio
huemmelchen
huluhu
hun
hunting horn
huqin
hurdy gurdy
helicon
igil
inci
ipu
irish bouzouki
irish uilleann
istarski mih
janggu
japanese bamboo flute
jew's harp
jiaohu
jinghu
jug
kadlong
kagul
kangling
kaval
kettle drum
keyed bugle
keyed trumpet
khalam
khene
khim
khloy
khol
kissar
knatele
kokyu
kolintang
komungo
kora
koto
koudi
koziol
kubing
kulintang
kulintang a kayo
kulintang a putao
kulintang a tiniok
kutiyapi
kwa-yen
kwintangen kayo
lambeg
lancashire great-pipe
langeleik
laruan
lasso d'amore
launeddas
leier
leiqin
lirone
lithophone
lowland bagpipe
luntang
lusheng
lute
lyre
maguhu
magyar duda
malimba
mando-bass
mandocello
mandola
mandolin
mangtong
maraca
marimba
marimbao
marinbaphone
mbira
mellophone
mellotron
melodeon
melodica
metallophones
mijwiz
mittlealtersackpfeife
mizwad
mohan veena
moodswinger
morin huur
morin khuur
mouth organ
mridangam
muchosac
musette bressane
musette de cour
musette du centre
musical bow
musical saw
nadaswaram
naqara
natural trumpet
nay
ney
northumbrian smallpipes
nose flute
nyckelharpa
oboe
oboe d'amore
oboe da caccia
ocarina
octaban
octapad
octave mandolin
octavin
octocontra-alto clarinet
octocontrabass clarinet
oliphant
ondes martenot
ophicleide
organ
organ pipe
oud
overtone guitar
paixiao
palendang
pan pipes
pastoral pipes
piano
piccolo
piccolo clarinet
piccolo heckelphone
piccolo oboe
pipa
pipe organ
piva
psaltery
pulalu
qanun
quena
quinticlave
racket
rainstick
raita
rajao
ranat ek elk
ranat thum lek
ratchet
rattle
rebab
rebec
recorder
reed contrabass
reed organ
reed pipe
rik
rin gong
riq
riqq
roman tuba
ruan
rudra veena
ryuteki
sabar
sac de gemecs
sackbutt
saenghwang
sallaneh
sampho
sampler
sang-auk
santur
sanxian
sanza
saraswati veena
saronai
saronay
sarrusophone
sarunai
sarunay
saung
saw ou
saw sam sai
saxhorn
saxonette
saxophone
schweizer sackpfeife
scottish smallpipes
se
serpent
serunai
setar
shakuhachi
shamisen
shawm
shekere
sheng
shinobue
shofar
sihu
singing bowl
siren
sitar
sleigh bells
slide guitar
slide whistle
slit drum
snare drum
sopranino clarinet
sopranino saxophone
soprano clarinet
soprano mandolin
soprano saxophone
soprillo
sorna
sousaphone
spoons
sralai
steel drum
steel guitar
subcontrabass flute
subcontrabass saxophone
suling
suona
synclavier
synthesizer
sackpipa
tabla
tagutok
taiko
talking drum
tambour
tambourine
tamburitza
tan-tan
taphon
tar
tea chest bass
tenor horn
tenor mandola
tenor sarrusophone
tenor saxophone
tenoroon
teponaztli
thavil
theorbo
theremin
thumb piano
timpani
timple
tin whistle
tjelempung
tom-tom
tonette
torupill
transverse flute
trekspill
tres
triangle
tromba marina
trombone
tromboon
trompeta china
trumpet
tsampouna
tsuri-daiko
tuba
tubular bells
tuhu
tulum
tumpong
turntables
tárogató
ud
udu
ukulele
valiha
vertical flute
vertical viola
veuze
vibraharp
vibraphone
vichitra veena
vielle
vihuela
viola
viola d'amore
viola da gamba
viola organista
violin
violotta
vladimirsky rozhok
volinka
wagner tuba
washboard
washint
washtub bass
welsh pipes
whip
whistle
willow flute
wind chimes
xalam
xiao
xiaodihu
xun
xylophone
xylorimba
yang chi'in
yang chin
yayli tanbur
yazheng
yehu
yu
yueh ch'in
yun lo
zampogna
zaqq
zhongdihu
zhuihu
zink
zither
zonghu
zufalo
zurna
