john
james
william
robert
alexander
thomas
david
george
andrew
peter
charles
joseph
hugh
michael
donald
patrick
daniel
henry
edward
archibald
samuel
francis
richard
duncan
matthew
paul
adam
walter
mark
brian
ian
neil
alex
stephen
angus
allan
arthur
christopher
kenneth
scott
alan
colin
frank
malcolm
martin
steven
kevin
gordon
norman
jack
anthony
ronald
harry
douglas
chris
gary
ryan
bernard
albert
frederick
craig
alfred
mike
eric
tom
stuart
jason
philip
steve
joe
derek
stewart
roderick
sean
ben
jonathan
benjamin
matt
lewis
gavin
jamie
graham
tony
jim
ross
sam
simon
bill
dan
gilbert
murdo
hector
jeff
aaron
tim
keith
owen
nick
raymond
bob
dennis
lee
josh
kyle
lawrence
dave
greg
bruce
ernest
nicholas
justin
isaac
darren
dugald
barry
max
marc
joshua
nathan
liam
iain
jordan
gerald
jay
luke
christian
alistair
jacob
cameron
oliver
charlie
stanley
louis
rob
don
denis
finlay
leslie
brandon
ralph
graeme
victor
jon
andy
ron
herbert
danny
ken
roger
gerard
carlos
roy
dylan
bryan
harold
vincent
grant
larry
fred
rick
dean
jake
antonio
jeremy
terence
willie
laurence
archie
billy
lachlan
connor
ray
murdoch
callum
tyler
jerry
edwin
juan
ed
timothy
johnny
leo
mario
gabriel
jan
jeffrey
jimmy
terry
phil
carl
evan
will
russell
leonard
felix
shaun
joel
brad
bobby
tommy
luis
adrian
jesse
marcus
alastair
maurice
garry
archd
ivan
todd
eddie
doug
kieran
robin
marco
lucas
fraser
logan
wayne
jose
cornelius
campbell
abraham
ewen
erik
hans
nathaniel
austin
randy
oscar
ethan
jorge
pat
gregory
noah
leon
roberto
shane
al
joey
ebenezer
karl
robbie
stefan
ted
julian
drew
shawn
jean
calum
phillip
vladimir
brett
murray
dale
trevor
dominic
howard
manuel
sebastian
mitchell
pierre
sydney
magnus
chad
ali
miguel
guy
glenn
taylor
fernando
pete
travis
hamilton
ewan
brendan
rory
chuck
dick
maxwell
mathew
allen
aleksandr
aidan
wilson
andreas
corey
bruno
nicolas
kai
alberto
zach
cody
francisco
michel
kurt
glen
pedro
sidney
hendry
jonas
blake
jared
ricardo
igor
jeremiah
ricky
gregor
sergio
roland
gene
harris
eugene
andre
mason
aiden
kenny
omar
blair
zachary
troy
rich
philippe
brent
morris
caleb
bradley
alister
edmund
rafael
giovanni
cole
jacques
edgar
javier
claude
geoffrey
pablo
declan
kris
euan
eduardo
seth
andrea
ronnie
luca
lindsay
francesco
wallace
alick
carlo
warren
fergus
marcel
reece
boris
alfie
roman
diego
alejandro
bryce
mohammed
casey
hugo
hunter
forbes
anton
rhys
jackson
sinclair
spencer
marshall
giuseppe
harvey
kim
reginald
conor
elliot
rodney
lance
nigel
moses
cecil
nelson
morgan
angelo
derrick
ashley
hamish
calvin
dustin
riley
gareth
nicol
giorgos
farquhar
bertie
geoff
curtis
nate
myles
noel
zack
paolo
alessandro
finn
stan
kelly
alain
harrison
cory
rod
xavier
theo
mohamed
ahmed
sonny
olivier
franco
antony
bert
miles
alfredo
mohammad
arnold
wolfgang
sandy
lou
percy
sergey
alasdair
filip
vince
wilfred
damien
luigi
damian
kirk
desmond
cyril
clark
julio
lloyd
ruben
mungo
lorenzo
toby
dominick
zak
jaime
jakub
viktor
alec
emmanuel
enrique
mitch
rodger
art
nikos
jerome
earl
eli
clifford
gerry
daryl
claudio
muhammad
mikhail
marvin
dimitris
freddie
pavel
niel
markus
marty
theodore
darryl
rudy
alexandre
zac
mick
wesley
crawford
michal
brodie
leonardo
josef
frankie
kent
johan
greig
les
jayden
tristan
devin
armando
stefano
chase
oleg
lars
jude
ollie
angel
klaus
stephan
cliff
solomon
master
kostas
garrett
findlay
dougald
ibrahim
nico
elijah
johnston
sergei
pascal
otto
andrei
byron
bartholomew
andrey
giannis
elias
walker
damon
gregg
emilio
emil
julien
ernesto
russ
rex
neal
lionel
laurent
levi
ramon
israel
hal
rodrigo
herman
rene
jackie
yuri
tobias
julius
fabio
gustavo
franz
raul
dirk
federico
hassan
ernie
reuben
clive
amir
paulo
niall
fritz
guillermo
wes
michele
darrell
clarence
alexis
teddy
antoni
lukas
antoine
marko
christophe
johannes
bart
gideon
werner
mickey
tomas
piotr
matthias
clayton
bo
georges
arran
florian
oskar
edmond
clint
terrence
marcos
benny
quintin
hubert
willy
gil
massimo
vic
sammy
dominique
pietro
milan
jasper
carter
toni
jean-pierre
nikolai
hank
hayden
giorgio
fabian
clay
arturo
shannon
alvin
randall
perry
guido
antanas
jun
mel
jonathon
salvatore
enrico
luciano
gino
buddy
felipe
louie
aldo
serge
henri
ahmad
cooper
richie
melvin
andres
matteo
lyle
josiah
anders
rocco
dominik
marcelo
ciaran
jesus
dana
conrad
lauchlan
jonny
fredrick
kian
alfonso
isaiah
orlando
devon
bertram
gabe
micheal
jens
christoph
santiago
robertson
renato
konstantin
ty
rocky
preston
junior
axel
ninian
anderson
marek
juozas
raphael
dante
aleksey
heinz
kristian
kacper
innes
milton
georg
dino
beau
abdullah
micah
nicky
andrzej
carson
kennedy
freddy
martyn
cesar
jordi
thom
reggie
dario
irving
erick
duane
luc
dillon
elliott
thomson
ari
manfred
wade
dieter
vincenzo
eddy
ernst
horace
len
kerr
riccardo
willm
gianni
domenico
ambrose
parker
kerry
bailey
abdul
ramsay
nikolay
basil
thierry
manny
rolf
hiroshi
ellis
collin
rudolf
mauro
mikey
gus
boyd
wincas
irvine
maurizio
oswald
enzo
dj
aleksander
tomasz
dane
allister
sven
valentin
johnathan
tyrone
artur
guillaume
dmitriy
sal
clement
yves
krzysztof
erin
scot
jonah
stephanie
sasha
mac
trent
kristopher
bernie
kelvin
jules
vernon
karim
henrik
jo
sami
harley
dougal
mustafa
lenny
daniele
ritchie
leroy
dwayne
barney
big
terrance
helmut
watson
cristian
chip
ariel
trey
manus
jaxon
curt
jerzy
abel
marlon
nino
ivor
wally
davide
herb
gilles
gerhard
gerardo
barrie
mackenzie
leigh
erich
donnie
ashton
jamal
darius
jess
bud
ned
van
hyman
gerrard
wojciech
tracy
michelle
forrest
norbert
horst
dimitri
quinn
emanuel
rodolfo
mathieu
winston
courtney
per
pawel
joachim
bernd
sid
johnstone
simone
rudi
mauricio
quentin
jeffery
eduard
jed
rusty
nikola
jakob
ferguson
cedric
valentine
clyde
saul
erwin
randolph
mathias
keir
harald
raj
stanislaw
didier
salvador
marius
vittorio
jean-claude
rico
amit
timo
el
melville
sandro
marcello
kenji
brady
megan
petr
fabrizio
abram
ivo
shay
josep
frederic
ralf
king
conner
dallas
ajay
franklin
vasilis
lester
laurie
giancarlo
dwight
keiran
prince
melissa
akira
olaf
nils
kayden
hermann
franck
milo
brody
yusuf
paco
denny
floyd
samir
ric
nic
leonid
dexter
rainer
mateusz
rupert
johnnie
chester
august
nikita
hristos
aleksandar
walt
petar
niels
gonzalo
georgi
evgeniy
romeo
jody
clinton
ronan
mariano
maciej
dmitri
sylvester
ignacio
duke
reid
luka
ivie
dorian
barclay
haris
emile
ravi
maksim
imran
ole
ilya
rio
marcin
jai
barnet
takashi
constantine
zoran
sara
philipp
yuriy
robb
donovan
szymon
skip
hamza
brock
tanner
rohan
lawson
danilo
danielle
bret
rowan
red
jean-paul
maximilian
sanjay
bogdan
aleksei
simpson
malcom
hasan
uwe
umberto
jacek
abe
pieter
nolan
miller
earnest
vijay
morrison
matti
vito
grahame
aron
olly
mikael
ira
alexandra
neill
heath
giulio
filippo
sheldon
partick
godfrey
geroge
arron
zain
robby
vicente
vadim
smith
ranald
konrad
bernardo
amos
tyson
ludovic
sylvain
stanislav
gianluca
giacomo
wim
stevie
miroslav
jayson
davis
pepe
paddy
buck
victoria
tadeusz
bernhard
lynn
henk
arnaud
natalie
luiz
jermaine
wyatt
maxime
fabrice
ion
armand
wiliam
piero
johann
reza
frazer
morten
gustav
claud
sunil
rey
kane
darin
brendon
anil
alvaro
karel
gabriele
ephraim
antonis
esteban
ayaan
niko
goran
darrin
gunnar
butch
zane
richd
mateo
dawid
ulrich
panagiotis
maxim
reed
silvio
ruaridh
monty
mehdi
marian
landon
ferdinand
ezra
charley
patrice
lincoln
arne
lennon
evander
colby
lucien
yan
mat
khalid
kamil
willem
norm
malik
leif
donny
mikko
lonnie
ismail
dusan
adriano
kamal
cuthbert
adnan
woody
vyacheslav
tito
reg
laurance
adolfo
sol
sascha
rolando
kari
jarrod
eugenio
bilal
avi
val
jeroen
frans
avery
arun
wilhelm
pasquale
mack
lennox
callan
dragan
augusto
nikolas
errol
dion
dani
mirko
kevan
del
cal
zbigniew
wiktor
sunny
scotty
mehmet
grzegorz
flynn
ashok
alexandros
seamus
nik
jimmie
gerd
eoin
dakota
olivia
musa
loren
holger
christos
ronny
patryk
franciszek
cary
bertrand
neville
leandro
kit
garth
colton
chi
hay
claus
blaine
spyros
romain
leopold
dalton
bryant
samantha
pekka
madison
asher
allison
struan
los
lew
jean-louis
everett
young
kirill
kenzie
sterling
ruairidh
ram
carlton
alessio
kristofer
ismael
carmine
wolf
rahul
nikki
mihalis
kieron
janusz
gibson
francois
elmer
deepak
xander
simeon
milos
fredrik
die
coll
carsten
antti
alexandru
rajesh
hudson
augustus
russel
otis
rui
humberto
heinrich
hamid
henderson
yonas
keegan
hannes
augustine
maitland
cyrus
amber
rudolph
raffaele
quinton
jesper
casper
aj
yu
mika
kaiden
aubrey
jean-marc
heikki
giles
burt
timmy
dudley
alisdair
adrien
takeshi
raoul
mahmoud
kristoffer
dmitry
brennan
bartosz
yang
ugo
jefferson
grayson
ward
ludwig
juha
kamran
chance
andrej
ahmet
volker
usman
daisuke
bennett
anatoli
samson
mo
mckenzie
jukka
friedrich
nat
kelsey
jax
dusty
ryszard
jean-luc
yannis
willi
wei
vinny
valeriy
lex
griffin
petros
joaquin
archy
wendell
kaleb
davidson
amar
sophie
constantin
cesare
branko
arlo
yann
valeri
roddy
elvis
ace
mihai
makoto
lamar
hiroyuki
aziz
armin
kristen
eliot
takis
lukasz
janne
jade
gaetano
enoch
emanuele
arjun
wang
tariq
stu
stelios
sebastien
murat
jochen
holly
chet
wil
ruslan
patrik
lancelot
gilberto
gianfranco
drummond
diana
chaz
zander
vlad
rasmus
piet
nancy
lasse
jos
jean-marie
garret
massimiliano
han
derick
chen
vance
sacha
nestor
monte
gert
etienne
dawson
vinnie
siegfried
natan
montgomery
ming
gian
carmen
ash
yevgeni
tino
stavros
keenan
jean-michel
ezekiel
cris
christie
vladislav
pyotr
lucky
jace
niven
katherine
humphrey
homer
cian
brooks
youssef
petras
kendall
hercules
karol
asif
rufus
lino
lane
drake
tucker
lindsey
krishna
jenny
fletcher
aditya
rowland
rodrick
kay
jozef
emiliano
chelsea
henryk
edoardo
dickson
anatoliy
abdel
vanessa
tomislav
tiffany
osvaldo
noble
irwin
richmond
remy
leah
lawrance
eamon
dom
adolf
tiago
steffen
dougall
aryan
yannick
ramesh
morton
le
kip
jovan
jojo
ilias
eamonn
zoe
panos
howie
horacio
carey
sander
rik
myron
maksymilian
leighton
dariusz
cam
brooke
virgil
tommaso
moshe
molly
lawrie
dimitar
stacy
salim
raja
lamont
guiseppe
flavio
fabien
eden
clifton
tj
reese
finley
benedict
alf
rayan
nikodem
niklas
nichol
muir
lyall
con
chico
chandler
willaim
skyler
royce
pino
nisbet
renzo
munro
jacky
ingo
faisal
ayden
yi
shelby
kareem
jordon
jin
fran
emerson
elio
des
black
attila
vaughn
valerio
tarek
rikki
lucio
jussi
jean-jacques
clarke
adil
ville
umar
thanasis
rafal
lorne
issac
glyn
eugen
doc
vangelis
thorsten
sandeep
paris
omer
layton
hope
damir
anand
satoshi
nenad
erica
bradford
ramiro
percival
john-paul
isaae
carles
teo
tasos
stacey
osman
myer
moe
joy
jaden
ike
domingo
brittany
said
rami
liz
kees
dee
aris
aitken
thoams
shea
manu
lord
lockhart
koji
alexei
willis
silas
misha
manolis
maarten
luther
lothar
houston
gray
fausto
darko
stevenson
reinhard
monica
leland
darcy
connell
cj
brice
yousef
valentino
tara
shayne
little
gaston
addison
sasa
rohit
rayyan
nacho
cruz
carmelo
arman
amin
vivian
thor
roberts
regan
olli
emmett
chan
arno
zeljko
quincy
nuno
mervyn
mariusz
manolo
haroon
caitlin
moritz
lachlin
jamieson
tod
jari
hendrik
cosmo
colm
abbas
waldemar
timur
oliwier
mads
konstadinos
khaled
job
joaquim
erkki
brayden
adi
titus
stephane
park
manoj
lowell
kristin
kalle
jae
ivy
german
donal
anwar
yahya
ton
spike
slobodan
qasim
pierce
matias
joshna
henning
dermot
bas
terrell
tal
sutherland
robinson
muhammed
mohan
livingstone
karl-heinz
jarrett
dejan
branden
benito
alexey
yorgos
vitaliy
tymon
sameer
mats
jaume
harri
grady
giuliano
charly
patricio
millar
mikel
major
lauri
karsten
captain
vishal
kazis
hannu
camille
uri
torquil
natasha
edwd
chloe
bram
arif
alexnader
ulf
johnson
jen
giorgi
gage
frederik
braden
zhang
tex
sherman
lon
lin
lazarus
goerge
dinesh
darnell
ciro
burton
artyom
niki
kayla
jaroslaw
ho
dilip
camilo
buster
bojan
asim
alen
salman
octavio
nicolai
lev
kazimierz
jimi
hiram
yuozas
suresh
saad
rock
rhett
remo
nicolae
nabil
mladen
mikolaj
kasper
jaap
henrique
eva
darrel
cristiano
chief
bjorn
atsushi
nathanael
micky
melanie
matty
jurgis
ewing
demetrius
alonzo
markku
kurtis
khalil
williams
thompson
tarik
tad
rogelio
miquel
michiel
lutz
kimberly
josip
hiroki
guilherme
udo
shahid
radu
mustapha
lito
joost
eero
edouard
daren
caden
brooklyn
benji
ashish
alexandr
abu
sachin
mattias
mahesh
kiran
jaroslav
grigor
crystal
artie
vasiliy
valerie
sophia
salah
rian
rachid
predrag
mattia
malachi
karan
joh
hussain
farid
cayden
aman
wouter
wong
weston
torsten
stevan
risto
reynaldo
rakesh
rae
oren
marie
gennaro
francesc
darwin
bennie
aulay
adolph
sky
petri
mohamad
jock
hossein
gardner
elena
chun
bryson
artem
wendy
vern
torrance
gheorghe
florent
donato
christy
alyssa
ally
wladyslaw
vinod
pier
meredith
liu
koen
beth
barnett
yuki
wilfrid
stefanos
rashid
linus
kazuo
joris
irvin
ioannis
horatio
gina
fulton
ford
ettore
deborah
bryn
vitali
tate
shin
seymour
phoenix
matthieu
kody
jean-philippe
gerrit
cunningham
chung
vivek
takahiro
tai
romano
ogilvie
newton
neilson
miro
marley
fleming
brenden
blue
barrett
whitney
tomi
shinji
seppo
rehan
norris
nikhil
nadeem
marquis
man
kasey
hume
ges
diogo
caelan
adel
thiago
siddharth
paige
masahiro
martijn
knut
joop
hung
cullen
asa
ana
wilfried
veronica
thaddeus
saeed
noam
moises
judd
jamil
arnie
arnaldo
vikram
tibor
slim
remi
prakash
piatras
kade
hari
geert
foster
davey
arie
alon
zeke
wai
valery
tiger
randal
minoru
kumar
joakim
jasmine
jani
hong
gregorio
davie
benoit
barnard
abby
zlatko
jef
hughie
galen
corrado
cormac
cheng
cain
andi
yutaka
spence
prem
pere
pentti
mikkel
jiri
irfan
georgie
florin
edgardo
dany
brenton
april
vasil
tina
takayuki
santosh
renaud
majid
lucian
leopoldo
hakan
frantisek
fernand
elie
daniil
coby
buzz
anas
alicia
ying
von
natalia
jill
jarred
hussein
habib
damion
baron
ayman
abhishek
zdenek
peyton
naoki
nairn
mitchel
masato
kid
haydn
haley
gaurav
earle
dav
balfour
austen
agustin
tor
sage
rishi
mal
lennart
kiyoshi
keisuke
jorma
joao
esa
deon
denver
darran
zoltan
yossi
warwick
vicky
toshio
thanos
syd
rajiv
manos
konstantinos
jarvis
hideo
feng
farhan
donna
clemens
bong
barnaby
armen
alton
aeneas
