# Notable peaks, not just the highest peaks
# Includes all peaks exceeding 7500\,m
# Elevation (m), name (country)
21900 Olympus Mons (Mars)
8848 Everest (Nepal/China)
8611 K2 (China/Pakistan)
8586 Kangchenjunga (Nepal/India)
8516 Lhotse (Nepal/China)
8462 Makalu (Nepal/China)
8201 Cho Oyu (Nepal/China)
8167 Dhaulagiri (Nepal)
8156 Manaslu (Nepal)
8125 Nanga Parbat (Pakistan)
8091 Annapurna (Nepal)
8068 Gasherbrum I (China/Pakistan)
8047 Broad Peak (China/Pakistan)
8035 Gasherbrum II (China/Pakistan)
8012 Shishapangma (China)
7952 Gyachung Kang (Nepal)
7946 Gasherbrum III (China/Pakistan)
7937 Annapurna II (Nepal)
7932 Gasherbrum IV (China/Pakistan)
7893 Himalchuli (Nepal)
7885 Distaghil Sar (Pakistan)
7861 Nuptse (Nepal)
7852 Khunyang Chhish (Pakistan)
7851 Ngadi Chuli (Nepal)
7821 Masherbrum (Pakistan)
7816 Nanda Devi (India)
7804 Chomo Lonzo (Nepal/China)
7795 Batura Sar (Pakistan)
7790 Kanjut Sar (Pakistan)
7788 Rakaposhi (Pakistan)
7782 Namcha Barwa (China)
7762 Batura II (Pakistan)
7756 Kamet (India)
7742 Saltoro Kangri (India/Pakistan)
7729 Batura III (Pakistan)
7719 Kongur Tagh (China)
7710 Molamenqing (China)
7710 Jannu (Nepal)
7708 Tirich Mir (Pakistan)
7694 Gurla Mandhata (China)
7672 Saser Kangri (India)
7665 Chogolisa (Pakistan)
7649 Kongur Tagh (China)
7611 Shispare (Pakistan)
7583 Changtse (China)
7577 Trivor (Pakistan)
7570 Gangkhar Puensum (Bhutan/China)
7556 Gongga Shan (China)
7555 Annapurna III (Nepal)
7554 Kula Kangri (China)
7554 Chogolisa II (Pakistan)
7545 Skyang Kangri (Pakistan/China)
7545 Muztagh Ata (China)
7530 Yukshin Gardan Sar (Pakistan)
7525 Annapurna IV (Nepal)
7516 Mamostong Kangri (India)
7495 Ismoil Somoni Peak (Tajikistan)
7439 Jengish Chokusu (China)
7294 Gyala Peri (China)
6993 Machhapuchhare (Nepal)
6961 Aconcagua (Argentina)
6893 Ojos del Salado (Chile)
6812 Kuh-e Bandaka (Afghanistan)
6768 Huascar\'an (Peru)
6760 Chakragil (China)
6720 Mercedario (Argentina)
6655 Yerupaj\'a (Peru)
6638 Kailash (China)
6627 Xuelian Feng (China)
6543 Shivling (India)
6542 Nevado Sajama (Bolivia)
6542 Buni Zom (Pakistan)
6438 Illimani (Bolivia)
6395 Huandoy (Peru)
6348 Parinacota (Chile/Bolivia)
6267 Chimborazo (Ecuador)
6190 Denali (US)
5959 Logan (Canada)
5897 Cotopaxi (Ecuador)
5895 Kilimanjaro (Tanzania)
5700 Pico Crist\'obal Col\'on (Colombia)
5642 Elbrus (Russia)
5636 Pico de Orizaba (Mexico)
5610 Damavand (Iran)
5596 Jade Dragon Snow Mountain (China)
5552 Cerro del Bols\'on (Argentina)
5500 Mons Huygens (Moon)
5489 Saint Elias (US/Canada)
5445 Bogda Peak (China)
5410 Ritacuba Blanco (Colombia)
5400 Popocatepetl (Mexico)
5226 Lucania (Canada)
5199 Kenya (Kenya)
5137 Ararat (Turkey)
5109 Stanley (Congo/Uganda)
4996 Blackburn (US)
4981 Pico Bol\'\i var (Venezuela)
4979 Pik Talgar (Kazakhstan)
4969 Jiuding Shan (China)
4892 Vinson Massif (Antarctica)
4886 Tomort (China)
4884 Puncak Jaya (Indonesia)
4812 Vancouver (Canada/US)
4811 Sabalan (Iran)
4809 Blanc (Italy/France)
4750 Klyuchevskaya Sopka (Russia)
4671 Fairweather (US/Canada)
4634 Rosa (Switzerland)
4565 Meru (Tanzania)
4550 Ras Dashen (Ethiopia)
4509 Wilhelm (Papua New Guinea)
4507 Karisimbi (Rwanda/Congo)
4506 Belukha (Kazakhstan/Russia)
4478 Matterhorn (Switzerland/Italy)
4466 Bazard\"uz\"u (Azerbaijan/Russia)
4418 Whitney (US)
4401 Elbert (US)
4393 Rainier (US)
4387 Kholeno (Iran)
4317 Shasta (US)
4302 Pikes Peak (US)
4285 Sidley (Antarctica)
4274 Finsteraarhorn (Switzerland)
4220 Tajumulco (Guatemala)
4216 Hayes (US)
4205 Mauna Kea (US)
4197 Grand Teton (US)
4167 Toubkal (Morocco)
4150 Finisterre Range (Papua New Guinea)
4150 El Mela (Argentina)
4095 Kinabalu (Malaysia)
4058 San Valentin (Chile)
4049 Piz Bernina (Switzerland)
4040 Cameroon (Cameroon)
4019 Waddington (Canada)
4016 Marcus Baker (US)
3982 Wheeler Peak (US)
3970 Eiger (Switzerland)
3959 Robson (Canada)
3952 Yushan (Taiwan)
3941 Kuh-e Taftan (Iran)
3840 Sauyr Zhotasy (Kazakhstan/China)
3826 Saramati (India/Myanmar)
3820 Cerro Chirrip\'o (Costa Rica)
3805 Kerinci (Indonesia)
3798 Gro\ss glockner (Austria)
3794 Erebus (Antarctica)
3776 Fuji (Japan)
3726 Rinjani (Indonesia)
3724 Aoraki (NZ)
3718 Teide (Spain)
3706 San Lorenzo (Argentina/Chile)
3694 Gunnbj\o rn Fjeld (Greenland)
3676 Suckling (Papua New Guinea)
3676 Semeru (Indonesia)
3666 Jabal an Nabi Shu'ayb (Yemen)
3623 Lautaro (Chile)
3607 Ichinsky (Russia)
3555 Monarch (Canada)
3506 San Gorgonio (US)
3479 Mulhac\'en (Spain)
3478 Rantemario (Indonesia)
3466 Leuser (Indonesia)
3456 Koryaksky (Russia)
3445 Emi Koussi (Chad)
3428 Slamet (Indonesia)
3426 Hood (US)
3405 Fitz Roy (Argentina/Chile)
3404 Aneto (Spain)
3339 Arjuno-Welirang (Indonesia)
3332 Raung (Indonesia)
3323 Etna (Italy)
3315 Giants Castle (SA)
3307 Shiveluch (Russia)
3302 San Jacinto Peak (US)
3265 Lawu (Indonesia)
3143 Pica d'Estats (Spain/France)
3110 Siple (Antarctica)
3098 Pico Duarte (Dominican Republic)
3088 Qurnat as Sawda' (Lebanon)
3069 Piton des Neiges (R\'eunion)
3055 Haleakal\=a (US)
3034 Quadrant (US)
3031 Agung (Indonesia)
3027 Binaiya (Indonesia)
3019 Jabal Shams (Oman)
3011 Pico Basil\'e (Equatorial Guinea)
2994 Pico da Neblina (Brazil)
2987 Stephenson (Antarctica)
2963 Ramelau (Timor-Leste)
2962 Zugspitze (Germany/Austria)
2955 Pegunungan Arfak (Indonesia)
2954 Apo (Philippines)
2934 Paget (South Georgia)
2925 Musala (Bulgaria)
2922 Pulag (Philippines)
2919 Olympos (Greece)
2914 Vihren (Bulgaria)
2912 Corno Grande (Italy)
2876 Maromokotro (Madagascar)
2874 Moncong Lompotabang (Indonesia)
2869 Shishaldin (US)
2864 Triglav (Slovenia)
2829 Fogo (Cape Verde)
2814 Hermon (Lebanon/Syria)
2797 Ruapehu (NZ)
2745 Mawson Peak (Heard Island)
2729 Cannon (US)
2722 Tambora (Indonesia)
2695 Anamudi (India)
2680 Pic de la Selle (Haiti)
2655 Gerlachovsk\'y \v st\'\i t (Slovakia)
2636 Dunn Peak (Canada)
2629 Catherine (Egypt)
2549 St.\ Helens (US)
2544 Moldoveanu Peak (Romania)
2518 Taranaki (NZ)
2469 Galdh\o piggen (Norway)
2463 Mayon (Philippines)
2285 Sinai (Egypt)
2241 Orohena (Tahiti)
2228 Kosciuszko (Australia)
2110 Hvannadalshn\'ukur (Iceland)
1952 Olympus (Cyprus)
1917 Washington (US)
1912 Xenicus (NZ)
1651 Eyjafjallaj\"okull (Iceland)
1486 Pinatubo (Philippines)
1447 Morne Diablotins (Dominica)
1397 Pel\'ee (France)
1344 Ben Nevis (UK)
1281 Vesuvius (Italy)
1247 K\=\i lauea (US)
1085 Table (SA)
1038 Carrauntoohil (Ireland)
978 Scafell Pike (UK)
863 Uluru (Australia)
813 Krakatoa (Indonesia)
396 Sugarloaf (Brazil)
382 Besh Barmag (Azerbaijan)
