Constant
Raphael
Leonardo da Vinci
Andy Warhol
Pablo Picasso
Vincent van Gogh
Giotto
Frida Kahlo
Duccio
Caravaggio
Carpaccio
Claude Monet
Corneille
John Martin
El Greco
Francis Bacon
Naza
Salvador Dalí
Marc Chagall
Menez
Gustav Klimt
Bapu
Henri Matisse
Paul Gauguin
Edgar Degas
Titian
William Blake
Paloma Picasso
Mark Rothko
Diego Rivera
Paul Klee
Hokusai
Thomas Kinkade
Edvard Munch
Canaletto
Jackson Pollock
Man Ray
Edward Hopper
Norman Rockwell
Jeff Koons
Pierre-Auguste Renoir
Beatrix Potter
Alex Ross
Wu Wei
Tintoretto
Khalil Gibran
Roy Lichtenstein
Joan Miró
Marcel Duchamp
Damien Hirst
Correggio
Wassily Kandinsky
Albrecht Dürer
Paul Cézanne
Bob Ross
Egon Schiele
Puru
M. C. Escher
David Hockney
John William Waterhouse
Yayoi Kusama
Sandro Botticelli
Georges Braque
M. F. Husain
Michelangelo Buonarroti
Jean-Michel Basquiat
H. R. Giger
Amedeo Modigliani
Max Ernst
John Singer Sargent
John McLaughlin
Giorgione
Gerhard Richter
Georgia O'Keeffe
Wang Wei
René Magritte
John Byrne
Peter Paul Rubens
Franz Marc
Caspar David Friedrich
Wang Yi
Alexander Calder
Camille Pissarro
Frank Frazetta
Fernando Botero
Perugino
Gustave Courbet
Syd Barrett
Piet Mondrian
Lucian Freud
Edi Rama
Balthus
Bruce Nauman
Art Green
Hiroshige
Piero della Francesca
José Rodrigues
Hieronymus Bosch
Jacques-Louis David
Johannes Vermeer
Andrew Wyeth
Alfons Mucha
Robert Rauschenberg
Henri de Toulouse-Lautrec
Otto Dix
Wang Jian
Cy Twombly
Leonid Afremov
Eugène Delacroix
Pierre Bonnard
Henri Rousseau
Matthew Smith
Tamara de Lempicka
Paul Henry
Richard Wilson
Jan van Eyck
Jasper Johns
Alberto Giacometti
Winslow Homer
August Macke
Ei-Q
Käthe Kollwitz
Gustave Doré
Mary Cassatt
John Constable
Fra Angelico
Frans Hals
Georges Seurat
William-Adolphe Bouguereau
Miyamoto Musashi
Isamu Noguchi
James Tissot
Yves Klein
Giorgio de Chirico
John James Audubon
Dante Gabriel Rossetti
Willem de Kooning
Anselm Kiefer
Wu Li
Tracey Emin
Peter Michael
Mitchell Johnson
Emily Carr
Wang E
Odilon Redon
Cimabue
Zhang Yan
Thomas Cole
Juan Gris
Guido Reni
Peter Max
J. M. W. Turner
Diego Velázquez
Richard Hamilton
Ay-O
Julian Schnabel
Drew Struzan
Josef Albers
David Allan
Li Di
Berthe Morisot
Charles Williams
Albert Bierstadt
Nicolas Poussin
Wang Hui
Fernand Léger
Carl Larsson
Ron English
Ray Parker
Gustave Moreau
Jean Auguste Dominique Ingres
Juan Luna
Paolo Veronese
Tarsila do Amaral
Giovanni Bellini
Arnold Böcklin
Raoul Dufy
Mi Fu
Li Cheng
Paul Harvey
Frank Stella
Emil Nolde
Chen Hong
Thomas Moran
Joshua Reynolds
LeRoy Neiman
Gustave Caillebotte
John Everett Millais
Gian Lorenzo Bernini
Andrea Mantegna
Francis Picabia
Alfred Sisley
Lucio Fontana
Grant Wood
Rufino Tamayo
Ernst Ludwig Kirchner
Jean Dubuffet
Liu Jun
Lawrence Alma-Tadema
Donald Judd
Rogier van der Weyden
Pinturicchio
Alex Katz
Tom Phillips
Kurt Schwitters
Giorgio Morandi
Édouard Manet
Chen Lin
Luis Miranda
Claude Lorrain
Henry van de Velde
Max Beckmann
Jan Steen
Paul Signac
George Grosz
William Hogarth
Karel Appel
Maxfield Parrish
Henri Michaux
Thomas Gainsborough
Oskar Kokoschka
Friedensreich Hundertwasser
John Collier
David Simpson
Yang Jin
Victor Vasarely
Kazimir Malevich
Robert Reid
François Boucher
Antoni Tàpies
Anders Zorn
William Nicholson
Parmigianino
Antonello da Messina
Vanessa Bell
Wang Fu
Thomas Hill
Max Liebermann
Louis Comfort Tiffany
Sharaku
Hans Memling
Childe Hassam
Jasmine Becket-Griffith
Paula Rego
James Ensor
Thomas Lawrence
Xu Wei
Sigmar Polke
Dosso Dossi
Carl Spitzweg
Wang Yuan
David Alfaro Siqueiros
Jean-Baptiste-Camille Corot
Georg Baselitz
Artemisia Gentileschi
Allen Jones
Agnes Martin
Toyen
Jim Dine
Ellsworth Kelly
Antoine Watteau
Umberto Boccioni
John Luke
Thomas Hart Benton
Simone Martini
Maurice Utrillo
Georges de La Tour
Anthony van Dyck
William Merritt Chase
Robert Bateman
N. C. Wyeth
Pisanello
Daniel Taylor
Candido Portinari
James McNeill Whistler
Bill Lewis
Zhang Han
Thomas Eakins
Robert Motherwell
David Park
Frederic Remington
Domenichino
Andrea del Sarto
Jean Arp
Julio González
Maurice Denis
Honoré Daumier
Frederic Leighton
Robert Henri
Mariano Fortuny
Ma Lin
George Bell
Ken Howard
Paul Kane
Ma Wan
Benjamin West
Robert Delaunay
Gottfried Helnwein
Tom Roberts
Rosa Bonheur
Lovis Corinth
Kees van Dongen
Rembrandt Harmenszoon van Rijn
Ma Shi
Lyonel Feininger
George Romney
Joseph Delaney
Santiago Rusiñol
James Brooks
Annibale Carracci
Helen Frankenthaler
David Boyd
Bjørn Wiinblad
Giuseppe Arcimboldo
Gilbert Stuart
Ferdinand Hodler
Li Shan
Elsa Beskow
Brian Froud
Bernard Buffet
Aaron Douglas
Pierre Soulages
James Barry
Apelles
Leonora Carrington
Jacob Lawrence
Elizabeth Murray
Zdzisław Beksiński
Bob Thompson
Almeida Júnior
Almada Negreiros
Wayne Thiebaud
Sam Francis
Tom Thomson
Raúl Martínez
Jane Kelly
Hans Holbein the Younger
Matthias Grünewald
Dionisius
Bridget Riley
Alexander Scott
Wu Hong
Ben Nicholson
Ren Yi
Paul Delvaux
Alexander Ivanov
Shitao
Sean Scully
Aristide Maillol
Wang Meng
Giovanni Battista Tiepolo
Alexander Mann
Wifredo Lam
Giacomo Balla
Remedios Varo
Paul Georges
Edward Clark
Giovanni Fattori
Chen Chi
Jan Matejko
José Clemente Orozco
El Lissitzky
Pieter Bruegel the Elder
Romare Bearden
Charles Willson Peale
Marie Laurencin
Zao Wou Ki
Ji Sheng
Felice Casorati
Barnett Newman
Paolo Uccello
Raphael Kirchner
Li Song
Tom Wesselmann
Lam Qua
Ivan Aivazovsky
Georges Rouault
Fred Mitchell
Andrei Rublev
Frederick Edwin Church
Asger Jorn
Suzanne Valadon
Li Tang
Enzo Cucchi
Avigdor Arikha
Pascin
Lucas Cranach the elder
John Keane
George Stubbs
Laura Knight
Hans Hofmann
Jean-François Millet
Hua Yan
Domenico Ghirlandaio
George Catlin
Raja Ravi Varma
Horace Vernet
Pamphilus
André Derain
Xu Xi
Ronald Davis
Henri Fantin-Latour
Franz Kline
Tadeusz Kantor
Antoine Le Nain
John William Godward
Stuart Davis
Zhang Lu
Richard Diebenkorn
Francesco Clemente
Wang Lü
Masolino
Carlo Crivelli
Agostino Carracci
John Atkinson Grimshaw
Jean-Honoré Fragonard
David Brewster
Charles Thomson
Arturo Rivera
L. S. Lowry
Pedro Figari
Roberto Matta
Hubert Robert
Francesco Hayez
Larry Rivers
John Singleton Copley
Joaquín Sorolla y Bastida
Wyndham Lewis
Daniel Schultz
Theo van Doesburg
Jacques Callot
Charles-François Daubigny
Abidin Dino
Wolfgang Bauer
Lu Ji
Filippino Lippi
Augustus John
John Trumbull
James Rosenquist
Sun Long
Hans Fischer
Michael Goldberg
Louise Nevelson
Liaqat Ali Khan
Joan Brown
Kevin Connor
Piero di Cosimo
Jean-Léon Gérôme
Nicholas Roerich
Gentile da Fabriano
Max Klinger
Paul Nash
Hans Holbein the Elder
Agnolo Bronzino
Samuel F. B. Morse
Utagawa Kuniyoshi
John Lavery
Guy Rose
Alberto Burri
Yan Hui
Henry Fuseli
Chen Lu
Duncan Grant
Allan Ramsay
Neil Williams
John Hutton
Gu An
Gen Paul
Maurice de Vlaminck
Yves Tanguy
Rockwell Kent
Zdeněk Burian
Pietro da Cortona
Eugène Boudin
William Holman Hunt
Francesco Guardi
Shen Zhou
Michael Dahl
Cecily Brown
Gerard David
Philip Guston
Arshile Gorky
Anita Malfatti
Lasar Segall
Pierre Alechinsky
Dong Yuan
Lucebert
Gene Davis
Vanessa Beecroft
Martin Johnson Heade
Jenny Saville
Bernardo Bellotto
Franz Xaver Winterhalter
Li Kan
Qi Baishi
Akseli Gallen-Kallela
Leonor Fini
Antonio Saura
Samuel Scott
Jacob Jordaens
Hans Baldung
Luc Tuymans
David Wojnarowicz
Albrecht Altdorfer
Billy Childish
Breyten Breytenbach
Anne Ryan
Victor Meirelles
Yue Minjun
Nick Gentry
George Barker
Max Pechstein
Per Kirkeby
Judith Brown
Stanisław Wyspiański
Kitagawa Utamaro
George Bellows
Frank Mason
Zhao Yong
Francisco de Zurbarán
Erich Heckel
Théodore Géricault
George Inness
David Wilkie
László Moholy-Nagy
Jan Müller
Giovanni Francesco Barbieri
Clyfford Still
Glòria Muñoz
Fra Filippo Lippi
Jean Fouquet
Félix Vallotton
Steven Campbell
Alexander Rodchenko
Albert Edelfelt
Sofonisba Anguissola
Juan de Flandes
Ivan Shishkin
Odd Nerdrum
L. A. Ring
Kurt Wenner
Hans Hartung
Richard Estes
George Morrison
Patrick Nagel
Gino Severini
Xul Solar
Marsden Hartley
Jules Joseph Lefebvre
Wen Jia
Hyacinthe Rigaud
Ford Madox Brown
Wang Wu
Johannes Itten
Alice Neel
Otto Piene
Ludwig Bemelmans
Jean-Paul Riopelle
Albert Marquet
Wu Bin
Pieter de Hooch
Albert Anker
Francisco Zúñiga
Chaim Soutine
Howard Hodgkin
Alfredo Volpi
Kawase Hasui
Carlo Carrà
Bartolomé Esteban Murillo
Edwin Landseer
Andrea del Verrocchio
Theo Constanté
Frans Masereel
Arthur Boyd
Kamagurka
Helene Schjerfbeck
Carl Morris
Walter Sickert
Henrik Lund
Milton Avery
Karel Havlíček
Graham Sutherland
Frank Auerbach
Tracy Harris
Mario Sironi
Karl Schmidt-Rottluff
Giuseppe De Nittis
Oswaldo Guayasamín
Josef Čapek
Francisco Josè de Goya
Edward Bailey
Qian Gu
Lu Zhi
Jan van Goyen
Edward Hicks
Nicolas de Staël
Gabriele Münter
Brett Whiteley
Xu Beihong
Lucas van Leyden
Jean-Jacques Henner
Chen Rong
Max Slevogt
Hans Erni
Utagawa Kunisada
Adolf Hölzel
Charles Demuth
Brice Marden
Wu Zhen
John Murdoch
Jacek Malczewski
Meredith Dillman
Ignacio Zuloaga
Adriaen van Ostade
Zhang Xiaogang
Sidney Nolan
Peter Lely
Josetsu
Altichiero
Sir Anthony van Dyck
Simon Vouet
Hugo van der Goes
Mu Qi
Hans von Aachen
Cindy Wright
Richard Schmid
Paul Wunderlich
Pieter Claesz
George Schmidt
William Woodward
Pierre-Joseph Redouté
John Linnell
Guo Xi
Robert Campin
Adolph Menzel
Rembrandt Peale
Huang Ji
Basuki Abdullah
William Orpen
Tang Di
Morris Louis
Rodolfo Morales
John Marin
Joaquín Torres García
Jacob Maris
Maurice Prendergast
Jules Breton
Dan Christensen
Pietro Longhi
Petrus Christus
Jean-Marc Nattier
Adolf Born
Yosa Buson
Wolf Vostell
Pompeo Batoni
Zhao Yuan
John Button
Benito Quinquela Martín
Albert Gleizes
Ohara Koson
Maximilien Luce
Edward Ruscha
Armand Guillaumin
Anne Savage
Karel van Mander
Enrico Baj
Mary Abbott
John Eyre
Henri-Edmond Cross
Zhang Daqian
Sebastiano Ricci
John Armleder
Gopala Rao
Xie He
Pierre Auguste Cot
Peter Brandes
Jacob Collins
Henry Raeburn
Tim Biskup
Robert Koehler
Dorothea Tanning
Thomas Couture
Tadanori Yokoo
Lu Guang
Alfred Leslie
Zhao Mengfu
Melozzo da Forlì
James Montgomery Flagg
Jacopo Bassano
Gentile Bellini
Austin Osman Spare
Fra Bartolomeo
Alexej von Jawlensky
Stanisław Ignacy Witkiewicz
Pablo Rey
Charles Marion Russell
Ye Xin
Phillip Otto Runge
Kenneth Noland
Adolph Gottlieb
Zheng Xie
Peter Snow
Mark Tobey
Jamie Wyeth
Theodore Robinson
Joseph Wright of Derby
Emanuel Leutze
Carel Fabritius
Zhang Yin
Yuan Yao
Yaacov Agam
Richard Artschwager
Henry Lamb
Natalia Goncharova
Frédéric Bazille
Aelbert Cuyp
Zhang Xuan
Stephen Gilbert
Pierre Puvis de Chavannes
Jan Brueghel the Elder
Isaac Levitan
Henry Woods
Gao Xiang
Vlaho Bukovac
Ma Yuan
Gwen John
Derek Hill
Shinoda Toko
Elizabeth Forbes
Andrea Pozzo
Karl Bodmer
Gong Kai
Art Frahm
Wenceslas Hollar
Lin Liang
Jörg Immendorff
Jan van der Heyden
Francesco Albani
William Etty
Jin Nong
George Frederic Watts
Alessandro Allori
Thomas Baines
Ivan Bilibin
Hans Makart
Gerard ter Borch
Federico Barocci
Ernst Theodor Amadeus Hoffmann
Édouard Vuillard
Stephen Greene
Sengai
Orazio Gentileschi
Hilma af Klint
Gerrit Dou
Gerard ter Borch
Emily Mason
Zinaida Serebriakova
Tsukioka Yoshitoshi
Murakami Takashi
Leon Golub
Ernest Meissonier
Christian Rohlfs
Ai Xuan
Viktor Vasnetsov
Karl Hofer
George Caleb Bingham
Jean Metzinger
Jan Zrzavý
Henry Scott Tuke
Boris Kustodiev
Anthony Christian
Anna Ancher
Abraham Bloemaert
Jean Baptiste Debret
Yuan Jiang
Nicholas Hilliard
John Henry Twachtman
Alexei Kondratyevich Savrasov
Limbourg brothers
Lan Ying
Ferdinand Bol
Daniel Garber
Lawren Harris
Jan van Huysum
Zhu Da
Wilhelm Leibl
Robert Jacobsen
Jeong Seon
Hong Ren
Zhou Fang
Wolf Kahn
Pietro Lorenzetti
Ossip Zadkine
Nadir Afonso
Francisco Oller
Doc Hammer
Bernardo Strozzi
Stefan Luchian
Patrick Caulfield
Konstantin Makovsky
Jules Chéret
Wilhelm Sasnal
Tang Yin
Ellen Gallagher
William Forsyth
Suzuki Harunobu
Stephen Little
Qian Du
Mikhail Vrubel
Humberto Castro
Antônio Parreiras
Angelica Kauffman
Rajesh Soni
Maruja Mallo
Fernando Amorsolo
Anton Graff
Jennifer Bartlett
Ismail Acar
Vija Celmins
R. B. Kitaj
Pan Yuliang
Gabriel Metsu
Eugenio Granell
Carol Sutton
Yoshida Hiroshi
Shang Xi
Pat Adams
Jean Béraud
Jan Davidsz de Hem
Jan Davidsz. de Heem
Daniel Maclise
Carl-Henning Pedersen
Anton Mauve
Andreas Achenbach
Silvestro Lega
Nancy Spero
Liu Haisu
Jean-Paul Laurens
Jason Benjamin
František Kupka
Utagawa Toyokuni
Richard Dadd
Joseph Stella
Han Gan
Gerda Wegener
Christian Krogh
Martiros Saryan
Dave Merrick
Telemaco Signorini
Frederick Carl Frieseke
Arkhip Kuindzhi
Wen Tong
Ross Bleckner
Ivan Kramskoi
Jan Lievens
Richard Parkes Bonington
Lawrence Harris
André Lhote
HAP Grieshaber
Nicolas Lancret
Alfred Jensen
Heinrich Hofmann
Wu Guanzhong
François Clouet
Juan O'Gorman
Edward Henry Potthast
David Teniers the Younger
Ugo Nespolo
Vladimir Tatlin
Konstantin Korovin
Paulus Potter
Clinton Ford
Bruno Liljefors
Léon Bakst
Nathan Oliveira
Fan Qi
Jean Fautrier
Alma Thomas
Serge Poliakoff
Joseph Raphael
Francesco Bartolozzi
Adam Elsheimer
Zhou Chen
Qiu Ying
Du Jin
Aniello Falcone
Franz von Lenbach
Rudolf von Alt
Sophie Taeuber-Arp
Henri Le Sidaner
Maria Helena Vieira da Silva
Fairfield Porter
Miltos Manetas
Édouard Detaille
Cecilia Beaux
Mikhail Nesterov
Taddeo Gaddi
Walasse Ting
William Trost Richards
Ralph Earl
Lesser Ury
John Bourne
Hubert van Eyck
Frits Thaulow
Marie Bashkirtseff
Albert Joseph Moore
Villard de Honnecourt
Adriaen van de Velde
Hendrick Avercamp
Auguste Herbin
Michael Ancher
Bruce McLean
William Dobson
Aert van der Neer
Alexander Roslin
Gerald Kelly
Edward Simmons
Guo Chun
Shen Quan
Julian Onderdonk
Vasily Polenov
Jack Levine
Arthur Streeton
Zeng Jing
Abbott Handerson Thayer
Christopher Perkins
Robert Bevan
Alfred Wallis
Romaine Brooks
Sir Alfred Munnings
Émile Bernard
Théodore Rousseau
Song Xu
Friedrich von Amerling
Georges Lacombe
Morgan Russell
Charles Blackman
Charles Billich
Dai Jin
Balthasar van der Ast
Ju Lian
Jeanne Hébuterne
Xi Gang
Edwin Austin Abbey
Cuno Amiet
Silvia Dimitrova
Carl Heinrich Bloch
Alexandre Benois
Eliseu Visconti
George Hendrik Breitner
Nikolai Astrup
Nicolaes Maes
Sam Charles
Domenico Zampieri
Giovanni Lanfranco
Hugo Simberg
Peter Blume
Thomas Bock
Bernardo Cavallino
Sava Šumanović
Eugène Burnand
Robert William Vonnoh
Brian Alfred
Perle Fine
Jacopo Bellini
Willem Kalf
Konrad Witz
Dieric Bouts
Pieter Aertsen
Óscar Domínguez
Konstantin Somov
Francesco Cozza
Mei Qing
Fritz Baumann
Washington Allston
John Opie
Johann Zoffany
Albert Namatjira
Jasper Francis Cropsey
Li Zai
Meindert Hobbema
Hans Burgkmair
Ferdynand Ruszczyc
Emil Orlik
Asher Brown Durand
Sanford Robinson Gifford
Charles Lebrun
Amelia Peláez
Giovanni Giacometti
Louis Valtat
Lucas Cranach the younger
Arthur Lismer
Alfred Thompson Bricher
Salomon van Ruysdael
Robert Dickerson
John Brack
Gerald "Dr. Atl" Murillo
Francesco del Cossa
Enrique Simonet
Clifford Ross
Paul-Émile Borduas
Jack Roth
Caspar Netscher
Antonio Ciseri
Tsuguharu Foujita
Chen Yifei
Raoul Ubac
Sir William Russell Flint
William Dobell
Jaroslav Doubrava
Juliusz Kossak
Eugène Grasset
Lisa Yuskavage
Jean-Baptiste-Siméon Chardin
Cornelis van Haarlem
Louis Le Nain
Joan Snyder
Joe Mangrum
Vasily Surikov
Alice Mason
Joachim Patinir
Luc-Olivier Merson
Raphael Soyer
Nancy Graves
Allan Brooks
Zhang Wo
Wilhelm Hammershoi
Mikalojus Konstantinas Čiurlionis
Manabu Mabe
Jan Zamoyski
Henryk Siemiradzki
Ni Tian
Malcolm Morley
Gong Xian
Bill Traylor
Wojciech Kossak
Mary Moser
Horst Antes
Rodolphe Töpffer
Jan Jahn
Charles Alston
Frank Weston Benson
Rachel Ruysch
Jitish Kallat
Giovanni Paolo Pannini
Ludovico Carracci
Carlo Martini
René Auberjonois
Charles Conner
Kim Tschang Yeul
Hendrik Goltzius
Mikoláš Aleš
Fiona Rae
Théodore Chassériau
Ismael Nery
Ed Paschke
Bartholomeus van der Helst
Keisai Eisen
Bob Reese
Willem van Aelst
Shi Rui
Fu Baoshi
Koryusai
Franz Stuck
Ni Zan
Henry Heerup
Dai Xi
Richard Mayhew
Charles Le Roux
Fletcher Martin
John Steuart Curry
Jacob van Campen
Rudolf Hausner
Olaf Gulbransson
Ettore Tito
Jim Manley
Charles Conder
Anne Dunn
Mati Klarwein
Samuel Prout
Pieter Lastman
Benjamin Williams Leader
Daniel Chodowiecki
Constant Permeke
Nara Yoshitomo
Alfred East
T. C. Steele
David Bomberg
Adolf Wölfli
Jane Frank
Hans Gude
Emiliano Di Cavalcanti
Vasily Perov
Jens Juel
Martin Benka
Enrique Grau
Henry Wallis
Wang Duo
Camilo Mori
Pieter Brueghel the Younger
Zoran Mušič
Leiko Ikemura
Jules Olitski
Federico Zandomeneghi
Jerry Weiss
William McGregor Paxton
Edmund Charles Tarbell
Christoffer Wilhelm Eckersberg
Yasuo Kuniyoshi
Moise Kisling
Ernie Barnes
Leon Wyczółkowski
Dong Qichang
Albin Egger-Lienz
Eduardo Kingman
Marianne von Werefkin
Frederick McCubbin
Colin Campbell Cooper
Max Dauthendey
Kun Can
Georges Lemmen
Louis Anquetin
Élisabeth-Louise Vigée-Le Brun
Zhaoming Wu
Jørgen Roed
Toyohara Kunichika
Torii Kiyonaga
Alfred Manessier
Thomas Cornell
Frederick Goodall
Emil Carlsen
Lucien Pissarro
Federico Zuccari
Jan Brueghel the Younger
Théodule Ribot
Andrzej Wróblewski
Russell Drysdale
Carel Willink
Božidar Jakac
Julius LeBlanc Stewart
Abraham de Vries
Jan Cox
Antoine Wiertz
Maksymilian Gierymski
Janet Fish
Thomas Doughty
Carlos Schwabe
Max Švabinský
Vasily Vereshchagin
Mahmoud Farshchian
Pietro Testa
Linda Sutton
Liang Kai
Ilya Yefimovich Repin
Aaron Nagel
Karpisek
Tobias Stimmer
Wen Zhengming
Alejandro Obregón
Kay Sage
Pavel Filonov
Joseph Werner
Jean-Étienne Liotard
Josse Lieferinxe
Gerard de Lairesse
Rudolf Koller
Gee Vaucher
Bernardo Daddi
Hendrik Willem Mesdag
Peder Severin Krøyer
Olga Boznańska
Giovanni Battista Piazzetta
Alphonse Legros
Helmut Federle
Frances Hodgkins
Philips Wouwerman
Oswald Achenbach
Louis-Léopold Boilly
Joseph-Marie Vien
Sophie Gengembre Anderson
Joseph Severn
Jesse Richards
Samuel Colman
Jean Hey
Don Eddy
Wu Changshuo
Beauford Delaney
Albert Guillaume
Robert Falk
Peter Lanyon
Karel Dujardin
Ruud Janssen
Federico Uribe
Edward Wadsworth
Jacob van Utrecht
Willard Metcalf
Richard Mortensen
Ramon Casas i Carbó
Jacques Blanchard
Manolo Millares
Louis le Brocquy
Betye Saar
Heinrich Kley
Csaba Markus
Millard Sheets
Jozef Israëls
Jens Søndergaard
Geertgen tot Sint Jans
Richard Gerstl
Piotr Michałowski
Lilla Cabot Perry
Rodolfo Amoedo
Elaine Hamilton
Govert Flinck
Eero Järnefelt
Shibata Zeshin
Tahir Salahov
Janet Dawson
Emil Fuchs
Vladimir Borovikovsky
Albert Keller
Muggur
Joseph Badger
Niklaus Manuel
Leonard Long
Euan Uglow
Aleksander Gierymski
Tadeusz Makowski
Roberto Parada
Louis Janmot
Raoul De Keyser
Pu Hua
Xia Yong
Artur Grottger
Liubov Popova
Francesco Zuccarelli
Roy De Maistre
Fitz Hugh Lane
Stanhope Forbes
Mikhail Larionov
Louis-Michel van Loo
Joos de Momper
A. B. Jackson
Afewerk Tekle
Carol Bove
Fan Kuan
Takehisa Yumeji
Nicolas Charlet
Ludwig Knaus
Charles Bird King
Fritz von Uhde
William Harnett
Jacques-Laurent Agasse
Edward Lamson Henry
Chantal Joffe
Sheng Mao
Werner Tübke
Stanisław Witkiewicz
Huang Shen
Emperor Huizong of Song
Maurycy Gottlieb
Ken Danby
Agnolo Gaddi
William Stott
Jacopo Amigoni
Robert Beauchamp
Francesco Furini
Alberto Sughi
Kim Hong-do
Louis Marcoussis
Adriaen van der Werff
Richard Anuszkiewicz
Caspar Wolf
Aert de Gelder
Paul Lohse
Robert Lenkiewicz
Georg Friedrich Kersting
Esaias van de Velde
Jan Miense Molenaer
Willem van der Vliet
Rita Angus
Karl Bryullov
Vladimir Tretchikoff
Sheila Mullen
Rupert Bunny
Petr Brandl
Li Keran
Emanuel de Witte
Thomas de Keyser
Eva Gonzalès
Dahlov Ipcar
Slava Raškaj
Willem van Mieris
Jean Messagier
Hirayama Ikuo
Józef Mehoffer
Constantin Hansen
Harvey Pratt
Stanislas Lépine
Josef Navrátil
Ivan Rabuzin
Bernard van Orley
Georg Muche
Alfons Walde
Abraham Mignon
Cristofano Allori
Konrad Klapheck
Jan de Bray
Jean Petitot
Alexander Nasmyth
Willem Maris
Lois Mailou Jones
Giovanni Battista Gaulli
Philip Wilson Steer
Cornelis de Man
Chen Jiru
Wolf Huber
Robert Storm Petersen
Candido Lopez
Ella Guru
Charles Angrand
Mariotto Albertinelli
Veno Pilon
Perin del Vaga
Józef Brandt
Hans Falk
Antonio Donghi
Leonid Pasternak
Eugene J. Martin
John Wollaston
Christen Købke
Wojciech Weiss
Raymond Saunders
Pierre Brissaud
Paul Gustave Fischer
Kobayashi Kiyochika
Judith Gutierrez
John Covert
Caesar van Everdingen
Félix Ziem
Julio Larraz
Jean-François de Troy
Bartolomeo Vivarini
Augustus Earle
Qian Xuan
Sir Jacob Epstein
Jan Hackaert
James Peale
Harold Gilman
Sylvia Molloy
Simon de Vlieger
Xia Chang
Johann Friedrich Overbeck
George Biddle
Edo Murtić
Jakub Schikaneder
Ivan Albright
Lisa Milroy
Luigi Kasimir
Rudolf Schlichter
Dirck van Baburen
Maruyama Ōkyo
Hendrick Terbrugghen
Jorge Velarde
William Zorach
Wilhelm Trübner
Robert Medley
Cagnaccio di San Pietro
Théophile Steinlen
Jo Baer
Henry Tonks
Godfried Schalcken
Simon Marmion
Josef Mánes
William Gear
Ernest Hébert
Knox Martin
Edward Marshall Boehm
William Hoare
Jacob Philipp Hackert
Henri Harpignies
Edward Corbett
Raphaelle Peale
Pavel Fedotov
David Diao
Ammi Phillips
Alesso Baldovinetti
James Bard
Clovis Trouille
William McTaggart
François Girardon
Grace Cossington Smith
Zhang Zeduan
Cassius Marcellus Coolidge
Stephen Pace
Oluf Høst
Claes Jansz. Visscher
Adolf Dietrich
Adélaïde Labille-Guiard
Huang Gongwang
Barbara Longhi
Alison Watt
Elmer Bischoff
Chen Hongshou
Peggy Bacon
Paulus Moreelse
Jesper Knudsen
Jean Hélion
Igor Grabar
John Plumb
Rick Amor
Juan de Valdés Leal
Richard T. Scott
Leon Kroll
Theodore Earl Butler
David Bailly
Wang Mian
Spencer Gore
Karl Walser
Robert Bechtle
Maler Müller
Conrad Marca-Relli
Philipp Veit
Jack Butler Yeats
Huang Ding
Arthur Melville
Charles E. Burchfield
Giuseppe Bernardino Bison
Georg Scholz
Xia Gui
Huang Binhong
Jan Theuninck
Vincenzo Cabianca
Sonia Delaunay-Terk
Wilhelm Marstrand
Philip Evergood
Terry Marks
Kurt Seligmann
Jean Jouvenet
Nicolas Froment
Muqi Fachang
Otto Placht
Michel De Caso
Gina Pellón
Pieter van Laer
Johann Liss
Johann Heinrich Meyer
Édouard Debat-Ponsan
Hans Fries
Wu Zuoren
Willem Drost
Konstantin Yuon
Wilhelm Freddie
Shin Saimdang
Paul Cornoyer
André Bauchant
Sir Stanley Spencer
Jan van Mieris
Jan Stanisławski
Hendrick van Balen
Ralph Albert Blakelock
Guity Novin
Camilo Egas
Pan Tianshou
Kerry Hallam
Karl Otto Götz
John F. Francis
Dirck Hals
William Powhida
Stan Stokes
Nikolai Ge
Nathaniel Hone
Jankel Adler
Eugeen Van Mieghem
Laurits Tuxen
Friedrich Gauermann
Adriaen Coorte
Paul-Albert Besnard
Joseph Kleitsch
Antonín Slavíček
Abraham Storck
Otto Eckmann
Russell Chatham
Antonio de la Gandara
Gerbrand van den Eeckhout
Cheng Shifa
Alice Prin
Adriaen van de Venne
Jean-Baptiste van Loo
Higashiyama Kaii
Egbert van der Poel
Adolphe Willette
Shin Yun-bok
Melchior d'Hondecoeter
Amos Ferguson
Hishikawa Moronobu
Amos Ferguson
Abraham van Calraet
Luis Molinari
Anna Boch
Otto Pilny
J. Alden Weir
Giovanni Battista Cipriani
Frederick Hammersley
Adrian Zingg
Jean Colombe
Michael Flohr
Eugène Isabey
Andrea Orcagna
Alexandre Falguière
Wojciech Gerson
Joseph Pisani
Emilio Grau Sala
William Congdon
Vladimir Makovsky
Ásgrímur Jónsson
Okumura Masanobu
Willem van de Velde the Younger
Julian Fałat
Hendrick Cornelisz Vroom
Cornelis de Heem
Walter Osborne
Jan van Bijlert
Yokoyama Taikan
Petrus Van der Velden
Jan van de Cappelle
Paul Guigou
Jane Freilicher
Ilya Glazunov
Giuseppe Abbati
William Quiller Orchardson
Stanton Macdonald-Wright
Ángel Botello
Max Walter Svanberg
James Baynes
Herman van Swanevelt
Yamamoto Taro
Gu Kaizhi
Maurice Braun
Maryam Hashemi
Quentin Matsys
Jean-Baptiste Pater
Cornelis Dusart
Władysław Podkowiński
Georges Stein
Lattanzio Gambara
Pieter Jansz Saenredam
Luo Mu
George Benjamin Luks
Antoni Pitxot
Willem de Poorter
Toyohara Chikanobu
Louis Hersent
Kurt Trampedach
Giocondo Albertolli
Utagawa Yoshitora
Theophanes the Greek
Joze Ciuha
Ejler Bille
Charles W. Bartlett
Betty Churcher
Bartholomeus Breenbergh
Joseph DeCamp
Jan Mabuse
Thomas Furlong
Ju Chao
Bracha L. Ettinger
Ambrosius Bosschaert the Elder
Arthur Sarkissian
Jean Crotti
Itō Jakuchū
Huang Tingjian
Edwin Dickinson
Dirck van Delen
Neil Welliver
Michael Ray Charles
Lucas Vorsterman
Sigrid Hjertén
Hiroshi Honda
Hercules Seghers
Ridolfo Ghirlandaio
Marcello Bacciarelli
Kristian Zahrtmann
Joseph Pickett
Roelant Savery
Jørgen Nash
Torii Kiyomitsu
Salomon de Bray
Moses Soyer
Alexey Venetsianov
Alexandre-Évariste Fragonard
Matthias Stom
Jan Asselijn
Hermenegildo Anglada Camarasa
Takeuchi Seihō
Pieter de Grebber
Candido Bido
Mstislav Dobuzhinsky
Charles Hinman
Sylvia Sleigh
Kazys Varnelis
Ivan Grohar
Julius Klinger
Yun Shouping
Robert Ballagh
Pieter Codde
Fede Galizia
Jacob Isaakszoon van Ruisdael
Dennis Miller Bunker
Edmond Aman-Jean
Michiel Jansz. van Mierevelt
Joy Garnett
Enguerrand Quarton
Daniel Seghers
Per Krohg
Min Zhen
Frank O'Meara
Jerzy Kossak
Francis Davis Millet
Alexis Simon Belle
Robert Colescott
Hedda Sterne
Francesco Raibolini
Johannes Lingelbach
Eugène Brands
Charles Joshua Chaplin
Mathieu Le Nain
Georg Schrimpf
Tommaso Masaccio
Judy Cassab
Helen Berman
Colin Middleton
Oswaldo Viteri
Jacob de Gheyn II
Igor Kufayev
Joe Machine
Watanabe Sadao
Stefan Gierowski
Anton Lehmden
Martin Desjardins
Kalervo Palsa
Jan Miel
Friedel Dzubas
Tadeusz Dominik
Rackstraw Downes
Michel Tapié
Václav Brožík
Janez Puhar
Vladimir Novak
Susan Weil
Nina Hamnett
Miao Fu
Herman Saftleven
Hasegawa Tōhaku
Floris van Schooten
Félix Labisse
Wang Shishen
Juan Bautista Garcia
Ivan Lacković Croata
George Ault
Kawanabe Kyōsai
Eppo Doeve
Domenico Induno
Patrick Nasmyth
Mikhail Lebedev
Alice Bailly
Melchior Broederlam
Jan Victors
Cornelis Saftleven
Brian Dunlop
Jens Jørgen Thorsen
Charles-André van Loo
Utagawa Hiroshige II
Sargent Johnson
Johannes Kip
Simon Ushakov
Sergei Sviatchenko
Sebastian Vrancx
Matthijs Maris
Ejnar Nielsen
William Barak
Henry O. Tanner
Eva Švankmajerová
Cleve Gray
Joaquín Clausell
Paul Feeley
Modest Urgell
Józef Pankiewicz
Jaakko Mattila
Camille Bombois
Utagawa Kunisada II
Lois Dodd
Larry Zox
Adam Chmielowski
Thomas Dewing
Leon Polk Smith
Jan Wijnants
Frank Buchser
P.C. Skovgaard
Mark A. Brennan
Girolamo Muziano
Malcolm Drummond
Gustaf Munch-Petersen
Gerard Seghers
Edward Willis Redfield
Jan Cornelisz Vermeyen
Barthélemy Menn
Allaert van Everdingen
Louis Buvelot
Johannes Martini
Francis Bourgeois
Emile Auguste Carolus-Duran
Christen Dalsgaard
Robert Crozier
Peter Churcher
Lionel Walden
Edward Mitchell Bannister
Aaron Bohrod
Wang Shimin
Isaac van Ostade
Kuroda Seiki
John Altoon
Jan Baptist Weenix
Conroy Maddox
Albert Bertelsen
William Coldstream
Max Gubler
Ernest Biéler
Aoki Shigeru
Pia Fries
Nadim Karam
Wilhelm Bendz
David Teniers the Elder
Ivana Kobilca
Bartholomeus van Bassen
Zhao Zuo
Yvonne Jacquette
Myra Landau
Franz Fedier
Eliot Hodgkin
Charles Ginner
Carel Weight
Ramon Pichot
Kamisaka Sekka
Martinus Rørbye
Koloman Sokol
Gai Qi
Floris van Dyck
Ivan Generalić
Ernest Briggs
Adriaen Hanneman
Władysław Ślewiński
Prince Hoare
Ogata Kenzan
Claire Falkenstein
Alexander Brook
Tadeusz Brzozowski
Ni Duan
Justus van Gent
Eugene Montgomery
Clément Serveau
Mary Elizabeth Price
Howardena Pindell
Nishikawa Sukenobu
John Maggs
Jacob Ochtervelt
Alexander Kanoldt
Viktor Oliva
Pascal Dagnan-Bouveret
Henryk Stażewski
George Gardner Symons
Byron Galvez
Jules Tavernier
Johan Jongkind
Alfred Edward Chalon
Tawaraya Sōtatsu
Paul Monnier
Ruth Abrams
Peter McArdle
Otto Stark
Katsukawa Shunshō
Dmitry Levitzky
Yanagawa Shigenobu
Ludolf Bakhuizen
Jean-Michel Atlan
Richmond Barthé
Patrick Ching
Pál Szinyei Merse
Ambreen Butt
Louise Abbéma
Sigurd Swane
Patrick Henry Bruce
Bruce Onobrakpeya
Abraham Hondius
William Dargie
Juan Villafuerte
Hovsep Pushman
Grace Clements
Bernardino Mei
Rolf Iseli
Pieter de Ring
Jaime Colson
Vytautas Kasiulis
Toriyama Sekien
Armin Hansen
Andries Both
Rihard Jakopič
Anton Ažbe
André Thomkins
Albert Welti
Uwe Wittwer
Bradley Walker Tomlin
Max Buri
Henriette Wyeth
Yamagata Hiro
Fyodor Vasilyev
Clarice Beckett
Pacita Abad
Jacob Gerritsz. Cuyp
Gregory Gillespie
Alvan Fisher
Ota Bubeníček
Glennray Tutor
Raymond Han
Louis de Caullery
January Suchodolski
Henri Biva
Hans von Bartels
Eugeniusz Żak
Colijn de Coter
Manuel Franquelo
Else Alfelt
Robert Goodnough
Kim Jeong-hui
Jacob Marrel
Isidore Bonheur
François Barraud
Marie Vassilieff
Jan Sawka
Tony Tuckson
Robert Zünd
Norman Garstin
Albert Paris Gütersloh
Yun-Fei Ji
Wang Zhenpeng
Otto Abt
Ike no Taiga
Giambattista Pittoni
Clarence Holbrook Carter
Ambrosius Holbein
Titian Peale
Reynolds Beal
Olivia Peguero
Hyman Bloom
Gregorio Lazzarini
Ben Enwonwu
Theodor Philipsen
Olivia Peguero
Nazmi Ziya Guran
Utagawa Toyoharu
Ronnie Landfield
Otto Marseus van Schrieck
Jean-Pierre Saint-Ours
Watanabe Kazan
Robert Antoine Pinchon
Ren Xiong
Ray Crooke
Noel Counihan
Nils von Dardel
Elfriede Lohse-Wächtler
Eglon van der Neer
Basil Blackshaw
Zahari Zograf
Toss Woollaston
Tosa Mitsuoki
Frans van Mieris the Elder
Toros Roslin
Torii Kiyomasu
Johann Berthelsen
Constantine Andreou
Aleksander Orłowski
Vilhelm Kyhn
Leon Chwistek
James Dickson Innes
Enrique Tábara
Carlos Catasse
Blanche Hoschedé Monet
Yan Liben
Tanaka Isson
Leland Bell
Jacob Duck
Jacob Adriaensz Backer
Harald Giersing
Gonzalo Endara Crow
Albert Dubois-Pillet
Valentin Aleksandrovich Serov
Charles Hopkinson
Wang Yuanqi
Paul Mavrides
Maria van Oosterwijk
John Quidor
Ibram Lassaw
Edmond Bille
Takahashi Yuichi
Salomon Koninck
Liu Jue
Fritz Glarner
Jacob Kainen
František Kaván
Wilson Irvine
Walter Emerson Baum
Tadeusz Ajdukiewicz
Joseph von Führich
Josef Abel
Willem van de Velde the Elder
Tomioka Tessai
Ram Chandra Shukla
Karl Völker
Adam Willaerts
Svetoslav Roerich
Rubens Peale
Robert Feke
Cui Bai
Michiel van Musscher
Luděk Marold
Knud Agger
Josef Sima
John Frederick Herring, Sr.
Fernand Pelez
Elizabeth Durack
Barent Fabritius
André Beauneveu
Uemura Shōen
Manuel Rendón Seminario
Larry D. Alexander
Katsukawa Shunchō
Henryk Rodakowski
Gertrude Abercrombie
Ogata Kōrin
Waldo Peirce
Herbert Abrams
Prudence Heward
Louise Catherine Breslau
Li Gonglin
Jan de Baen
Fred Cress
David Gilmour Blythe
Olaf Rude
Marcin Zaleski
Litsa Spathi
John F. Peto
Joe Stefanelli
Jan Konůpek
Frank McKelvey
François Bocion
Nassos Daphnis
William Conor
Paul Émile Chabas
Otakar Kubín
Mikhail Evstafiev
John Haberle
Eduard von Grützner
Carlo Maderna
Carlo Carlone
Estuardo Maldonado
Beta Vukanović
Yorozu Tetsugoro
Jerry Wilkerson
Italo Mus
Zou Zhe
Witold Wojtkiewicz
Marguerite Zorach
Louisa Matthíasdóttir
Antonín Chittussi
Sam Dillemans
Ren Xun
Leopold Gottlieb
Ken Keeley
Jan Wyck
Jacob Steinhardt
Egbert van Heemskerck
Vito D'Ancona
Rabo Karabekian
Pieter de Bloot
Jan Griffier
Anton Räderscheidt
Juliette Wytsman
Dwight William Tryon
Hans Asper
Adriaen Isenbrant
Johannes Cornelisz Verspronck
Bartolomeo Cesi
Utagawa Kunimasa
Maurice Boitel
Karl Stauffer-Bern
Jan Verkolje
Jacques Daret
Yoshio Markino
Willem Claeszoon Heda
Julius Exner
Avgust Černigoj
Arnold Blanch
Adam Saks
Abram Arkhipov
Otto Meyer–Amden
Lucy Madox Brown
Reinier Nooms
Johannes Heisig
Emil Bisttram
Charles Harold Davis
Carl Gustaf Pilo
Sven Erixson
Johann Caspar Füssli
Haukur Halldórsson
Charles H. Woodbury
Charles Crodel
Antoine Ignace Melling
Pieter Huys
Joseph Yoakum
Benjamin Gerritsz Cuyp
Nagasawa Rosetsu
Melchior Lorck
Károly Ferenczy
Andrei Ryabushkin
Xie Huan
Víctor Manuel García Valdés
Lizzy Ansingh
Donald Sherwood
Charles Alphonse du Fresnoy
Youri Messen-Jaschin
Stanisław Masłowski
Onchi Koshiro
Jacob de Heusch
Henri Bellechose
Hendrick Bloemaert
Altoon Sultan
Aleksandr Gerasimov
Laura Muntz Lyall
J. L. Lund
Gerard Houckgeest
Caroline Chariot-Dayez
Mori Sosen
Grigoriy Myasoyedov
François Quesnel
Cornelis Bisschop
Wolfgang Zelmer
Pietro Faccini
Mikhail Yuryevich Lermontov
Mary Callery
Luo Pin
Kaburagi Kiyokata
Wang Zhongyu
Víctor Manuel García Valdés
Jens Ferdinand Willumsen
Osvaldo Romberg
François Diday
Bryan Organ
Abraham van den Tempel
Zhao Zhiqian
Vlastimil Hofman
Kikuchi Yōsai
Ismail Gulgee
Domenico di Pace Beccafumi
Cornelis Claesz van Wieringen
Ib Eisner
Apollinary Vasnetsov
Raphaël Collin
Jean Malouel
Utagawa Yoshiiku
Carl Hoppe
Willem Jacobsz Delff
Troels Wörsel
Ren Renfa
Frans Koppelaar
Stanislav Zhukovsky
Arent Arentsz
Penleigh Boyd
Zygmunt Vogel
Paul Resika
Laura Wheeler Waring
Jóhannes Sveinsson Kjarval
Franz Cižek
Francesco Bonsignori
Xuande Emperor
William Thon
Vilhelm Bissen
Maxwell Bates
Wladyslaw Strzeminski
Franciszek Smuglewicz
Tytus Czyżewski
Alfred Joseph Casson
Fritz Bultman
Andrey Martynov
Arnold Mesches
Jesús Mari Lazkano
Franciszek Żmurko
Victor Noble Rainbird
James Humbert Craig
Oton Iveković
Nicolas Carone
Abraham van Beijeren
Pogus Caesar
Matej Sternen
Erik Pevernagie
Loren Munk
Matsui Fuyoko
Michael Sittow
William Bliss Baker
Serafino De Tivoli
Howard Kanovitz
Matija Jama
Pieter Jansz van Asch
Zvest Apollonio
Lambert Doomer
Kristian Kreković
Hanabusa Itchō
Júlíana Sveinsdóttir
Susan Elizabeth Rice
Emily Shanks
Katsukawa Shunsen
Cornelis Engebrechtsz.
Balcomb Greene
Dechko Uzunov
Nikolai Yaroshenko
Barthel Bruyn the Elder
Barthélemy d'Eyck
Władysław Czachórski
Milton Menasco
Anton Solomoukha
Tajima Hiroyuki
Sylvester Shchedrin
Helen Dahm
Fern Coppedge
Manfredi Beninati
Thornton Willis
Cornelis Pietersz Bega
Heinrich Maria Davringhausen
Ivan Mrkvička
Emanuel Büchel
Giorgio Giulio Clovio
Oswald Birley
Karel Štěch
Theodore Major
Isaac Grunewald
Bertram Brooker
Edwaert Collier
Jiang Tingxi
Vilhelm Lundstrøm
Abdur Rahman Chughtai
Solomon Gessner
Aoshima Chiho
Otto Morach
Cornelis van Poelenburch
Albert Kotin
Jacob van der Ulft
Fujishima Takeji
Konrad Grob
Hannah Tompkins
Master of Saint Giles
Louis Schanker
Karl Hagedorn
Egon von Vietinghoff
Riza Abbasi
Leona Wood
Fedor Alekseev
Charles McAuley
John Wonnacott
Zygmunt Waliszewski
Leng Mei
Alfons Karpiński
Gaetano Sabatini
Ogata Gekkō
Carlo Mense
John Fabian Carlson
Wu Tao-Tzu
Illarion Pryanishnikov
Michel Kikoine
Karl Zerbe
Gerard Soest
Dirck de Bray
Aleksandr Ivanovich Laktionov
John Frederick Herring, Jr.
Santiago Martinez Delgado
Louisa Chase
Carlos Enríquez Gómez
Thierry Bisch
Antonio Cavallucci
Nakayama Tadashi
Pieter Janssens Elinga
Mario Comensoli
Bohumil Kubista
Louis Pohl
Maki Haku
Aníbal Villacís
Augustus Vincent Tack
Gu Hongzhong
Utagawa Yoshitsuya
Samuel Hieronymus Grimm
Alton Tobey
Mirko Rački
James Bolivar Manson
Iwasa Matabei
Lojze Logar
Johann Gottfried Steffan
Arthur B. Carles
Marcos Restrepo
Charmion von Wiegand
Konrad Krzyżanowski
François Joseph Heim
Pieter Jansz Quast
William Edward West
Willem Hondius
John Souch
Gertrude Greene
Johann Ludwig Aberli
Einar Hakonarson
Hugo Heyrman
Wang Ximeng
Gabrijel Jurkić
August Querfurt
James Gillick
Kees Maks
Vala Ola
Alexander Kucharsky
François Louis Thomas Francia
William Langson Lathrop
Niels Lergaard
Kees Bol
Karl Ballmer
Murakami Kagaku
Ditlev Blunck
Giuseppe Antonio Petrini
Everett Warner
Elena Guro
Takahashi Hiromitsu
Nína Tryggvadóttir
Jacob Toorenvliet
Ma Yuanyu
Franz Hegi
Christian August Lorentzen
Sakai Hōitsu
Shao Mi
Toos van Holstein
Tosa Mitsunobu
Pinchus Kremegne
Ogura Yuki
Nabil Kanso
Abraham Willaerts
Max Magnus Norman
Heinrich Danioth
Ahmed Yacoubi
Oton Gliha
Guillermo Wiedemann
Roy Newell
Johann Christian Brand
Tanomura Chikuden
Jon Coffelt
Konstantin Savitsky
Caspar van Wittel
Johannes Bosschaert
Caro Niederer
Maeda Masao
Ferenc Joachim
Sebastian Spreng
Jan Kupecký
Aleksander Kotsis
Aleksander Kobzdej
Vladimir Vasicek
Hiratsuka Unichi
Charles Codman
Ai-Mitsu
Joris van der Haagen
Franciszek Kostrzewski
Harvey Quaytman
Manuel Ortiz de Zarate
Ettore "Ted" DeGrazia
Hashimoto Gahō
Fedor Rokotov
Václav Vavřinec Reiner
Lydia Field Emmet
Karl Jauslin
Jan Dirksz Both
An Zhengwen
Leonard Ochtman
Gao Qipei
Carl Walter Liner
Giorgio Cavallon
Joseph Heintz the Elder
Erik Ortvad
Edward Avedisian
Oleg Lipchenko
Douglas Bourgeois
Susan Crile
George Bogart
Aloysius O'Kelly
Charles-Amédée-Philippe van Loo
Jacques Sablet
Kanō Motonobu
Andrew Stevovich
Gianfredo Camesi
André Pijet
Leonard Knyff
Luis Marsans
Israel Tsvaygenbaum
Paul Bodmer
Gaspar Mario Cruz
Henri Alphonse Barnoin
Mori Yoshitoshi
Bela Čikoš Sesija
Alexander Deyneka
Zhou Wenjing
Lambert Jacobsz
Itō Shinsui
Amalia Lindegren
Fang Congyi
Yoshihiko Wada
Ignat Bednarik
Wyke Bayliss
Master of the Legend of Saint Lucy
John Elwood Bundy
Algernon Talmage
Utagawa Kunisada III
Frederik Vermehren
Serge Sudeikin
Sally Haley
Zofia Stryjenska
Christoffel van den Berghe
Þórarinn B. Þorláksson
Hendrick Cornelisz. van Vliet
Graham Forsythe
Sigmund Freudenberger
Thomas Wijck
Don Reichert
Charles Furneaux
Utagawa Hirokage
Ihor Podolchak
Emma Andijewska
Szymon Czechowicz
Jacques-François Ochard
Godfrey Blow
Adam Marczyński
Marc-Charles-Gabriel Gleyre
Karel Klíč
Bessie Wheeler
Sam Havadtoy
Radi Nedelchev
Matsumura Goshun
Alén Diviš
Jiao Bingzhen
Genco Gulan
Patrick Pye
Jozef Czapski
Matthijs Naiveu
Clark Voorhees
Hu Zao
Yamashita Kiyoshi
Jacek Sempoliński
D. Howard Hitchcock
Willem Cornelisz Duyster
Ding Yunpeng
Aya Goda
Dirck van der Lisse
Schelte a Bolswert
Louis Eilshemius
Eizan Kikukawa
Nikolaj Abraham Abildgaard
Nikola Avramov
Jan Nieuwenhuys
Esaias Boursse
Aertgen van Leyden
Fikret Muallâ Saygı
Josef Block
Grillo Demo
Camille Souter
Antoni Brodowski
Shunkōsai Hokushū
Frank DuMond
Yamamoto Shōun
Matteo Perez d'Aleccio
German Londoño
Guan Daosheng
Nicolaes Eliaszoon Pickenoy
Félix Arauz
Zlatyu Boyadzhiev
Wen Zhenheng
Jan Symonsz Pynas
Daniël Mijtens
Michelangelo Unterberger
Thomas Aquinas Daly
Alexander Litovchenko
Sesshū Tōyō
Peter Birmann
Tom Palin
Edward Dugmore
Utagawa Yoshitaki
Shunbaisai Hokuei
Lee Gatch
Juriaen van Streeck
Christoph Ludwig Agricola
Mia Brownell
Geoffrey Dyer
Philip de Koninck
Eduard von Steinle
Elbridge Ayer Burbank
Torii Kiyomasu II
Dennis Ashbaugh
Jacob Pynas
Xie Sun
Samuel Birmann
Hans Beat Wieland
Jacques Maroger
Wuzhun Shifan
Willy Finch
Adam Pijnacker
William Edouard Scott
Rainer Maria Latzke
Master of the Embroidered Foliage
Ethel Schwabacher
Marc-Aurèle de Foy Suzor-Coté
Frans van Mieris the Younger
Noe Canjura
George Herbert Baker
Zha Shibiao
Ivan Trush
Jang Seung-eop
Waldo Pierce
Pierre Adolphe Valette
Nicolaes Pieterszoon Berchem
Nikolay Nikanorovich Dubovskoy
Allan Linder
Krzysztof Boguszewski
Yang Weizhen
Betty Merken
Jay Milder
Roger Swainston
Isaac Soyer
Pieter Cornelisz van Slingelandt
Lawrence Calcagno
Hasegawa Settan
Auguste Baud-Bovy
Augustyn Mirys
Paul Emmert
Kazimierz Alchimowicz
Arthur Merric Boyd
Sugimura Jihei
Rodolfo Escalera
Dionisio Baixeras Verdaguer
Antonio Galli Bibiena
Yoshida Tōshi
Alfons von Czibulka
Georges Emile Lebacq
Shigemasa Kitao
Marie-Suzanne Giroust
Okuda Gensō
George Passantino
Carpoforo Tencalla
Relja Penezic
Howard Mehring
Raymond Normand
Caroline Mytinger
Thomas Gambier Parry
Laura Theresa Alma-Tadema
Andrzej Pronaszko
Doug Ohlson
Zou Yigui
Peter Wtewael
Ernest Buckmaster
Xanthus Russell Smith
Inoue Naohisa
Béla Kondor
Ni Yuanlu
Kishida Ryūsei
David Teniers III
J. Ottis Adams
Elizabeth Charleston
Ambrosius Bosschaert II
Juraj Julije Klović
Arthur Quartley
Dirck de Quade van Ravesteyn
Jacob Esselens
Gregorio Prestopino
Umehara Ryūzaburō
Anton Moller
Harry Shoulberg
Nevin Çokay
Hamilton Sloan
Gao Fenghan
Kishi Ganku
John Stuart Ingle
Ulrika Pasch
Julian Hatton
Arnold Brügger
Johann Ludwig Bleuler
Ksenia Milicevic
Kanō Eitoku
Martina Krupičková
Marion Wachtel
Yoshida Chizuko
Roy Petley
Ivan Ranger
Domenico Pozzi
Victor Surbek
Vasile Hutopila
Abraham Bosschaert
Ludovit Fulla
Edward Otho Cresap Ord, II
Wang Shiyan
Johann Jakob Biedermann
Paul Kelpe
Jean Louis Petitot
Arvid Nyholm
William Jennys
Vladimir Baranov-Rossine
Reuben Tam
Leo Leuppi
Otis Kaye
Hendrik Gerritsz Pot
Araceli Gilbert
Hermann Rüdisühli
Marcin Kober
Leo Michelson
Torii Kiyonobu I
Jürg Kreienbühl
Fuller Potter
Zhang Shuqi
Veikko Törmänen
Jan Antonisz. van Ravesteyn
Xiang Shengmo
Jan Tengnagel
Jean Xceron
Tsuchida Bakusen
Barthel Bruyn the Younger
Aldo Pagliacci
Vladimir Dimitrov - Maistora
Tilo Baumgartel
E. Charlton Fortune
Uragami Gyokudō
Sō Shiseki
Lewis Henry Meakin
Thomas Mann Baynes
Gérard Ernest Schneider
Yi Yuanji
Hubert van Ravesteyn
Ono Tadashige
Adolfo Müller-Ury
Adam Manyoki
Kanbun Master
Samuel Dirksz van Hoogstraten
Jean Tabaud
Chinwe Chukwuogo-Roy
Vassily Maximov
Leo Goetz
Juan Fernando Cobo
John Noble Barlow
Torii Kiyomoto
Carl Eytel
Xavier Blum Pinto
Shimomura Kanzan
Carl Frederik von Breda
Ding Guanpeng
Johan Lundbye
John Christopher Wood
Jason Teraoka
Edmund Greacen
Johann Heinrich Bleuler
Rajmund Kanelba
Hishida Shunsō
Zhang Shengwen
Kōno Bairei
Orovida Camille Pissarro
John Fulton Folinsbee
Dieter Borst
Dugald Sutherland MacColl
Yasuda Yukihiko
Marilyn Bendell
Irvin Bomb
Zhan Ziqian
Shiba Kōkan
Kamāl ud-Dīn Behzād
Kailash Chandra Meher
Robert Richenburg
Mary Curtis Richardson
Jan Rustem
Rodolphe Wytsman
Warren Eugene Brandon
Giuseppe Grisoni
Leo Valledor
Jenaro de Urrutia Olaran
Fernand Verhaegen
Zhou Jichang
Kanō Tan'yū
Tommaso Redi
Philip Absolon
McKendree Long
Dóra Keresztes
Tani Bunchō
Judith Jans Leyster
Jack M. Ducker
Bernd Fasching
Walter Stuempfig
Lyn Ott
Art Brenner
Vadym Meller
Frederik de Moucheron
Antonie Palamedesz
Albert Henry Krehbiel
Wen Boren
Johann Rudolf Byss
Zbigniew Nowosadzki
Pieter Mulier II
Robert Griffier
Pietro Pezzati
Otto Frölicher
Jules Robert Auguste
George B. Sutherland
Lisa Nankivil
Hermann Feierabend
Wlodzimierz Tetmajer
Gusukuma Seihō
Andrei Kolkoutine
Oscar Rodríguez Naranjo
Karl Rahl
Rinaldo Cuneo
Master of the Bambino Vispo
Maeda Seison
Hendrick Goudt
Du Qiong
Georg Arnold-Graboné
Ulrich Leman
Youssef Howayek
Sugiyama Yasushi
Lawton S. Parker
Louis Grell
Henry Ives Cobb, Jr.
Gang Hui-an
Cor Melchers
Constance Gordon-Cumming
Constance Gordon Cumming
William Didier-Pouget
Okada Beisanjin
Heinrich Herzig
Gao Kegong
Tommaso Dolabella
Sophie Pemberton
Romano Vio
Roelof van Vries
Hugo Anton Fisher
Henry B. Christian
Andrée Ruellan
Yoshihara Jirō
Lubna Agha
Li Shida
Julius Edvard Marak
Gerrit Adriaenszoon Berckheyde
Hans Leu the Elder
Nicholas Marsicano
Jozef Simmler
Stokely Webster
Gao Cen
Charles Rollier
Carl Arnold Gonzenbach
Anthony Angarola
Cornelia MacIntyre Foley
Yu Zhiding
Hayami Gyoshū
Govert Dircksz Camphuysen
Fujiwara Takanobu
Walenty Wańkowicz
Paul Dirmeikis
Koizumi Junsaku
Kazimierz Wojniakowski
Herb Aach
Hans Sandreuter
Cornelis Verbeeck
André Eugène Louis Chochon
Wilhelmina Weber Furlong
Sardar Sobha Singh
Josep Rovira Soler
Xiao Yuncong
Rafail Levitsky
Maria Johanna Görtz
Totte Mannes
Okada Hanko
Heinz Anger
Chén Chún
Ke Jiusi
Dominique Sanson
JoWOnder
Pedro Álvarez Castelló
André Charles Biéler
Pierre Toutain-Dorbec
Rhea Carmi
Kim Myeong-guk
Veronica Ruiz de Velasco
Ilya Ostroukhov
George Burton Drake
Chen Daofu
The Mazeking
Lorentz Frölich
Gillis Rombouts
Alson S. Clark
Fedot Sychkov
Utagawa Kunimasu
Boleslaw Cybis
Kameda Bōsai
Bernt Tunold
Francis Focer Brown
Yi Jaegwan
Minerva J. Chapman
Sawa Sekkyō
Muriel Brandt
Giovanni Pelliccioli
William Berra
Nadya Rusheva
Kanō Tanshin
John Russell Fulton
James Jarvaise
Ishikawa Kinichiro
Wu Shixian
Sylvia Snowden
Alain Tasso
Fred A. Precht
Roar Kjernstad
Tuvia Beeri
Jakob Emanuel Handmann
Rowena Meeks Abdy
Maria Oriana Galli Bibiena
Boetius Adamsz Bolswert
Quirijn van Brekelenkam
Gatōken Shunshi
Cristache Gheorghiu
Oreste Carpi
Nishida Shunei
Jan Gregoor
Xie Shichen
Ota Masamitsu
Carl Eugen Keel
Pieter Franciscus Dierckx
Normand Baker
Mary Agnes Yerkes
John Nelson Battenberg
Abraham Begeyn
Maksimilijan Vanka
Joop Sanders
Hallsteinn Sigurðsson
Bernat Sanjuan
Augustus Dunbier
Luo Zhichuan
Lev Lvovich Kamenev
Edgar Schofield Baum
Alfred Leyman
Suzanne Duchamp-Crotti
Mary Dignam
Marten Post
Morris Louis Bernstein
Jenny Eakin Delony
Jakub Husnik
William Jacob Baer
Nicomachus of Thebes
Vonn Ströpp
Robert Lee Eskridge
John E. Berninger
Okumura Togyu
Kusumi Morikage
Roy Dalgarno
David G. Sorensen
I Ketut Soki
J. W. Tristram
Gregorius Sickinger
Fujiwara Nobuzane
Leon Kaplinski
Kanō Hōgai
Bian Shoumin
Aimé Barraud
Li Fangying
Itagaki Yoshio
Stanley Twardowicz
Shukei Sesson
Emanuel Witz
Giovanni Paolo Cavagna
Simon Gaon
Sasha Putrya
Leonard Bahr
Ceferí Olivé
Randall Schmit
Felipe Seade
Dietmar Damerau
Charles Ragland Bunnell
Qu Leilei
Hendrick van Streeck
Grace Polit
Ludwik Konarzewski
Itshak Holtz
Watanabe Shōtei
Li Rongjin
Henric Trenk
Willem Pieterszoon Buytewech
Lin Tinggui
Yoshida Hanbei
Fei Danxu
Valerie Petts
Miyagawa Isshō
George Barret, Sr.
Ruslan Korostenskij
S J "Lamorna" Birch
Martins Krumins
Fritz Puempin
Richard Gruelle
Irene Lieblich
Tang Yifen
Eamon Everall
Bartlomiej Strobel
Agnes Lawrence Pelton
Lucy Angeline Bacon
Robert J. Brawley
Bernard Accama
Ingrida Kadaka
Emile Lahner
Catrin G Grosse
Miyagawa Shunsui
Hermione Hammond
Bencho Obreshkov
Vasily Andreevich Tropinin
Stanislaw Samostrzelnik
Clara Weaver Parrish
Master of Affligem
Hu Xieqing
Hidari Jingorō
Chafik Charobim
Meredith Garniss
Lodewijk Bruckman
Henryka Beyer
Alessandro Galli Bibiena
Achille Leonardi
Jin Tingbiao
Saitō Kiyoshi
Kim Eung-hwan
Boris Vladimirski
Werner Andermatt
Pedro Pedraja
Bian Jingzhao
Harold Shapinsky
Cao Buxing
Horatio Nelson Poole
Frank Montague Moore
Frank J. Girardin
Auseklis Ozols
T.K. Padmini
Pieter van Anraadt
Ernest William Christmas
Johann Balthasar Bullinger
Song Maojin
Moses van Uyttenbroeck
Hu Zaobin
Wang Guxiang
Michael Gustavius Payne
Giovanni Battista Innocenzo Colombo
Yamaguchi Kayo
Goyō Hashiguchi
Albert Swinden
Unkoku Togan
Didier Mouron
Wojciech Korneli Stattler
Kanō Masanobu
Johanna Marie Fosie
Zhu Derun
Magdalene Bärens
George Papazov
Genevieve Springston Lynch
Ndoc Martini
Fernando Gerassi
Ramón Piaguaje
Peter Benjamin Graham
Hanabusa Itchō II
Carlo Galli Bibiena
Elias Goldberg
Rafael Ritz
Kiyohara Tama
Juan Carlos Stekelman
Svend Rasmussen Svendsen
Gijsbert Gillisz de Hondecoeter
Vincent Pepi
Ralph Burke Tyree
Miyagawa Chōshun
Maude Kaufman Eggemeyer
Cheng Zhengkui
Munakata Shikō
Ilka Gedő
Hristofor Zhefarovich
Yao Tingmei
Pieter Mulier the Elder
Giuseppe Avanzi
Allen Butler Talcott
Yun Du-seo
Mushanokōji Saneatsu
Byeon Sang-byeok
Vlady Kibalchich Russakov
Tom Carapic
John Doman Turner
Ivan Yakovlevich Vishnyakov
Johannes Mytens
Marcelle Bergerol
František Jakub Prokyš
Cheng Jiasui
Jozef Tominc
Giorgio De Vincenzi
Bissan Rafe
Awataguchi Takamitsu
Porfirio DiDonna
Marie Triepcke Krøyer Alfvén
Inshō Dōmoto
Kaigetsudō Ando
Gillis Claesz. d'Hondecoeter
Władysław Malecki
Eishōsai Chōki
Eduardo Lefebvre Scovell
Dulah Marie Evans
Samuel Washington Weis
Wouter Pietersz Crabeth
Walther Jervolino
Margareta Alströmer
Claude Bonin-Pissarro
Eleanor Layfield Davis
Shin Wui
Walter Leighton Clark
Okamoto Tarō
Anna Maria Barbara Abesch
Matsuno Chikanobu
Kanō Sanraku
Kawai Gyokudō
Marko Vrzgula
De Hirsh Margules
Yi Inmun
Maties Palau Ferré
Jan Henryk Rosen
Johan Edvard Mandelberg
Hugo Sánchez B.
Yang Borun
Sōami
Michalis Oikonomou
Julius Hatofsky
Jozef Szermentowski
Jean-Yves Couliou
Friedrich Traffelet
Dirk Crabeth
Andre de Krayewski
Keratza Vissulceva
Johannes van Haensbergen
Zhang Sengyao
Sheng Maoye
Sergio Burzi
Molly Garnier
L. Alcopley
Hans Eduard von Berlepsch-Valendas
Henri-Julien Dumont
Demetrios Farmakopoulos
Carlos Francisco Chang Marín
Siona Shimshi
Koide Narashige
Joseph Dwight Strong
Dorning Rasbotham
Cui Zizhong
Ludolf Leendertsz de Jongh
James E. Brewton
Richard Pionk
Jóhannes Geir Jónsson
Werner Gutzeit
M. D. Parashar
Ludwig Mestler
Jacek Andrzej Rossakiewicz
Gerald van Honthorst
Sun Kehong
Juergen von Huendeberg
Joseph Morgan Henninger
Nikolai Alekseyevich Kasatkin
Jean Huber Voltaire
Arthur Webster Emerson
Ahn Gyeon
Yang Buzhi
Hendrik Martenszoon Sorgh
Choi Buk
Sun Junze
Sheila McClean
Kaigetsudō Anchi
Abdullah Gërguri
Katsukawa Shunkō I
Alfred Richard Gurrey, Sr.
Jan van Kessel, senior
Konstantin Westchilov
Fyodor Slavyansky
Frank Leonard Brooks
Serhii Vasylkivsky
Koiso Ryōhei
Kanō Shōsenin
Nakahara Nantenbō
Dee Whitcomb
John Ellsworth Weis
Asai Chū
Kawabata Ryūshi
Zhang Zongcang
Derold Page
Ambrose McCarthy Patterson
Albert J. Welti
Caterina Tarabotti
Franz Karl Basler-Kopp
Li Shixing
Kim Deuk-sin
George Earl Ortman
Lujo Bezeredi
Hirosada II
Pieter Anthonisz. van Groenewegen
William Twigg-Smith
José Comas Quesada
Cao Zhibai
Holger Roed
Baiōken Eishun
Augustin Meinrad Bächtiger
Henricus Hondius II
Attila Bernath
Karl Pümpin
Shingei Geiami
August Lemmer
Kim Hwan-gi
Ryūkōsai Jokei
Louise Noack Gray
Emil Lindenfeld
Shūbun Tenshō
Dirk Helmbreker
Pierre Laffillé
Andries Stock
Itō Seiu
Giovanni Bernardino Azzolini
Gang Se-hwang
Hendrik van Steenwijk II
Mykola Burachek
Uchida Aguri
Kelly Sueda
Kose Kanaoka
Jacob Willemszoon de Wet
Kume Keiichirō
Edward Ben Avram
Delmer J. Yoakum
Katō Eizō
Tom Scott RSA
Francisco de Burgos Mantilla
Yanagawa Nobusada
Heinrich Bichler
Otakar Sedloň
George Barret, Jr.
Zhou Shuxi
Alexander V. Kuprin
Nina Petrovna Valetova
Claes Corneliszoon Moeyaert
Dimitre Manassiev Mehandjiysky
Helen Thomas Dranga
Gentile Tondino
Kanō Sansetsu
Shen Shichong
Magnus Colcord Heurlin
Henry Otto Wix
Gu Zhengyi
Margaret Leiteritz
Maurice Reymond de Broutelles
Richard Sedlon
Roman Bezpalkiv
Hirasawa Sadamichi
David Imms
Sim Sa-jeong
Jakob Häne
Robert C. Barnfield
Nōami
Stanley Matthew Mitruk
Naka Bokunen
Mym Tuma
Domenico Quaglio the Younger
Friedrich Ritter von Friedländer-Malheim
Lucia Peka
Lars Jonson Haukaness
Homura Jin
Adam Dario Keel
Beverly K. Effinger
Witold Pruszkówski
Caesar Andrade Faini
Kanō Naizen
Karl Matzek
Quirizio di Giovanni da Murano
Nagahide Urakusai
Tadeusz Pruszkówski
Jacopo Baccarini
Bholekar Srihari
Adolf Ulric Wertmüller
Nam Gye-u
Zhang Shunzi
Arnold Franz Brasz
Valeriu Boborelu
Satake Yoshiatsu
William Pinkney Toler
Adélaïde Victoire Hall
Hendrik van Steenwijk I
Riad Beyrouti
Persis Goodale Thurston Taylor
Pierre Roland Renoir
Arlington Nelson Lindenmuth
Tsurumi Atsuko
Yasui Sōtarō
Josefina Tanganelli Plana
Karl Buesgen
Kim Du-ryang
Barbara Jones Prall
Willem Labeij
Henrietta Denie
Jan van Kessel, junior
Hugo Kārlis Grotuss
Yi Insang
Camille Bouvagne
Xia Shuwen
George Aleef
Tsuji Kakō
Shi Zhonggui
Leonard G. Kersley
Maurice Wiliquet
Kōno Michisei
Mirabello di Antonio Cavalori
Satō Junpei
Ashiyuki Gigadō
Eizan Harukawa
Katō Toichi
Teobaldo_Nina_Mamani
Itō Ogura Yonesuke
Shimamoto Shōzo
Shozabūrō
