#@painters
Constant
Raphael
Vinci,Leonardo da
Warhol,Andy
Picasso,Pablo
Gogh,Vincent van
Giotto
Kahlo,Frida
Duccio
Caravaggio
Carpaccio
Monet,Claude
Corneille
Martin,John
Greco,El
Bacon,Francis
Naza
Dali,Salvador
Chagall,Marc
Menez
Klimt,Gustav
Bapu
Matisse,Henri
Gauguin,Paul
Degas,Edgar
Titian
Blake,William
Picasso,Paloma
Rothko,Mark
Rivera,Diego
Klee,Paul
Hokusai
Kinkade,Thomas
Munch,Edvard
Canaletto
Pollock,Jackson
Ray,Man
Hopper,Edward
Rockwell,Norman
Koons,Jeff
Renoir,Pierre-Auguste
Potter,Beatrix
Ross,Alex
Wei,Wu
Tintoretto
Gibran,Khalil
Lichtenstein,Roy
Miro,Joan
Duchamp,Marcel
Hirst,Damien
Correggio
Kandinsky,Wassily
Durer,Albrecht
Cezanne,Paul
Ross,Bob
Schiele,Egon
Puru
Escher,M. C.
Hockney,David
Waterhouse,John William
Kusama,Yayoi
Botticelli,Sandro
Braque,Georges
Husain,M. F.
Buonarroti,Michelangelo
Basquiat,Jean-Michel
Giger,H. R.
Modigliani,Amedeo
Ernst,Max
Sargent,John Singer
McLaughlin,John
Giorgione
Richter,Gerhard
O'Keeffe,Georgia
Wei,Wang
Magritte,Rene
Byrne,John
Rubens,Peter Paul
Marc,Franz
Friedrich,Caspar David
Yi,Wang
Calder,Alexander
Pissarro,Camille
Frazetta,Frank
Botero,Fernando
Perugino
Courbet,Gustave
Barrett,Syd
Mondrian,Piet
Freud,Lucian
Rama,Edi
Balthus
Nauman,Bruce
Green,Art
Hiroshige
Francesca,Piero della
Rodrigues,Jose
Bosch,Hieronymus
David,Jacques-Louis
Vermeer,Johannes
Wyeth,Andrew
Mucha,Alfons
Rauschenberg,Robert
Toulouse-Lautrec,Henri de
Dix,Otto
Jian,Wang
Twombly,Cy
Afremov,Leonid
Delacroix,Eugene
Bonnard,Pierre
Rousseau,Henri
Smith,Matthew
Lempicka,Tamara de
Henry,Paul
Wilson,Richard
Eyck,Jan van
Johns,Jasper
Giacometti,Alberto
Homer,Winslow
Macke,August
Ei-Q
Kollwitz,Kathe
Dore,Gustave
Cassatt,Mary
Constable,John
Angelico,Fra
Hals,Frans
Seurat,Georges
Bouguereau,William-Adolphe
Musashi,Miyamoto
Noguchi,Isamu
Tissot,James
Klein,Yves
Chirico,Giorgio de
Audubon,John James
Rossetti,Dante Gabriel
Kooning,Willem de
Kiefer,Anselm
Li,Wu
Emin,Tracey
Michael,Peter
Johnson,Mitchell
Carr,Emily
E,Wang
Redon,Odilon
Cimabue
Yan,Zhang
Cole,Thomas
Gris,Juan
Reni,Guido
Max,Peter
Turner,J. M. W.
Velazquez,Diego
Hamilton,Richard
Ay-O
Schnabel,Julian
Struzan,Drew
Albers,Josef
Allan,David
Di,Li
Morisot,Berthe
Williams,Charles
Bierstadt,Albert
Poussin,Nicolas
Hui,Wang
Leger,Fernand
Larsson,Carl
English,Ron
Parker,Ray
Moreau,Gustave
Ingres,Jean Auguste Dominique
Luna,Juan
Veronese,Paolo
Amaral,Tarsila do
Bellini,Giovanni
Bocklin,Arnold
Dufy,Raoul
Fu,Mi
Cheng,Li
Harvey,Paul
Stella,Frank
Nolde,Emil
Hong,Chen
Moran,Thomas
Reynolds,Joshua
Neiman,LeRoy
Caillebotte,Gustave
Millais,John Everett
Bernini,Gian Lorenzo
Mantegna,Andrea
Picabia,Francis
Sisley,Alfred
Fontana,Lucio
Wood,Grant
Tamayo,Rufino
Kirchner,Ernst Ludwig
Dubuffet,Jean
Jun,Liu
Alma-Tadema,Lawrence
Judd,Donald
Weyden,Rogier van der
Pinturicchio
Katz,Alex
Phillips,Tom
Schwitters,Kurt
Morandi,Giorgio
Manet,Edouard
Lin,Chen
Miranda,Luis
Lorrain,Claude
Velde,Henry van de
Beckmann,Max
Steen,Jan
Signac,Paul
Grosz,George
Hogarth,William
Appel,Karel
Parrish,Maxfield
Michaux,Henri
Gainsborough,Thomas
Kokoschka,Oskar
Hundertwasser,Friedensreich
Collier,John
Simpson,David
Jin,Yang
Vasarely,Victor
Malevich,Kazimir
Reid,Robert
Boucher,Francois
Tapies,Antoni
Zorn,Anders
Nicholson,William
Parmigianino
Messina,Antonello da
Bell,Vanessa
Fu,Wang
Hill,Thomas
Liebermann,Max
Tiffany,Louis Comfort
Sharaku
Memling,Hans
Hassam,Childe
Becket-Griffith,Jasmine
Rego,Paula
Ensor,James
Lawrence,Thomas
Wei,Xu
Polke,Sigmar
Dossi,Dosso
Spitzweg,Carl
Yuan,Wang
Siqueiros,David Alfaro
Corot,Jean-Baptiste-Camille
Baselitz,Georg
Gentileschi,Artemisia
Jones,Allen
Martin,Agnes
Toyen
Dine,Jim
Kelly,Ellsworth
Watteau,Antoine
Boccioni,Umberto
Luke,John
Benton,Thomas Hart
Martini,Simone
Utrillo,Maurice
Tour,Georges de La
Dyck,Anthony van
Chase,William Merritt
Bateman,Robert
Wyeth,N. C.
Pisanello
Taylor,Daniel
Portinari,Candido
Whistler,James McNeill
Lewis,Bill
Han,Zhang
Eakins,Thomas
Motherwell,Robert
Park,David
Remington,Frederic
Domenichino
Sarto,Andrea del
Arp,Jean
Gonzalez,Julio
Denis,Maurice
Daumier,Honore
Leighton,Frederic
Henri,Robert
Fortuny,Mariano
Lin,Ma
Bell,George
Howard,Ken
Kane,Paul
Wan,Ma
West,Benjamin
Delaunay,Robert
Helnwein,Gottfried
Roberts,Tom
Bonheur,Rosa
Corinth,Lovis
Dongen,Kees van
Rijn,Rembrandt Harmenszoon van
Shi,Ma
Feininger,Lyonel
Romney,George
Delaney,Joseph
Rusinol,Santiago
Brooks,James
Carracci,Annibale
Frankenthaler,Helen
Boyd,David
Wiinblad,Bjorn
Arcimboldo,Giuseppe
Stuart,Gilbert
Hodler,Ferdinand
Shan,Li
Beskow,Elsa
Froud,Brian
Buffet,Bernard
Douglas,Aaron
Soulages,Pierre
Barry,James
Apelles
Carrington,Leonora
Lawrence,Jacob
Murray,Elizabeth
Beksinski,Zdzislaw
Thompson,Bob
Junior,Almeida
Negreiros,Almada
Thiebaud,Wayne
Francis,Sam
Thomson,Tom
Martinez,Raul
Kelly,Jane
Younger,Hans Holbein the
Grunewald,Matthias
Dionisius
Riley,Bridget
Scott,Alexander
Hong,Wu
Nicholson,Ben
Yi,Ren
Delvaux,Paul
Ivanov,Alexander
Shitao
Scully,Sean
Maillol,Aristide
Meng,Wang
Tiepolo,Giovanni Battista
Mann,Alexander
Lam,Wifredo
Balla,Giacomo
Varo,Remedios
Georges,Paul
Clark,Edward
Fattori,Giovanni
Chi,Chen
Matejko,Jan
Orozco,Jose Clemente
Lissitzky,El
Elder,Pieter Bruegel the
Bearden,Romare
Peale,Charles Willson
Laurencin,Marie
Ki,Zao Wou
Sheng,Ji
Casorati,Felice
Newman,Barnett
Uccello,Paolo
Kirchner,Raphael
Song,Li
Wesselmann,Tom
Qua,Lam
Aivazovsky,Ivan
Rouault,Georges
Mitchell,Fred
Rublev,Andrei
Church,Frederick Edwin
Jorn,Asger
Valadon,Suzanne
Tang,Li
Cucchi,Enzo
Arikha,Avigdor
Pascin
elder,Lucas Cranach the
Keane,John
Stubbs,George
Knight,Laura
Hofmann,Hans
Millet,Jean-Francois
Yan,Hua
Ghirlandaio,Domenico
Catlin,George
Varma,Raja Ravi
Vernet,Horace
Pamphilus
Derain,Andre
Xi,Xu
Davis,Ronald
Fantin-Latour,Henri
Kline,Franz
Kantor,Tadeusz
Nain,Antoine Le
Godward,John William
Davis,Stuart
Lu,Zhang
Diebenkorn,Richard
Clemente,Francesco
Lu,Wang
Masolino
Crivelli,Carlo
Carracci,Agostino
Grimshaw,John Atkinson
Fragonard,Jean-Honore
Brewster,David
Thomson,Charles
Rivera,Arturo
Lowry,L. S.
Figari,Pedro
Matta,Roberto
Robert,Hubert
Hayez,Francesco
Rivers,Larry
Copley,John Singleton
Bastida,Joaquin Sorolla y
Lewis,Wyndham
Schultz,Daniel
Doesburg,Theo van
Callot,Jacques
Daubigny,Charles-Francois
Dino,Abidin
Bauer,Wolfgang
Ji,Lu
Lippi,Filippino
John,Augustus
Trumbull,John
Rosenquist,James
Long,Sun
Fischer,Hans
Goldberg,Michael
Nevelson,Louise
Khan,Liaqat Ali
Brown,Joan
Connor,Kevin
Cosimo,Piero di
Gerome,Jean-Leon
Roerich,Nicholas
Fabriano,Gentile da
Klinger,Max
Nash,Paul
Elder,Hans Holbein the
Bronzino,Agnolo
Morse,Samuel F. B.
Kuniyoshi,Utagawa
Lavery,John
Rose,Guy
Burri,Alberto
Hui,Yan
Fuseli,Henry
Lu,Chen
Grant,Duncan
Ramsay,Allan
Williams,Neil
Hutton,John
An,Gu
Paul,Gen
Vlaminck,Maurice de
Tanguy,Yves
Kent,Rockwell
Burian,Zdenek
Cortona,Pietro da
Boudin,Eugene
Hunt,William Holman
Guardi,Francesco
Zhou,Shen
Dahl,Michael
Brown,Cecily
David,Gerard
Guston,Philip
Gorky,Arshile
Malfatti,Anita
Segall,Lasar
Alechinsky,Pierre
Yuan,Dong
Lucebert
Davis,Gene
Beecroft,Vanessa
Heade,Martin Johnson
Saville,Jenny
Bellotto,Bernardo
Winterhalter,Franz Xaver
Kan,Li
Baishi,Qi
Gallen-Kallela,Akseli
Fini,Leonor
Saura,Antonio
Scott,Samuel
Jordaens,Jacob
Baldung,Hans
Tuymans,Luc
Wojnarowicz,David
Altdorfer,Albrecht
Childish,Billy
Breytenbach,Breyten
Ryan,Anne
Meirelles,Victor
Minjun,Yue
Gentry,Nick
Barker,George
Pechstein,Max
Kirkeby,Per
Brown,Judith
Wyspianski,Stanislaw
Utamaro,Kitagawa
Bellows,George
Mason,Frank
Yong,Zhao
Zurbaran,Francisco de
Heckel,Erich
Gericault,Theodore
Inness,George
Wilkie,David
Moholy-Nagy,Laszlo
Muller,Jan
Barbieri,Giovanni Francesco
Still,Clyfford
Munoz,Gloria
Lippi,Fra Filippo
Fouquet,Jean
Vallotton,Felix
Campbell,Steven
Rodchenko,Alexander
Edelfelt,Albert
Anguissola,Sofonisba
Flandes,Juan de
Shishkin,Ivan
Nerdrum,Odd
Ring,L. A.
Wenner,Kurt
Hartung,Hans
Estes,Richard
Morrison,George
Nagel,Patrick
Severini,Gino
Solar,Xul
Hartley,Marsden
Lefebvre,Jules Joseph
Jia,Wen
Rigaud,Hyacinthe
Brown,Ford Madox
Wu,Wang
Itten,Johannes
Neel,Alice
Piene,Otto
Bemelmans,Ludwig
Riopelle,Jean-Paul
Marquet,Albert
Bin,Wu
Hooch,Pieter de
Anker,Albert
Zuniga,Francisco
Soutine,Chaim
Hodgkin,Howard
Volpi,Alfredo
Hasui,Kawase
Carra,Carlo
Murillo,Bartolome Esteban
Landseer,Edwin
Verrocchio,Andrea del
Constante,Theo
Masereel,Frans
Boyd,Arthur
Kamagurka
Schjerfbeck,Helene
Morris,Carl
Sickert,Walter
Lund,Henrik
Avery,Milton
Havlicek,Karel
Sutherland,Graham
Auerbach,Frank
Harris,Tracy
Sironi,Mario
Schmidt-Rottluff,Karl
Nittis,Giuseppe De
Guayasamin,Oswaldo
Capek,Josef
Goya,Francisco Jose de
Bailey,Edward
Gu,Qian
Zhi,Lu
Goyen,Jan van
Hicks,Edward
Stael,Nicolas de
Munter,Gabriele
Whiteley,Brett
Beihong,Xu
Leyden,Lucas van
Henner,Jean-Jacques
Rong,Chen
Slevogt,Max
Erni,Hans
Kunisada,Utagawa
Holzel,Adolf
Demuth,Charles
Marden,Brice
Zhen,Wu
Murdoch,John
Malczewski,Jacek
Dillman,Meredith
Zuloaga,Ignacio
Ostade,Adriaen van
Xiaogang,Zhang
Nolan,Sidney
Lely,Peter
Josetsu
Altichiero
Dyck,Sir Anthony van
Vouet,Simon
Goes,Hugo van der
Qi,Mu
Aachen,Hans von
Wright,Cindy
Schmid,Richard
Wunderlich,Paul
Claesz,Pieter
Schmidt,George
Woodward,William
Redoute,Pierre-Joseph
Linnell,John
Xi,Guo
Campin,Robert
Menzel,Adolph
Peale,Rembrandt
Ji,Huang
Abdullah,Basuki
Orpen,William
Di,Tang
Louis,Morris
Morales,Rodolfo
Marin,John
Garcia,Joaquin Torres
Maris,Jacob
Prendergast,Maurice
Breton,Jules
Christensen,Dan
Longhi,Pietro
Christus,Petrus
Nattier,Jean-Marc
Born,Adolf
Buson,Yosa
Vostell,Wolf
Batoni,Pompeo
Yuan,Zhao
Button,John
Martin,Benito Quinquela
Gleizes,Albert
Koson,Ohara
Luce,Maximilien
Ruscha,Edward
Guillaumin,Armand
Savage,Anne
Mander,Karel van
Baj,Enrico
Abbott,Mary
Eyre,John
Cross,Henri-Edmond
Daqian,Zhang
Ricci,Sebastiano
Armleder,John
Rao,Gopala
He,Xie
Cot,Pierre Auguste
Brandes,Peter
Collins,Jacob
Raeburn,Henry
Biskup,Tim
Koehler,Robert
Tanning,Dorothea
Couture,Thomas
Yokoo,Tadanori
Guang,Lu
Leslie,Alfred
Mengfu,Zhao
Forli,Melozzo da
Flagg,James Montgomery
Bassano,Jacopo
Bellini,Gentile
Spare,Austin Osman
Bartolomeo,Fra
Jawlensky,Alexej von
Witkiewicz,Stanislaw Ignacy
Rey,Pablo
Russell,Charles Marion
Xin,Ye
Runge,Phillip Otto
Noland,Kenneth
Gottlieb,Adolph
Xie,Zheng
Snow,Peter
Tobey,Mark
Wyeth,Jamie
Robinson,Theodore
Derby,Joseph Wright of
Leutze,Emanuel
Fabritius,Carel
Yin,Zhang
Yao,Yuan
Agam,Yaacov
Artschwager,Richard
Lamb,Henry
Goncharova,Natalia
Bazille,Frederic
Cuyp,Aelbert
Xuan,Zhang
Gilbert,Stephen
Chavannes,Pierre Puvis de
Elder,Jan Brueghel the
Levitan,Isaac
Woods,Henry
Xiang,Gao
Bukovac,Vlaho
Yuan,Ma
John,Gwen
Hill,Derek
Toko,Shinoda
Forbes,Elizabeth
Pozzo,Andrea
Bodmer,Karl
Kai,Gong
Frahm,Art
Hollar,Wenceslas
Liang,Lin
Immendorff,Jorg
Heyden,Jan van der
Albani,Francesco
Etty,William
Nong,Jin
Watts,George Frederic
Allori,Alessandro
Baines,Thomas
Bilibin,Ivan
Makart,Hans
Borch,Gerard ter
Barocci,Federico
Hoffmann,Ernst Theodor Amadeus
Vuillard,Edouard
Greene,Stephen
Sengai
Gentileschi,Orazio
Klint,Hilma af
Dou,Gerrit
Borch,Gerard ter
Mason,Emily
Serebriakova,Zinaida
Yoshitoshi,Tsukioka
Takashi,Murakami
Golub,Leon
Meissonier,Ernest
Rohlfs,Christian
Xuan,Ai
Vasnetsov,Viktor
Hofer,Karl
Bingham,George Caleb
Metzinger,Jean
Zrzavy,Jan
Tuke,Henry Scott
Kustodiev,Boris
Christian,Anthony
Ancher,Anna
Bloemaert,Abraham
Debret,Jean Baptiste
Jiang,Yuan
Hilliard,Nicholas
Twachtman,John Henry
Savrasov,Alexei Kondratyevich
brothers,Limbourg
Ying,Lan
Bol,Ferdinand
Garber,Daniel
Harris,Lawren
Huysum,Jan van
Da,Zhu
Leibl,Wilhelm
Jacobsen,Robert
Seon,Jeong
Ren,Hong
Fang,Zhou
Kahn,Wolf
Lorenzetti,Pietro
Zadkine,Ossip
Afonso,Nadir
Oller,Francisco
Hammer,Doc
Strozzi,Bernardo
Luchian,Stefan
Caulfield,Patrick
Makovsky,Konstantin
Cheret,Jules
Sasnal,Wilhelm
Yin,Tang
Gallagher,Ellen
Forsyth,William
Harunobu,Suzuki
Little,Stephen
Du,Qian
Vrubel,Mikhail
Castro,Humberto
Parreiras,Antonio
Kauffman,Angelica
Soni,Rajesh
Mallo,Maruja
Amorsolo,Fernando
Graff,Anton
Bartlett,Jennifer
Acar,Ismail
Celmins,Vija
Kitaj,R. B.
Yuliang,Pan
Metsu,Gabriel
Granell,Eugenio
Sutton,Carol
Hiroshi,Yoshida
Xi,Shang
Adams,Pat
Beraud,Jean
Hem,Jan Davidsz de
Heem,Jan Davidsz. de
Maclise,Daniel
Pedersen,Carl-Henning
Mauve,Anton
Achenbach,Andreas
Lega,Silvestro
Spero,Nancy
Haisu,Liu
Laurens,Jean-Paul
Benjamin,Jason
Kupka,Frantisek
Toyokuni,Utagawa
Dadd,Richard
Stella,Joseph
Gan,Han
Wegener,Gerda
Krogh,Christian
Saryan,Martiros
Merrick,Dave
Signorini,Telemaco
Frieseke,Frederick Carl
Kuindzhi,Arkhip
Tong,Wen
Bleckner,Ross
Kramskoi,Ivan
Lievens,Jan
Bonington,Richard Parkes
Harris,Lawrence
Lhote,Andre
Grieshaber,HAP
Lancret,Nicolas
Jensen,Alfred
Hofmann,Heinrich
Guanzhong,Wu
Clouet,Francois
O'Gorman,Juan
Potthast,Edward Henry
Younger,David Teniers the
Nespolo,Ugo
Tatlin,Vladimir
Korovin,Konstantin
Potter,Paulus
Ford,Clinton
Liljefors,Bruno
Bakst,Leon
Oliveira,Nathan
Qi,Fan
Fautrier,Jean
Thomas,Alma
Poliakoff,Serge
Raphael,Joseph
Bartolozzi,Francesco
Elsheimer,Adam
Chen,Zhou
Ying,Qiu
Jin,Du
Falcone,Aniello
Lenbach,Franz von
Alt,Rudolf von
Taeuber-Arp,Sophie
Sidaner,Henri Le
Silva,Maria Helena Vieira da
Porter,Fairfield
Manetas,Miltos
Detaille,Edouard
Beaux,Cecilia
Nesterov,Mikhail
Gaddi,Taddeo
Ting,Walasse
Richards,William Trost
Earl,Ralph
Ury,Lesser
Bourne,John
Eyck,Hubert van
Thaulow,Frits
Bashkirtseff,Marie
Moore,Albert Joseph
Honnecourt,Villard de
Velde,Adriaen van de
Avercamp,Hendrick
Herbin,Auguste
Ancher,Michael
McLean,Bruce
Dobson,William
Neer,Aert van der
Roslin,Alexander
Kelly,Gerald
Simmons,Edward
Chun,Guo
Quan,Shen
Onderdonk,Julian
Polenov,Vasily
Levine,Jack
Streeton,Arthur
Jing,Zeng
Thayer,Abbott Handerson
Perkins,Christopher
Bevan,Robert
Wallis,Alfred
Brooks,Romaine
Munnings,Sir Alfred
Bernard,Emile
Rousseau,Theodore
Xu,Song
Amerling,Friedrich von
Lacombe,Georges
Russell,Morgan
Blackman,Charles
Billich,Charles
Jin,Dai
Ast,Balthasar van der
Lian,Ju
Hebuterne,Jeanne
Gang,Xi
Abbey,Edwin Austin
Amiet,Cuno
Dimitrova,Silvia
Bloch,Carl Heinrich
Benois,Alexandre
Visconti,Eliseu
Breitner,George Hendrik
Astrup,Nikolai
Maes,Nicolaes
Charles,Sam
Zampieri,Domenico
Lanfranco,Giovanni
Simberg,Hugo
Blume,Peter
Bock,Thomas
Cavallino,Bernardo
Sumanovic,Sava
Burnand,Eugene
Vonnoh,Robert William
Alfred,Brian
Fine,Perle
Bellini,Jacopo
Kalf,Willem
Witz,Konrad
Bouts,Dieric
Aertsen,Pieter
Dominguez,Oscar
Somov,Konstantin
Cozza,Francesco
Qing,Mei
Baumann,Fritz
Allston,Washington
Opie,John
Zoffany,Johann
Namatjira,Albert
Cropsey,Jasper Francis
Zai,Li
Hobbema,Meindert
Burgkmair,Hans
Ruszczyc,Ferdynand
Orlik,Emil
Durand,Asher Brown
Gifford,Sanford Robinson
Lebrun,Charles
Pelaez,Amelia
Giacometti,Giovanni
Valtat,Louis
younger,Lucas Cranach the
Lismer,Arthur
Bricher,Alfred Thompson
Ruysdael,Salomon van
Dickerson,Robert
Brack,John
Murillo,Gerald "Dr. Atl"
Cossa,Francesco del
Simonet,Enrique
Ross,Clifford
Borduas,Paul-Emile
Roth,Jack
Netscher,Caspar
Ciseri,Antonio
Foujita,Tsuguharu
Yifei,Chen
Ubac,Raoul
Flint,Sir William Russell
Dobell,William
Doubrava,Jaroslav
Kossak,Juliusz
Grasset,Eugene
Yuskavage,Lisa
Chardin,Jean-Baptiste-Simeon
Haarlem,Cornelis van
Nain,Louis Le
Snyder,Joan
Mangrum,Joe
Surikov,Vasily
Mason,Alice
Patinir,Joachim
Merson,Luc-Olivier
Soyer,Raphael
Graves,Nancy
Brooks,Allan
Wo,Zhang
Hammershoi,Wilhelm
Ciurlionis,Mikalojus Konstantinas
Mabe,Manabu
Zamoyski,Jan
Siemiradzki,Henryk
Tian,Ni
Morley,Malcolm
Xian,Gong
Traylor,Bill
Kossak,Wojciech
Moser,Mary
Antes,Horst
Topffer,Rodolphe
Jahn,Jan
Alston,Charles
Benson,Frank Weston
Ruysch,Rachel
Kallat,Jitish
Pannini,Giovanni Paolo
Carracci,Ludovico
Martini,Carlo
Auberjonois,Rene
Conner,Charles
Yeul,Kim Tschang
Goltzius,Hendrik
Ales,Mikolas
Rae,Fiona
Chasseriau,Theodore
Nery,Ismael
Paschke,Ed
Helst,Bartholomeus van der
Eisen,Keisai
Reese,Bob
Aelst,Willem van
Rui,Shi
Baoshi,Fu
Koryusai
Stuck,Franz
Zan,Ni
Heerup,Henry
Xi,Dai
Mayhew,Richard
Roux,Charles Le
Martin,Fletcher
Curry,John Steuart
Campen,Jacob van
Hausner,Rudolf
Gulbransson,Olaf
Tito,Ettore
Manley,Jim
Conder,Charles
Dunn,Anne
Klarwein,Mati
Prout,Samuel
Lastman,Pieter
Leader,Benjamin Williams
Chodowiecki,Daniel
Permeke,Constant
Yoshitomo,Nara
East,Alfred
Steele,T. C.
Bomberg,David
Wolfli,Adolf
Frank,Jane
Gude,Hans
Cavalcanti,Emiliano Di
Perov,Vasily
Juel,Jens
Benka,Martin
Grau,Enrique
Wallis,Henry
Duo,Wang
Mori,Camilo
Younger,Pieter Brueghel the
Music,Zoran
Ikemura,Leiko
Olitski,Jules
Zandomeneghi,Federico
Weiss,Jerry
Paxton,William McGregor
Tarbell,Edmund Charles
Eckersberg,Christoffer Wilhelm
Kuniyoshi,Yasuo
Kisling,Moise
Barnes,Ernie
Wyczolkowski,Leon
Qichang,Dong
Egger-Lienz,Albin
Kingman,Eduardo
Werefkin,Marianne von
McCubbin,Frederick
Cooper,Colin Campbell
Dauthendey,Max
Can,Kun
Lemmen,Georges
Anquetin,Louis
Brun,Elisabeth-Louise Vigee-Le
Wu,Zhaoming
Roed,Jorgen
Kunichika,Toyohara
Kiyonaga,Torii
Manessier,Alfred
Cornell,Thomas
Goodall,Frederick
Carlsen,Emil
Pissarro,Lucien
Zuccari,Federico
Younger,Jan Brueghel the
Ribot,Theodule
Wroblewski,Andrzej
Drysdale,Russell
Willink,Carel
Jakac,Bozidar
Stewart,Julius LeBlanc
Vries,Abraham de
Cox,Jan
Wiertz,Antoine
Gierymski,Maksymilian
Fish,Janet
Doughty,Thomas
Schwabe,Carlos
Svabinsky,Max
Vereshchagin,Vasily
Farshchian,Mahmoud
Testa,Pietro
Sutton,Linda
Kai,Liang
Repin,Ilya Yefimovich
Nagel,Aaron
Karpisek
Stimmer,Tobias
Zhengming,Wen
Obregon,Alejandro
Sage,Kay
Filonov,Pavel
Werner,Joseph
Liotard,Jean-Etienne
Lieferinxe,Josse
Lairesse,Gerard de
Koller,Rudolf
Vaucher,Gee
Daddi,Bernardo
Mesdag,Hendrik Willem
Kroyer,Peder Severin
Boznanska,Olga
Piazzetta,Giovanni Battista
Legros,Alphonse
Federle,Helmut
Hodgkins,Frances
Wouwerman,Philips
Achenbach,Oswald
Boilly,Louis-Leopold
Vien,Joseph-Marie
Anderson,Sophie Gengembre
Severn,Joseph
Richards,Jesse
Colman,Samuel
Hey,Jean
Eddy,Don
Changshuo,Wu
Delaney,Beauford
Guillaume,Albert
Falk,Robert
Lanyon,Peter
Dujardin,Karel
Janssen,Ruud
Uribe,Federico
Wadsworth,Edward
Utrecht,Jacob van
Metcalf,Willard
Mortensen,Richard
Carbo,Ramon Casas i
Blanchard,Jacques
Millares,Manolo
Brocquy,Louis le
Saar,Betye
Kley,Heinrich
Markus,Csaba
Sheets,Millard
Israels,Jozef
Sondergaard,Jens
Jans,Geertgen tot Sint
Gerstl,Richard
Michalowski,Piotr
Perry,Lilla Cabot
Amoedo,Rodolfo
Hamilton,Elaine
Flinck,Govert
Jarnefelt,Eero
Zeshin,Shibata
Salahov,Tahir
Dawson,Janet
Fuchs,Emil
Borovikovsky,Vladimir
Keller,Albert
Muggur
Badger,Joseph
Manuel,Niklaus
Long,Leonard
Uglow,Euan
Gierymski,Aleksander
Makowski,Tadeusz
Parada,Roberto
Janmot,Louis
Keyser,Raoul De
Hua,Pu
Yong,Xia
Grottger,Artur
Popova,Liubov
Zuccarelli,Francesco
Maistre,Roy De
Lane,Fitz Hugh
Forbes,Stanhope
Larionov,Mikhail
Loo,Louis-Michel van
Momper,Joos de
Jackson,A. B.
Tekle,Afewerk
Bove,Carol
Kuan,Fan
Yumeji,Takehisa
Charlet,Nicolas
Knaus,Ludwig
King,Charles Bird
Uhde,Fritz von
Harnett,William
Agasse,Jacques-Laurent
Henry,Edward Lamson
Joffe,Chantal
Mao,Sheng
Tubke,Werner
Witkiewicz,Stanislaw
Shen,Huang
Song,Emperor Huizong of
Gottlieb,Maurycy
Danby,Ken
Gaddi,Agnolo
Stott,William
Amigoni,Jacopo
Beauchamp,Robert
Furini,Francesco
Sughi,Alberto
Hong-do,Kim
Marcoussis,Louis
Werff,Adriaen van der
Anuszkiewicz,Richard
Wolf,Caspar
Gelder,Aert de
Lohse,Paul
Lenkiewicz,Robert
Kersting,Georg Friedrich
Velde,Esaias van de
Molenaer,Jan Miense
Vliet,Willem van der
Angus,Rita
Bryullov,Karl
Tretchikoff,Vladimir
Mullen,Sheila
Bunny,Rupert
Brandl,Petr
Keran,Li
Witte,Emanuel de
Keyser,Thomas de
Gonzales,Eva
Ipcar,Dahlov
Raskaj,Slava
Mieris,Willem van
Messagier,Jean
Ikuo,Hirayama
Mehoffer,Jozef
Hansen,Constantin
Pratt,Harvey
Lepine,Stanislas
Navratil,Josef
Rabuzin,Ivan
Orley,Bernard van
Muche,Georg
Walde,Alfons
Mignon,Abraham
Allori,Cristofano
Klapheck,Konrad
Bray,Jan de
Petitot,Jean
Nasmyth,Alexander
Maris,Willem
Jones,Lois Mailou
Gaulli,Giovanni Battista
Steer,Philip Wilson
Man,Cornelis de
Jiru,Chen
Huber,Wolf
Petersen,Robert Storm
Lopez,Candido
Guru,Ella
Angrand,Charles
Albertinelli,Mariotto
Pilon,Veno
Vaga,Perin del
Brandt,Jozef
Falk,Hans
Donghi,Antonio
Pasternak,Leonid
Martin,Eugene J.
Wollaston,John
Kobke,Christen
Weiss,Wojciech
Saunders,Raymond
Brissaud,Pierre
Fischer,Paul Gustave
Kiyochika,Kobayashi
Gutierrez,Judith
Covert,John
Everdingen,Caesar van
Ziem,Felix
Larraz,Julio
Troy,Jean-Francois de
Vivarini,Bartolomeo
Earle,Augustus
Xuan,Qian
Epstein,Sir Jacob
Hackaert,Jan
Peale,James
Gilman,Harold
Molloy,Sylvia
Vlieger,Simon de
Chang,Xia
Overbeck,Johann Friedrich
Biddle,George
Murtic,Edo
Schikaneder,Jakub
Albright,Ivan
Milroy,Lisa
Kasimir,Luigi
Schlichter,Rudolf
Baburen,Dirck van
Okyo,Maruyama
Terbrugghen,Hendrick
Velarde,Jorge
Zorach,William
Trubner,Wilhelm
Medley,Robert
Pietro,Cagnaccio di San
Steinlen,Theophile
Baer,Jo
Tonks,Henry
Schalcken,Godfried
Marmion,Simon
Manes,Josef
Gear,William
Hebert,Ernest
Martin,Knox
Boehm,Edward Marshall
Hoare,William
Hackert,Jacob Philipp
Harpignies,Henri
Corbett,Edward
Peale,Raphaelle
Fedotov,Pavel
Diao,David
Phillips,Ammi
Baldovinetti,Alesso
Bard,James
Trouille,Clovis
McTaggart,William
Girardon,Francois
Smith,Grace Cossington
Zeduan,Zhang
Coolidge,Cassius Marcellus
Pace,Stephen
Host,Oluf
Visscher,Claes Jansz.
Dietrich,Adolf
Labille-Guiard,Adelaide
Gongwang,Huang
Longhi,Barbara
Watt,Alison
Bischoff,Elmer
Hongshou,Chen
Bacon,Peggy
Moreelse,Paulus
Knudsen,Jesper
Helion,Jean
Grabar,Igor
Plumb,John
Amor,Rick
Leal,Juan de Valdes
Scott,Richard T.
Kroll,Leon
Butler,Theodore Earl
Bailly,David
Mian,Wang
Gore,Spencer
Walser,Karl
Bechtle,Robert
Muller,Maler
Marca-Relli,Conrad
Veit,Philipp
Yeats,Jack Butler
Ding,Huang
Melville,Arthur
Burchfield,Charles E.
Bison,Giuseppe Bernardino
Scholz,Georg
Gui,Xia
Binhong,Huang
Theuninck,Jan
Cabianca,Vincenzo
Delaunay-Terk,Sonia
Marstrand,Wilhelm
Evergood,Philip
Marks,Terry
Seligmann,Kurt
Jouvenet,Jean
Froment,Nicolas
Fachang,Muqi
Placht,Otto
Caso,Michel De
Pellon,Gina
Laer,Pieter van
Liss,Johann
Meyer,Johann Heinrich
Debat-Ponsan,Edouard
Fries,Hans
Zuoren,Wu
Drost,Willem
Yuon,Konstantin
Freddie,Wilhelm
Saimdang,Shin
Cornoyer,Paul
Bauchant,Andre
Spencer,Sir Stanley
Mieris,Jan van
Stanislawski,Jan
Balen,Hendrick van
Blakelock,Ralph Albert
Novin,Guity
Egas,Camilo
Tianshou,Pan
Hallam,Kerry
Gotz,Karl Otto
Francis,John F.
Hals,Dirck
Powhida,William
Stokes,Stan
Ge,Nikolai
Hone,Nathaniel
Adler,Jankel
Mieghem,Eugeen Van
Tuxen,Laurits
Gauermann,Friedrich
Coorte,Adriaen
Besnard,Paul-Albert
Kleitsch,Joseph
Slavicek,Antonin
Storck,Abraham
Eckmann,Otto
Chatham,Russell
Gandara,Antonio de la
Eeckhout,Gerbrand van den
Shifa,Cheng
Prin,Alice
Venne,Adriaen van de
Loo,Jean-Baptiste van
Kaii,Higashiyama
Poel,Egbert van der
Willette,Adolphe
Yun-bok,Shin
d'Hondecoeter,Melchior
Ferguson,Amos
Moronobu,Hishikawa
Ferguson,Amos
Calraet,Abraham van
Molinari,Luis
Boch,Anna
Pilny,Otto
Weir,J. Alden
Cipriani,Giovanni Battista
Hammersley,Frederick
Zingg,Adrian
Colombe,Jean
Flohr,Michael
Isabey,Eugene
Orcagna,Andrea
Falguiere,Alexandre
Gerson,Wojciech
Pisani,Joseph
Sala,Emilio Grau
Congdon,William
Makovsky,Vladimir
Jonsson,Asgrimur
Masanobu,Okumura
Younger,Willem van de Velde the
Falat,Julian
Vroom,Hendrick Cornelisz
Heem,Cornelis de
Osborne,Walter
Bijlert,Jan van
Taikan,Yokoyama
Velden,Petrus Van der
Cappelle,Jan van de
Guigou,Paul
Freilicher,Jane
Glazunov,Ilya
Abbati,Giuseppe
Orchardson,William Quiller
Macdonald-Wright,Stanton
Botello,Angel
Svanberg,Max Walter
Baynes,James
Swanevelt,Herman van
Taro,Yamamoto
Kaizhi,Gu
Braun,Maurice
Hashemi,Maryam
Matsys,Quentin
Pater,Jean-Baptiste
Dusart,Cornelis
Podkowinski,Wladyslaw
Stein,Georges
Gambara,Lattanzio
Saenredam,Pieter Jansz
Mu,Luo
Luks,George Benjamin
Pitxot,Antoni
Poorter,Willem de
Chikanobu,Toyohara
Hersent,Louis
Trampedach,Kurt
Albertolli,Giocondo
Yoshitora,Utagawa
Greek,Theophanes the
Ciuha,Joze
Bille,Ejler
Bartlett,Charles W.
Churcher,Betty
Breenbergh,Bartholomeus
DeCamp,Joseph
Mabuse,Jan
Furlong,Thomas
Chao,Ju
Ettinger,Bracha L.
Elder,Ambrosius Bosschaert the
Sarkissian,Arthur
Crotti,Jean
Jakuchu,Ito
Tingjian,Huang
Dickinson,Edwin
Delen,Dirck van
Welliver,Neil
Charles,Michael Ray
Vorsterman,Lucas
Hjerten,Sigrid
Honda,Hiroshi
Seghers,Hercules
Ghirlandaio,Ridolfo
Bacciarelli,Marcello
Zahrtmann,Kristian
Pickett,Joseph
Savery,Roelant
Nash,Jorgen
Kiyomitsu,Torii
Bray,Salomon de
Soyer,Moses
Venetsianov,Alexey
Fragonard,Alexandre-Evariste
Stom,Matthias
Asselijn,Jan
Camarasa,Hermenegildo Anglada
Seiho,Takeuchi
Grebber,Pieter de
Bido,Candido
Dobuzhinsky,Mstislav
Hinman,Charles
Sleigh,Sylvia
Varnelis,Kazys
Grohar,Ivan
Klinger,Julius
Shouping,Yun
Ballagh,Robert
Codde,Pieter
Galizia,Fede
Ruisdael,Jacob Isaakszoon van
Bunker,Dennis Miller
Aman-Jean,Edmond
Mierevelt,Michiel Jansz. van
Garnett,Joy
Quarton,Enguerrand
Seghers,Daniel
Krohg,Per
Zhen,Min
O'Meara,Frank
Kossak,Jerzy
Millet,Francis Davis
Belle,Alexis Simon
Colescott,Robert
Sterne,Hedda
Raibolini,Francesco
Lingelbach,Johannes
Brands,Eugene
Chaplin,Charles Joshua
Nain,Mathieu Le
Schrimpf,Georg
Masaccio,Tommaso
Cassab,Judy
Berman,Helen
Middleton,Colin
Viteri,Oswaldo
Gheyn II,Jacob de
Kufayev,Igor
Machine,Joe
Sadao,Watanabe
Gierowski,Stefan
Lehmden,Anton
Desjardins,Martin
Palsa,Kalervo
Miel,Jan
Dzubas,Friedel
Dominik,Tadeusz
Downes,Rackstraw
Tapie,Michel
Brozik,Vaclav
Puhar,Janez
Novak,Vladimir
Weil,Susan
Hamnett,Nina
Fu,Miao
Saftleven,Herman
Tohaku,Hasegawa
Schooten,Floris van
Labisse,Felix
Shishen,Wang
Garcia,Juan Bautista
Croata,Ivan Lackovic
Ault,George
Kyosai,Kawanabe
Doeve,Eppo
Induno,Domenico
Nasmyth,Patrick
Lebedev,Mikhail
Bailly,Alice
Broederlam,Melchior
Victors,Jan
Saftleven,Cornelis
Dunlop,Brian
Thorsen,Jens Jorgen
Loo,Charles-Andre van
Hiroshige II,Utagawa
Johnson,Sargent
Kip,Johannes
Ushakov,Simon
Sviatchenko,Sergei
Vrancx,Sebastian
Maris,Matthijs
Nielsen,Ejnar
Barak,William
Tanner,Henry O.
Svankmajerova,Eva
Gray,Cleve
Clausell,Joaquin
Feeley,Paul
Urgell,Modest
Pankiewicz,Jozef
Mattila,Jaakko
Bombois,Camille
Kunisada II,Utagawa
Dodd,Lois
Zox,Larry
Chmielowski,Adam
Dewing,Thomas
Smith,Leon Polk
Wijnants,Jan
Buchser,Frank
Skovgaard,P.C.
Brennan,Mark A.
Muziano,Girolamo
Drummond,Malcolm
Munch-Petersen,Gustaf
Seghers,Gerard
Redfield,Edward Willis
Vermeyen,Jan Cornelisz
Menn,Barthelemy
Everdingen,Allaert van
Buvelot,Louis
Martini,Johannes
Bourgeois,Francis
Carolus-Duran,Emile Auguste
Dalsgaard,Christen
Crozier,Robert
Churcher,Peter
Walden,Lionel
Bannister,Edward Mitchell
Bohrod,Aaron
Shimin,Wang
Ostade,Isaac van
Seiki,Kuroda
Altoon,John
Weenix,Jan Baptist
Maddox,Conroy
Bertelsen,Albert
Coldstream,William
Gubler,Max
Bieler,Ernest
Shigeru,Aoki
Fries,Pia
Karam,Nadim
Bendz,Wilhelm
Elder,David Teniers the
Kobilca,Ivana
Bassen,Bartholomeus van
Zuo,Zhao
Jacquette,Yvonne
Landau,Myra
Fedier,Franz
Hodgkin,Eliot
Ginner,Charles
Weight,Carel
Pichot,Ramon
Sekka,Kamisaka
Rorbye,Martinus
Sokol,Koloman
Qi,Gai
Dyck,Floris van
Generalic,Ivan
Briggs,Ernest
Hanneman,Adriaen
Slewinski,Wladyslaw
Hoare,Prince
Kenzan,Ogata
Falkenstein,Claire
Brook,Alexander
Brzozowski,Tadeusz
Duan,Ni
Gent,Justus van
Montgomery,Eugene
Serveau,Clement
Price,Mary Elizabeth
Pindell,Howardena
Sukenobu,Nishikawa
Maggs,John
Ochtervelt,Jacob
Kanoldt,Alexander
Oliva,Viktor
Dagnan-Bouveret,Pascal
Stazewski,Henryk
Symons,George Gardner
Galvez,Byron
Tavernier,Jules
Jongkind,Johan
Chalon,Alfred Edward
Sotatsu,Tawaraya
Monnier,Paul
Abrams,Ruth
McArdle,Peter
Stark,Otto
Shunsho,Katsukawa
Levitzky,Dmitry
Shigenobu,Yanagawa
Bakhuizen,Ludolf
Atlan,Jean-Michel
Barthe,Richmond
Ching,Patrick
Merse,Pal Szinyei
Butt,Ambreen
Abbema,Louise
Swane,Sigurd
Bruce,Patrick Henry
Onobrakpeya,Bruce
Hondius,Abraham
Dargie,William
Villafuerte,Juan
Pushman,Hovsep
Clements,Grace
Mei,Bernardino
Iseli,Rolf
Ring,Pieter de
Colson,Jaime
Kasiulis,Vytautas
Sekien,Toriyama
Hansen,Armin
Both,Andries
Jakopic,Rihard
Azbe,Anton
Thomkins,Andre
Welti,Albert
Wittwer,Uwe
Tomlin,Bradley Walker
Buri,Max
Wyeth,Henriette
Hiro,Yamagata
Vasilyev,Fyodor
Beckett,Clarice
Abad,Pacita
Cuyp,Jacob Gerritsz.
Gillespie,Gregory
Fisher,Alvan
Bubenicek,Ota
Tutor,Glennray
Han,Raymond
Caullery,Louis de
Suchodolski,January
Biva,Henri
Bartels,Hans von
Zak,Eugeniusz
Coter,Colijn de
Franquelo,Manuel
Alfelt,Else
Goodnough,Robert
Jeong-hui,Kim
Marrel,Jacob
Bonheur,Isidore
Barraud,Francois
Vassilieff,Marie
Sawka,Jan
Tuckson,Tony
Zund,Robert
Garstin,Norman
Gutersloh,Albert Paris
Ji,Yun-Fei
Zhenpeng,Wang
Abt,Otto
Taiga,Ike no
Pittoni,Giambattista
Carter,Clarence Holbrook
Holbein,Ambrosius
Peale,Titian
Beal,Reynolds
Peguero,Olivia
Bloom,Hyman
Lazzarini,Gregorio
Enwonwu,Ben
Philipsen,Theodor
Peguero,Olivia
Guran,Nazmi Ziya
Toyoharu,Utagawa
Landfield,Ronnie
Schrieck,Otto Marseus van
Saint-Ours,Jean-Pierre
Kazan,Watanabe
Pinchon,Robert Antoine
Xiong,Ren
Crooke,Ray
Counihan,Noel
Dardel,Nils von
Lohse-Wachtler,Elfriede
Neer,Eglon van der
Blackshaw,Basil
Zograf,Zahari
Woollaston,Toss
Mitsuoki,Tosa
Elder,Frans van Mieris the
Roslin,Toros
Kiyomasu,Torii
Berthelsen,Johann
Andreou,Constantine
Orlowski,Aleksander
Kyhn,Vilhelm
Chwistek,Leon
Innes,James Dickson
Tabara,Enrique
Catasse,Carlos
Monet,Blanche Hoschede
Liben,Yan
Isson,Tanaka
Bell,Leland
Duck,Jacob
Backer,Jacob Adriaensz
Giersing,Harald
Crow,Gonzalo Endara
Dubois-Pillet,Albert
Serov,Valentin Aleksandrovich
Hopkinson,Charles
Yuanqi,Wang
Mavrides,Paul
Oosterwijk,Maria van
Quidor,John
Lassaw,Ibram
Bille,Edmond
Yuichi,Takahashi
Koninck,Salomon
Jue,Liu
Glarner,Fritz
Kainen,Jacob
Kavan,Frantisek
Irvine,Wilson
Baum,Walter Emerson
Ajdukiewicz,Tadeusz
Fuhrich,Joseph von
Abel,Josef
Elder,Willem van de Velde the
Tessai,Tomioka
Shukla,Ram Chandra
Volker,Karl
Willaerts,Adam
Roerich,Svetoslav
Peale,Rubens
Feke,Robert
Bai,Cui
Musscher,Michiel van
Marold,Ludek
Agger,Knud
Sima,Josef
Sr.,John Frederick Herring,
Pelez,Fernand
Durack,Elizabeth
Fabritius,Barent
Beauneveu,Andre
Shoen,Uemura
Seminario,Manuel Rendon
Alexander,Larry D.
Shuncho,Katsukawa
Rodakowski,Henryk
Abercrombie,Gertrude
Korin,Ogata
Peirce,Waldo
Abrams,Herbert
Heward,Prudence
Breslau,Louise Catherine
Gonglin,Li
Baen,Jan de
Cress,Fred
Blythe,David Gilmour
Rude,Olaf
Zaleski,Marcin
Spathi,Litsa
Peto,John F.
Stefanelli,Joe
Konupek,Jan
McKelvey,Frank
Bocion,Francois
Daphnis,Nassos
Conor,William
Chabas,Paul Emile
Kubin,Otakar
Evstafiev,Mikhail
Haberle,John
Grutzner,Eduard von
Maderna,Carlo
Carlone,Carlo
Maldonado,Estuardo
Vukanovic,Beta
Tetsugoro,Yorozu
Wilkerson,Jerry
Mus,Italo
Zhe,Zou
Wojtkiewicz,Witold
Zorach,Marguerite
Matthiasdottir,Louisa
Chittussi,Antonin
Dillemans,Sam
Xun,Ren
Gottlieb,Leopold
Keeley,Ken
Wyck,Jan
Steinhardt,Jacob
Heemskerck,Egbert van
D'Ancona,Vito
Karabekian,Rabo
Bloot,Pieter de
Griffier,Jan
Raderscheidt,Anton
Wytsman,Juliette
Tryon,Dwight William
Asper,Hans
Isenbrant,Adriaen
Verspronck,Johannes Cornelisz
Cesi,Bartolomeo
Kunimasa,Utagawa
Boitel,Maurice
Stauffer-Bern,Karl
Verkolje,Jan
Daret,Jacques
Markino,Yoshio
Heda,Willem Claeszoon
Exner,Julius
Cernigoj,Avgust
Blanch,Arnold
Saks,Adam
Arkhipov,Abram
Meyer–Amden,Otto
Brown,Lucy Madox
Nooms,Reinier
Heisig,Johannes
Bisttram,Emil
Davis,Charles Harold
Pilo,Carl Gustaf
Erixson,Sven
Fussli,Johann Caspar
Halldorsson,Haukur
Woodbury,Charles H.
Crodel,Charles
Melling,Antoine Ignace
Huys,Pieter
Yoakum,Joseph
Cuyp,Benjamin Gerritsz
Rosetsu,Nagasawa
Lorck,Melchior
Ferenczy,Karoly
Ryabushkin,Andrei
Huan,Xie
Valdes,Victor Manuel Garcia
Ansingh,Lizzy
Sherwood,Donald
Fresnoy,Charles Alphonse du
Messen-Jaschin,Youri
Maslowski,Stanislaw
Koshiro,Onchi
Heusch,Jacob de
Bellechose,Henri
Bloemaert,Hendrick
Sultan,Altoon
Gerasimov,Aleksandr
Lyall,Laura Muntz
Lund,J. L.
Houckgeest,Gerard
Chariot-Dayez,Caroline
Sosen,Mori
Myasoyedov,Grigoriy
Quesnel,Francois
Bisschop,Cornelis
Zelmer,Wolfgang
Faccini,Pietro
Lermontov,Mikhail Yuryevich
Callery,Mary
Pin,Luo
Kiyokata,Kaburagi
Zhongyu,Wang
Valdes,Victor Manuel Garcia
Willumsen,Jens Ferdinand
Romberg,Osvaldo
Diday,Francois
Organ,Bryan
Tempel,Abraham van den
Zhiqian,Zhao
Hofman,Vlastimil
Yosai,Kikuchi
Gulgee,Ismail
Beccafumi,Domenico di Pace
Wieringen,Cornelis Claesz van
Eisner,Ib
Vasnetsov,Apollinary
Collin,Raphael
Malouel,Jean
Yoshiiku,Utagawa
Hoppe,Carl
Delff,Willem Jacobsz
Worsel,Troels
Renfa,Ren
Koppelaar,Frans
Zhukovsky,Stanislav
Arentsz,Arent
Boyd,Penleigh
Vogel,Zygmunt
Resika,Paul
Waring,Laura Wheeler
Kjarval,Johannes Sveinsson
Cizek,Franz
Bonsignori,Francesco
Emperor,Xuande
Thon,William
Bissen,Vilhelm
Bates,Maxwell
Strzeminski,Wladyslaw
Smuglewicz,Franciszek
Czyzewski,Tytus
Casson,Alfred Joseph
Bultman,Fritz
Martynov,Andrey
Mesches,Arnold
Lazkano,Jesus Mari
Zmurko,Franciszek
Rainbird,Victor Noble
Craig,James Humbert
Ivekovic,Oton
Carone,Nicolas
Beijeren,Abraham van
Caesar,Pogus
Sternen,Matej
Pevernagie,Erik
Munk,Loren
Fuyoko,Matsui
Sittow,Michael
Baker,William Bliss
Tivoli,Serafino De
Kanovitz,Howard
Jama,Matija
Asch,Pieter Jansz van
Apollonio,Zvest
Doomer,Lambert
Krekovic,Kristian
Itcho,Hanabusa
Sveinsdottir,Juliana
Rice,Susan Elizabeth
Shanks,Emily
Shunsen,Katsukawa
Engebrechtsz.,Cornelis
Greene,Balcomb
Uzunov,Dechko
Yaroshenko,Nikolai
Elder,Barthel Bruyn the
d'Eyck,Barthelemy
Czachorski,Wladyslaw
Menasco,Milton
Solomoukha,Anton
Hiroyuki,Tajima
Shchedrin,Sylvester
Dahm,Helen
Coppedge,Fern
Beninati,Manfredi
Willis,Thornton
Bega,Cornelis Pietersz
Davringhausen,Heinrich Maria
Mrkvicka,Ivan
Buchel,Emanuel
Clovio,Giorgio Giulio
Birley,Oswald
Stech,Karel
Major,Theodore
Grunewald,Isaac
Brooker,Bertram
Collier,Edwaert
Tingxi,Jiang
Lundstrom,Vilhelm
Chughtai,Abdur Rahman
Gessner,Solomon
Chiho,Aoshima
Morach,Otto
Poelenburch,Cornelis van
Kotin,Albert
Ulft,Jacob van der
Takeji,Fujishima
Grob,Konrad
Tompkins,Hannah
Giles,Master of Saint
Schanker,Louis
Hagedorn,Karl
Vietinghoff,Egon von
Abbasi,Riza
Wood,Leona
Alekseev,Fedor
McAuley,Charles
Wonnacott,John
Waliszewski,Zygmunt
Mei,Leng
Karpinski,Alfons
Sabatini,Gaetano
Gekko,Ogata
Mense,Carlo
Carlson,John Fabian
Tao-Tzu,Wu
Pryanishnikov,Illarion
Kikoine,Michel
Zerbe,Karl
Soest,Gerard
Bray,Dirck de
Laktionov,Aleksandr Ivanovich
Herring Jr.,John Frederick
Delgado,Santiago Martinez
Chase,Louisa
Gomez,Carlos Enriquez
Bisch,Thierry
Cavallucci,Antonio
Tadashi,Nakayama
Elinga,Pieter Janssens
Comensoli,Mario
Kubista,Bohumil
Pohl,Louis
Haku,Maki
Villacis,Anibal
Tack,Augustus Vincent
Hongzhong,Gu
Yoshitsuya,Utagawa
Grimm,Samuel Hieronymus
Tobey,Alton
Racki,Mirko
Manson,James Bolivar
Matabei,Iwasa
Logar,Lojze
Steffan,Johann Gottfried
Carles,Arthur B.
Restrepo,Marcos
Wiegand,Charmion von
Krzyzanowski,Konrad
Heim,Francois Joseph
Quast,Pieter Jansz
West,William Edward
Hondius,Willem
Souch,John
Greene,Gertrude
Aberli,Johann Ludwig
Hakonarson,Einar
Heyrman,Hugo
Ximeng,Wang
Jurkic,Gabrijel
Querfurt,August
Gillick,James
Maks,Kees
Ola,Vala
Kucharsky,Alexander
Francia,Francois Louis Thomas
Lathrop,William Langson
Lergaard,Niels
Bol,Kees
Ballmer,Karl
Kagaku,Murakami
Blunck,Ditlev
Petrini,Giuseppe Antonio
Warner,Everett
Guro,Elena
Hiromitsu,Takahashi
Tryggvadottir,Nina
Toorenvliet,Jacob
Yuanyu,Ma
Hegi,Franz
Lorentzen,Christian August
Hoitsu,Sakai
Mi,Shao
Holstein,Toos van
Mitsunobu,Tosa
Kremegne,Pinchus
Yuki,Ogura
Kanso,Nabil
Willaerts,Abraham
Norman,Max Magnus
Danioth,Heinrich
Yacoubi,Ahmed
Gliha,Oton
Wiedemann,Guillermo
Newell,Roy
Brand,Johann Christian
Chikuden,Tanomura
Coffelt,Jon
Savitsky,Konstantin
Wittel,Caspar van
Bosschaert,Johannes
Niederer,Caro
Masao,Maeda
Joachim,Ferenc
Spreng,Sebastian
Kupecky,Jan
Kotsis,Aleksander
Kobzdej,Aleksander
Vasicek,Vladimir
Unichi,Hiratsuka
Codman,Charles
Ai-Mitsu
Haagen,Joris van der
Kostrzewski,Franciszek
Quaytman,Harvey
Zarate,Manuel Ortiz de
DeGrazia,Ettore "Ted"
Gaho,Hashimoto
Rokotov,Fedor
Reiner,Vaclav Vavrinec
Emmet,Lydia Field
Jauslin,Karl
Both,Jan Dirksz
Zhengwen,An
Ochtman,Leonard
Qipei,Gao
Liner,Carl Walter
Cavallon,Giorgio
Elder,Joseph Heintz the
Ortvad,Erik
Avedisian,Edward
Lipchenko,Oleg
Bourgeois,Douglas
Crile,Susan
Bogart,George
O'Kelly,Aloysius
Loo,Charles-Amedee-Philippe van
Sablet,Jacques
Motonobu,Kano
Stevovich,Andrew
Camesi,Gianfredo
Pijet,Andre
Knyff,Leonard
Marsans,Luis
Tsvaygenbaum,Israel
Bodmer,Paul
Cruz,Gaspar Mario
Barnoin,Henri Alphonse
Yoshitoshi,Mori
Sesija,Bela Cikos
Deyneka,Alexander
Wenjing,Zhou
Jacobsz,Lambert
Shinsui,Ito
Lindegren,Amalia
Congyi,Fang
Wada,Yoshihiko
Bednarik,Ignat
Bayliss,Wyke
Lucy,Master of the Legend of Saint
Bundy,John Elwood
Talmage,Algernon
Kunisada III,Utagawa
Vermehren,Frederik
Sudeikin,Serge
Haley,Sally
Stryjenska,Zofia
Berghe,Christoffel van den
Þorlaksson,Þorarinn B.
Vliet,Hendrick Cornelisz. van
Forsythe,Graham
Freudenberger,Sigmund
Wijck,Thomas
Reichert,Don
Furneaux,Charles
Hirokage,Utagawa
Podolchak,Ihor
Andijewska,Emma
Czechowicz,Szymon
Ochard,Jacques-Francois
Blow,Godfrey
Marczynski,Adam
Gleyre,Marc-Charles-Gabriel
Klic,Karel
Wheeler,Bessie
Havadtoy,Sam
Nedelchev,Radi
Goshun,Matsumura
Divis,Alen
Bingzhen,Jiao
Gulan,Genco
Pye,Patrick
Czapski,Jozef
Naiveu,Matthijs
Voorhees,Clark
Zao,Hu
Kiyoshi,Yamashita
Sempolinski,Jacek
Hitchcock,D. Howard
Duyster,Willem Cornelisz
Yunpeng,Ding
Goda,Aya
Lisse,Dirck van der
Bolswert,Schelte a
Eilshemius,Louis
Kikukawa,Eizan
Abildgaard,Nikolaj Abraham
Avramov,Nikola
Nieuwenhuys,Jan
Boursse,Esaias
Leyden,Aertgen van
Saygi,Fikret Mualla
Block,Josef
Demo,Grillo
Souter,Camille
Brodowski,Antoni
Hokushu,Shunkosai
DuMond,Frank
Shoun,Yamamoto
d'Aleccio,Matteo Perez
Londono,German
Daosheng,Guan
Pickenoy,Nicolaes Eliaszoon
Arauz,Felix
Boyadzhiev,Zlatyu
Zhenheng,Wen
Pynas,Jan Symonsz
Mijtens,Daniel
Unterberger,Michelangelo
Daly,Thomas Aquinas
Litovchenko,Alexander
Toyo,Sesshu
Birmann,Peter
Palin,Tom
Dugmore,Edward
Yoshitaki,Utagawa
Hokuei,Shunbaisai
Gatch,Lee
Streeck,Juriaen van
Agricola,Christoph Ludwig
Brownell,Mia
Dyer,Geoffrey
Koninck,Philip de
Steinle,Eduard von
Burbank,Elbridge Ayer
Kiyomasu II,Torii
Ashbaugh,Dennis
Pynas,Jacob
Sun,Xie
Birmann,Samuel
Wieland,Hans Beat
Maroger,Jacques
Shifan,Wuzhun
Finch,Willy
Pijnacker,Adam
Scott,William Edouard
Latzke,Rainer Maria
Foliage,Master of the Embroidered
Schwabacher,Ethel
Suzor-Cote,Marc-Aurele de Foy
Younger,Frans van Mieris the
Canjura,Noe
Baker,George Herbert
Shibiao,Zha
Trush,Ivan
Seung-eop,Jang
Pierce,Waldo
Valette,Pierre Adolphe
Berchem,Nicolaes Pieterszoon
Dubovskoy,Nikolay Nikanorovich
Linder,Allan
Boguszewski,Krzysztof
Weizhen,Yang
Merken,Betty
Milder,Jay
Swainston,Roger
Soyer,Isaac
Slingelandt,Pieter Cornelisz van
Calcagno,Lawrence
Settan,Hasegawa
Baud-Bovy,Auguste
Mirys,Augustyn
Emmert,Paul
Alchimowicz,Kazimierz
Boyd,Arthur Merric
Jihei,Sugimura
Escalera,Rodolfo
Verdaguer,Dionisio Baixeras
Bibiena,Antonio Galli
Toshi,Yoshida
Czibulka,Alfons von
Lebacq,Georges Emile
Kitao,Shigemasa
Giroust,Marie-Suzanne
Genso,Okuda
Passantino,George
Tencalla,Carpoforo
Penezic,Relja
Mehring,Howard
Normand,Raymond
Mytinger,Caroline
Parry,Thomas Gambier
Alma-Tadema,Laura Theresa
Pronaszko,Andrzej
Ohlson,Doug
Yigui,Zou
Wtewael,Peter
Buckmaster,Ernest
Smith,Xanthus Russell
Naohisa,Inoue
Kondor,Bela
Yuanlu,Ni
Ryusei,Kishida
Teniers III,David
Adams,J. Ottis
Charleston,Elizabeth
Bosschaert II,Ambrosius
Klovic,Juraj Julije
Quartley,Arthur
Ravesteyn,Dirck de Quade van
Esselens,Jacob
Prestopino,Gregorio
Ryuzaburo,Umehara
Moller,Anton
Shoulberg,Harry
Cokay,Nevin
Sloan,Hamilton
Fenghan,Gao
Ganku,Kishi
Ingle,John Stuart
Pasch,Ulrika
Hatton,Julian
Brugger,Arnold
Bleuler,Johann Ludwig
Milicevic,Ksenia
Eitoku,Kano
Krupickova,Martina
Wachtel,Marion
Chizuko,Yoshida
Petley,Roy
Ranger,Ivan
Pozzi,Domenico
Surbek,Victor
Hutopila,Vasile
Bosschaert,Abraham
Fulla,Ludovit
Ord II,Edward Otho Cresap
Shiyan,Wang
Biedermann,Johann Jakob
Kelpe,Paul
Petitot,Jean Louis
Nyholm,Arvid
Jennys,William
Baranov-Rossine,Vladimir
Tam,Reuben
Leuppi,Leo
Kaye,Otis
Pot,Hendrik Gerritsz
Gilbert,Araceli
Rudisuhli,Hermann
Kober,Marcin
Michelson,Leo
I,Torii Kiyonobu
Kreienbuhl,Jurg
Potter,Fuller
Shuqi,Zhang
Tormanen,Veikko
Ravesteyn,Jan Antonisz. van
Shengmo,Xiang
Tengnagel,Jan
Xceron,Jean
Bakusen,Tsuchida
Younger,Barthel Bruyn the
Pagliacci,Aldo
Maistora,Vladimir Dimitrov -
Baumgartel,Tilo
Fortune,E. Charlton
Gyokudo,Uragami
Shiseki,So
Meakin,Lewis Henry
Baynes,Thomas Mann
Schneider,Gerard Ernest
Yuanji,Yi
Ravesteyn,Hubert van
Tadashige,Ono
Muller-Ury,Adolfo
Manyoki,Adam
Master,Kanbun
Hoogstraten,Samuel Dirksz van
Tabaud,Jean
Chukwuogo-Roy,Chinwe
Maximov,Vassily
Goetz,Leo
Cobo,Juan Fernando
Barlow,John Noble
Kiyomoto,Torii
Eytel,Carl
Pinto,Xavier Blum
Kanzan,Shimomura
Breda,Carl Frederik von
Guanpeng,Ding
Lundbye,Johan
Wood,John Christopher
Teraoka,Jason
Greacen,Edmund
Bleuler,Johann Heinrich
Kanelba,Rajmund
Shunso,Hishida
Shengwen,Zhang
Bairei,Kono
Pissarro,Orovida Camille
Folinsbee,John Fulton
Borst,Dieter
MacColl,Dugald Sutherland
Yukihiko,Yasuda
Bendell,Marilyn
Bomb,Irvin
Ziqian,Zhan
Kokan,Shiba
Behzad,Kamal ud-Din
Meher,Kailash Chandra
Richenburg,Robert
Richardson,Mary Curtis
Rustem,Jan
Wytsman,Rodolphe
Brandon,Warren Eugene
Grisoni,Giuseppe
Valledor,Leo
Olaran,Jenaro de Urrutia
Verhaegen,Fernand
Jichang,Zhou
Tan'yu,Kano
Redi,Tommaso
Absolon,Philip
Long,McKendree
Keresztes,Dora
Buncho,Tani
Leyster,Judith Jans
Ducker,Jack M.
Fasching,Bernd
Stuempfig,Walter
Ott,Lyn
Brenner,Art
Meller,Vadym
Moucheron,Frederik de
Palamedesz,Antonie
Krehbiel,Albert Henry
Boren,Wen
Byss,Johann Rudolf
Nowosadzki,Zbigniew
Mulier II,Pieter
Griffier,Robert
Pezzati,Pietro
Frolicher,Otto
Auguste,Jules Robert
Sutherland,George B.
Nankivil,Lisa
Feierabend,Hermann
Tetmajer,Wlodzimierz
Seiho,Gusukuma
Kolkoutine,Andrei
Naranjo,Oscar Rodriguez
Rahl,Karl
Cuneo,Rinaldo
Vispo,Master of the Bambino
Seison,Maeda
Goudt,Hendrick
Qiong,Du
Arnold-Grabone,Georg
Leman,Ulrich
Howayek,Youssef
Yasushi,Sugiyama
Parker,Lawton S.
Grell,Louis
Cobb Jr.,Henry Ives
Hui-an,Gang
Melchers,Cor
Gordon-Cumming,Constance
Cumming,Constance Gordon
Didier-Pouget,William
Beisanjin,Okada
Herzig,Heinrich
Kegong,Gao
Dolabella,Tommaso
Pemberton,Sophie
Vio,Romano
Vries,Roelof van
Fisher,Hugo Anton
Christian,Henry B.
Ruellan,Andree
Jiro,Yoshihara
Agha,Lubna
Shida,Li
Marak,Julius Edvard
Berckheyde,Gerrit Adriaenszoon
Elder,Hans Leu the
Marsicano,Nicholas
Simmler,Jozef
Webster,Stokely
Cen,Gao
Rollier,Charles
Gonzenbach,Carl Arnold
Angarola,Anthony
Foley,Cornelia MacIntyre
Zhiding,Yu
Gyoshu,Hayami
Camphuysen,Govert Dircksz
Takanobu,Fujiwara
Wankowicz,Walenty
Dirmeikis,Paul
Junsaku,Koizumi
Wojniakowski,Kazimierz
Aach,Herb
Sandreuter,Hans
Verbeeck,Cornelis
Chochon,Andre Eugene Louis
Furlong,Wilhelmina Weber
Singh,Sardar Sobha
Soler,Josep Rovira
Yuncong,Xiao
Levitsky,Rafail
Gortz,Maria Johanna
Mannes,Totte
Hanko,Okada
Anger,Heinz
Chun,Chen
Jiusi,Ke
Sanson,Dominique
JoWOnder
Castello,Pedro Alvarez
Bieler,Andre Charles
Toutain-Dorbec,Pierre
Carmi,Rhea
Myeong-guk,Kim
Velasco,Veronica Ruiz de
Ostroukhov,Ilya
Drake,George Burton
Daofu,Chen
Mazeking,The
Frolich,Lorentz
Rombouts,Gillis
Clark,Alson S.
Sychkov,Fedot
Kunimasu,Utagawa
Cybis,Boleslaw
Bosai,Kameda
Tunold,Bernt
Brown,Francis Focer
Jaegwan,Yi
Chapman,Minerva J.
Sekkyo,Sawa
Brandt,Muriel
Pelliccioli,Giovanni
Berra,William
Rusheva,Nadya
Tanshin,Kano
Fulton,John Russell
Jarvaise,James
Kinichiro,Ishikawa
Shixian,Wu
Snowden,Sylvia
Tasso,Alain
Precht,Fred A.
Kjernstad,Roar
Beeri,Tuvia
Handmann,Jakob Emanuel
Abdy,Rowena Meeks
Bibiena,Maria Oriana Galli
Bolswert,Boetius Adamsz
Brekelenkam,Quirijn van
Shunshi,Gatoken
Gheorghiu,Cristache
Carpi,Oreste
Shunei,Nishida
Gregoor,Jan
Shichen,Xie
Masamitsu,Ota
Keel,Carl Eugen
Dierckx,Pieter Franciscus
Baker,Normand
Yerkes,Mary Agnes
Battenberg,John Nelson
Begeyn,Abraham
Vanka,Maksimilijan
Sanders,Joop
Sigurdsson,Hallsteinn
Sanjuan,Bernat
Dunbier,Augustus
Zhichuan,Luo
Kamenev,Lev Lvovich
Baum,Edgar Schofield
Leyman,Alfred
Duchamp-Crotti,Suzanne
Dignam,Mary
Post,Marten
Bernstein,Morris Louis
Delony,Jenny Eakin
Husnik,Jakub
Baer,William Jacob
Thebes,Nicomachus of
Stropp,Vonn
Eskridge,Robert Lee
Berninger,John E.
Togyu,Okumura
Morikage,Kusumi
Dalgarno,Roy
Sorensen,David G.
Soki,I Ketut
Tristram,J. W.
Sickinger,Gregorius
Nobuzane,Fujiwara
Kaplinski,Leon
Hogai,Kano
Shoumin,Bian
Barraud,Aime
Fangying,Li
Yoshio,Itagaki
Twardowicz,Stanley
Sesson,Shukei
Witz,Emanuel
Cavagna,Giovanni Paolo
Gaon,Simon
Putrya,Sasha
Bahr,Leonard
Olive,Ceferi
Schmit,Randall
Seade,Felipe
Damerau,Dietmar
Bunnell,Charles Ragland
Leilei,Qu
Streeck,Hendrick van
Polit,Grace
Konarzewski,Ludwik
Holtz,Itshak
Shotei,Watanabe
Rongjin,Li
Trenk,Henric
Buytewech,Willem Pieterszoon
Tinggui,Lin
Hanbei,Yoshida
Danxu,Fei
Petts,Valerie
Issho,Miyagawa
Sr.,George Barret,
Korostenskij,Ruslan
Birch,S J "Lamorna"
Krumins,Martins
Puempin,Fritz
Gruelle,Richard
Lieblich,Irene
Yifen,Tang
Everall,Eamon
Strobel,Bartlomiej
Pelton,Agnes Lawrence
Bacon,Lucy Angeline
Brawley,Robert J.
Accama,Bernard
Kadaka,Ingrida
Lahner,Emile
Grosse,Catrin G
Shunsui,Miyagawa
Hammond,Hermione
Obreshkov,Bencho
Tropinin,Vasily Andreevich
Samostrzelnik,Stanislaw
Parrish,Clara Weaver
Affligem,Master of
Xieqing,Hu
Jingoro,Hidari
Charobim,Chafik
Garniss,Meredith
Bruckman,Lodewijk
Beyer,Henryka
Bibiena,Alessandro Galli
Leonardi,Achille
Tingbiao,Jin
Kiyoshi,Saito
Eung-hwan,Kim
Vladimirski,Boris
Andermatt,Werner
Pedraja,Pedro
Jingzhao,Bian
Shapinsky,Harold
Buxing,Cao
Poole,Horatio Nelson
Moore,Frank Montague
Girardin,Frank J.
Ozols,Auseklis
Padmini,T.K.
Anraadt,Pieter van
Christmas,Ernest William
Bullinger,Johann Balthasar
Maojin,Song
Uyttenbroeck,Moses van
Zaobin,Hu
Guxiang,Wang
Payne,Michael Gustavius
Colombo,Giovanni Battista Innocenzo
Kayo,Yamaguchi
Hashiguchi,Goyo
Swinden,Albert
Togan,Unkoku
Mouron,Didier
Stattler,Wojciech Korneli
Masanobu,Kano
Fosie,Johanna Marie
Derun,Zhu
Barens,Magdalene
Papazov,George
Lynch,Genevieve Springston
Martini,Ndoc
Gerassi,Fernando
Piaguaje,Ramon
Graham,Peter Benjamin
Itcho II,Hanabusa
Bibiena,Carlo Galli
Goldberg,Elias
Ritz,Rafael
Tama,Kiyohara
Stekelman,Juan Carlos
Svendsen,Svend Rasmussen
Hondecoeter,Gijsbert Gillisz de
Pepi,Vincent
Tyree,Ralph Burke
Choshun,Miyagawa
Eggemeyer,Maude Kaufman
Zhengkui,Cheng
Shiko,Munakata
Gedo,Ilka
Zhefarovich,Hristofor
Tingmei,Yao
Elder,Pieter Mulier the
Avanzi,Giuseppe
Talcott,Allen Butler
Du-seo,Yun
Saneatsu,Mushanokoji
Sang-byeok,Byeon
Russakov,Vlady Kibalchich
Carapic,Tom
Turner,John Doman
Vishnyakov,Ivan Yakovlevich
Mytens,Johannes
Bergerol,Marcelle
Prokys,Frantisek Jakub
Jiasui,Cheng
Tominc,Jozef
Vincenzi,Giorgio De
Rafe,Bissan
Takamitsu,Awataguchi
DiDonna,Porfirio
Alfven,Marie Triepcke Kroyer
Domoto,Insho
Ando,Kaigetsudo
d'Hondecoeter,Gillis Claesz.
Malecki,Wladyslaw
Choki,Eishosai
Scovell,Eduardo Lefebvre
Evans,Dulah Marie
Weis,Samuel Washington
Crabeth,Wouter Pietersz
Jervolino,Walther
Alstromer,Margareta
Bonin-Pissarro,Claude
Davis,Eleanor Layfield
Wui,Shin
Clark,Walter Leighton
Taro,Okamoto
Abesch,Anna Maria Barbara
Chikanobu,Matsuno
Sanraku,Kano
Gyokudo,Kawai
Vrzgula,Marko
Margules,De Hirsh
Inmun,Yi
Ferre,Maties Palau
Rosen,Jan Henryk
Mandelberg,Johan Edvard
B.,Hugo Sanchez
Borun,Yang
Soami
Oikonomou,Michalis
Hatofsky,Julius
Szermentowski,Jozef
Couliou,Jean-Yves
Traffelet,Friedrich
Crabeth,Dirk
Krayewski,Andre de
Vissulceva,Keratza
Haensbergen,Johannes van
Sengyao,Zhang
Maoye,Sheng
Burzi,Sergio
Garnier,Molly
Alcopley,L.
Berlepsch-Valendas,Hans Eduard von
Dumont,Henri-Julien
Farmakopoulos,Demetrios
Marin,Carlos Francisco Chang
Shimshi,Siona
Narashige,Koide
Strong,Joseph Dwight
Rasbotham,Dorning
Zizhong,Cui
Jongh,Ludolf Leendertsz de
Brewton,James E.
Pionk,Richard
Jonsson,Johannes Geir
Gutzeit,Werner
Parashar,M. D.
Mestler,Ludwig
Rossakiewicz,Jacek Andrzej
Honthorst,Gerald van
Kehong,Sun
Huendeberg,Juergen von
Henninger,Joseph Morgan
Kasatkin,Nikolai Alekseyevich
Voltaire,Jean Huber
Emerson,Arthur Webster
Gyeon,Ahn
Buzhi,Yang
Sorgh,Hendrik Martenszoon
Buk,Choi
Junze,Sun
McClean,Sheila
Anchi,Kaigetsudo
Gerguri,Abdullah
I,Katsukawa Shunko
Sr.,Alfred Richard Gurrey,
senior,Jan van Kessel,
Westchilov,Konstantin
Slavyansky,Fyodor
Brooks,Frank Leonard
Vasylkivsky,Serhii
Ryohei,Koiso
Shosenin,Kano
Nantenbo,Nakahara
Whitcomb,Dee
Weis,John Ellsworth
Chu,Asai
Ryushi,Kawabata
Zongcang,Zhang
Page,Derold
Patterson,Ambrose McCarthy
Welti,Albert J.
Tarabotti,Caterina
Basler-Kopp,Franz Karl
Shixing,Li
Deuk-sin,Kim
Ortman,George Earl
Bezeredi,Lujo
Hirosada II
Groenewegen,Pieter Anthonisz. van
Twigg-Smith,William
Quesada,Jose Comas
Zhibai,Cao
Roed,Holger
Eishun,Baioken
Bachtiger,Augustin Meinrad
Hondius II,Henricus
Bernath,Attila
Pumpin,Karl
Geiami,Shingei
Lemmer,August
Hwan-gi,Kim
Jokei,Ryukosai
Gray,Louise Noack
Lindenfeld,Emil
Tensho,Shubun
Helmbreker,Dirk
Laffille,Pierre
Stock,Andries
Seiu,Ito
Azzolini,Giovanni Bernardino
Se-hwang,Gang
Steenwijk II,Hendrik van
Burachek,Mykola
Aguri,Uchida
Sueda,Kelly
Kanaoka,Kose
Wet,Jacob Willemszoon de
Keiichiro,Kume
Avram,Edward Ben
Yoakum,Delmer J.
Eizo,Kato
RSA,Tom Scott
Mantilla,Francisco de Burgos
Nobusada,Yanagawa
Bichler,Heinrich
Sedlon,Otakar
Barret Jr.,George
Shuxi,Zhou
Kuprin,Alexander V.
Valetova,Nina Petrovna
Moeyaert,Claes Corneliszoon
Mehandjiysky,Dimitre Manassiev
Dranga,Helen Thomas
Tondino,Gentile
Sansetsu,Kano
Shichong,Shen
Heurlin,Magnus Colcord
Wix,Henry Otto
Zhengyi,Gu
Leiteritz,Margaret
Broutelles,Maurice Reymond de
Sedlon,Richard
Bezpalkiv,Roman
Sadamichi,Hirasawa
Imms,David
Sa-jeong,Sim
Hane,Jakob
Barnfield,Robert C.
Noami
Mitruk,Stanley Matthew
Bokunen,Naka
Tuma,Mym
Younger,Domenico Quaglio the
Friedlander-Malheim,Friedrich Ritter von
Peka,Lucia
Haukaness,Lars Jonson
Jin,Homura
Keel,Adam Dario
Effinger,Beverly K.
Pruszkowski,Witold
Faini,Caesar Andrade
Naizen,Kano
Matzek,Karl
Murano,Quirizio di Giovanni da
Urakusai,Nagahide
Pruszkowski,Tadeusz
Baccarini,Jacopo
Srihari,Bholekar
Wertmuller,Adolf Ulric
Gye-u,Nam
Shunzi,Zhang
Brasz,Arnold Franz
Boborelu,Valeriu
Yoshiatsu,Satake
Toler,William Pinkney
Hall,Adelaide Victoire
I,Hendrik van Steenwijk
Beyrouti,Riad
Taylor,Persis Goodale Thurston
Renoir,Pierre Roland
Lindenmuth,Arlington Nelson
Atsuko,Tsurumi
Sotaro,Yasui
Plana,Josefina Tanganelli
Buesgen,Karl
Du-ryang,Kim
Prall,Barbara Jones
Labeij,Willem
Denie,Henrietta
junior,Jan van Kessel,
Grotuss,Hugo Karlis
Insang,Yi
Bouvagne,Camille
Shuwen,Xia
Aleef,George
Kako,Tsuji
Zhonggui,Shi
Kersley,Leonard G.
Wiliquet,Maurice
Michisei,Kono
Cavalori,Mirabello di Antonio
Junpei,Sato
Gigado,Ashiyuki
Harukawa,Eizan
Toichi,Kato
Teobaldo Nina Mamani
Yonesuke,Ito Ogura
Shozo,Shimamoto
Shozaburo
