368000000 Constant
93000000 Raphael
32800000 Leonardo da Vinci
19400000 Andy Warhol
18000000 Pablo Picasso
14300000 Vincent van Gogh
13900000 Giotto
11500000 Frida Kahlo
11300000 Duccio
10600000 Caravaggio
10400000 Carpaccio
9560000 Claude Monet
8820000 Corneille
7440000 John Martin
7120000 El Greco
5880000 Francis Bacon
4560000 Naza
4530000 Salvador Dalí
3930000 Marc Chagall
3040000 Menez
2450000 Gustav Klimt
2000000 Bapu
1830000 Henri Matisse
1610000 Paul Gauguin
1470000 Edgar Degas
1450000 Titian
1410000 William Blake
1320000 Paloma Picasso
1310000 Mark Rothko
1270000 Diego Rivera
1260000 Paul Klee
1220000 Hokusai
1150000 Thomas Kinkade
1140000 Edvard Munch
1140000 Canaletto
1110000 Jackson Pollock
1100000 Man Ray
1100000 Edward Hopper
1090000 Norman Rockwell
1080000 Jeff Koons
1030000 Pierre-Auguste Renoir
1030000 Beatrix Potter
1030000 Alex Ross
1020000 Wu Wei
1010000 Tintoretto
1010000 Khalil Gibran
977000 Roy Lichtenstein
974000 Joan Miró
962000 Marcel Duchamp
949000 Damien Hirst
925000 Correggio
917000 Wassily Kandinsky
901000 Albrecht Dürer
870000 Paul Cézanne
868000 Bob Ross
851000 Egon Schiele
845000 Puru
812000 M. C. Escher
807000 David Hockney
791000 John William Waterhouse
790000 Yayoi Kusama
785000 Sandro Botticelli
778000 Georges Braque
777000 M. F. Husain
768000 Michelangelo Buonarroti
765000 Jean-Michel Basquiat
759000 H. R. Giger
759000 Amedeo Modigliani
756000 Max Ernst
748000 John Singer Sargent
748000 John McLaughlin
744000 Giorgione
743000 Gerhard Richter
736000 Georgia O'Keeffe
734000 Wang Wei
718000 René Magritte
710000 John Byrne
708000 Peter Paul Rubens
705000 Franz Marc
701000 Caspar David Friedrich
695000 Wang Yi
694000 Alexander Calder
683000 Camille Pissarro
675000 Frank Frazetta
672000 Fernando Botero
671000 Perugino
671000 Gustave Courbet
667000 Syd Barrett
666000 Piet Mondrian
658000 Lucian Freud
657000 Edi Rama
657000 Balthus
651000 Bruce Nauman
649000 Art Green
643000 Hiroshige
629000 Piero della Francesca
629000 José Rodrigues
628000 Hieronymus Bosch
621000 Jacques-Louis David
619000 Johannes Vermeer
617000 Andrew Wyeth
607000 Alfons Mucha
602000 Robert Rauschenberg
601000 Henri de Toulouse-Lautrec
600000 Otto Dix
595000 Wang Jian
594000 Cy Twombly
593000 Leonid Afremov
593000 Eugène Delacroix
590000 Pierre Bonnard
582000 Henri Rousseau
580000 Matthew Smith
579000 Tamara de Lempicka
578000 Paul Henry
571000 Richard Wilson
569000 Jan van Eyck
566000 Jasper Johns
565000 Alberto Giacometti
562000 Winslow Homer
562000 August Macke
561000 Ei-Q
560000 Käthe Kollwitz
558000 Gustave Doré
554000 Mary Cassatt
551000 John Constable
551000 Fra Angelico
549000 Frans Hals
548000 Georges Seurat
547000 William-Adolphe Bouguereau
546000 Miyamoto Musashi
544000 Isamu Noguchi
543000 James Tissot
542000 Yves Klein
539000 Giorgio de Chirico
537000 John James Audubon
537000 Dante Gabriel Rossetti
535000 Willem de Kooning
533000 Anselm Kiefer
532000 Wu Li
532000 Tracey Emin
532000 Peter Michael
532000 Mitchell Johnson
532000 Emily Carr
529000 Wang E
528000 Odilon Redon
524000 Cimabue
521000 Zhang Yan
521000 Thomas Cole
521000 Juan Gris
521000 Guido Reni
517000 Peter Max
517000 J. M. W. Turner
515000 Diego Velázquez
514000 Richard Hamilton
514000 Ay-O
512000 Julian Schnabel
511000 Drew Struzan
508000 Josef Albers
503000 David Allan
498000 Li Di
498000 Berthe Morisot
497000 Charles Williams
495000 Albert Bierstadt
492000 Nicolas Poussin
491000 Wang Hui
491000 Fernand Léger
491000 Carl Larsson
489000 Ron English
487000 Ray Parker
486000 Gustave Moreau
485000 Jean Auguste Dominique Ingres
479000 Juan Luna
478000 Paolo Veronese
477000 Tarsila do Amaral
477000 Giovanni Bellini
477000 Arnold Böcklin
476000 Raoul Dufy
476000 Mi Fu
476000 Li Cheng
473000 Paul Harvey
472000 Frank Stella
472000 Emil Nolde
472000 Chen Hong
471000 Thomas Moran
471000 Joshua Reynolds
470000 LeRoy Neiman
470000 Gustave Caillebotte
469000 John Everett Millais
469000 Gian Lorenzo Bernini
469000 Andrea Mantegna
468000 Francis Picabia
467000 Alfred Sisley
466000 Lucio Fontana
466000 Grant Wood
464000 Rufino Tamayo
463000 Ernst Ludwig Kirchner
462000 Jean Dubuffet
461000 Liu Jun
461000 Lawrence Alma-Tadema
459000 Donald Judd
458000 Rogier van der Weyden
458000 Pinturicchio
458000 Alex Katz
457000 Tom Phillips
456000 Kurt Schwitters
456000 Giorgio Morandi
455000 Édouard Manet
455000 Chen Lin
453000 Luis Miranda
452000 Claude Lorrain
449000 Henry van de Velde
448000 Max Beckmann
448000 Jan Steen
447000 Paul Signac
447000 George Grosz
446000 William Hogarth
445000 Karel Appel
444000 Maxfield Parrish
444000 Henri Michaux
443000 Thomas Gainsborough
443000 Oskar Kokoschka
441000 Friedensreich Hundertwasser
440000 John Collier
438000 David Simpson
436000 Yang Jin
436000 Victor Vasarely
435000 Kazimir Malevich
434000 Robert Reid
433000 François Boucher
433000 Antoni Tàpies
433000 Anders Zorn
431000 William Nicholson
431000 Parmigianino
431000 Antonello da Messina
430000 Vanessa Bell
429000 Wang Fu
429000 Thomas Hill
429000 Max Liebermann
429000 Louis Comfort Tiffany
427000 Sharaku
426000 Hans Memling
426000 Childe Hassam
424000 Jasmine Becket-Griffith
423000 Paula Rego
423000 James Ensor
422000 Thomas Lawrence
421000 Xu Wei
418000 Sigmar Polke
418000 Dosso Dossi
418000 Carl Spitzweg
417000 Wang Yuan
417000 David Alfaro Siqueiros
416000 Jean-Baptiste-Camille Corot
416000 Georg Baselitz
416000 Artemisia Gentileschi
416000 Allen Jones
416000 Agnes Martin
415000 Toyen
415000 Jim Dine
415000 Ellsworth Kelly
415000 Antoine Watteau
412000 Umberto Boccioni
410000 John Luke
409000 Thomas Hart Benton
409000 Simone Martini
409000 Maurice Utrillo
409000 Georges de La Tour
409000 Anthony van Dyck
408000 William Merritt Chase
408000 Robert Bateman
408000 N. C. Wyeth
407000 Pisanello
407000 Daniel Taylor
407000 Candido Portinari
406000 James McNeill Whistler
405000 Bill Lewis
404000 Zhang Han
404000 Thomas Eakins
404000 Robert Motherwell
404000 David Park
402000 Frederic Remington
402000 Domenichino
402000 Andrea del Sarto
401000 Jean Arp
400000 Julio González
399000 Maurice Denis
399000 Honoré Daumier
399000 Frederic Leighton
398000 Robert Henri
398000 Mariano Fortuny
398000 Ma Lin
398000 George Bell
397000 Ken Howard
396000 Paul Kane
395000 Ma Wan
394000 Benjamin West
393000 Robert Delaunay
393000 Gottfried Helnwein
392000 Tom Roberts
392000 Rosa Bonheur
392000 Lovis Corinth
392000 Kees van Dongen
391000 Rembrandt Harmenszoon van Rijn
391000 Ma Shi
391000 Lyonel Feininger
390000 George Romney
389000 Joseph Delaney
388000 Santiago Rusiñol
388000 James Brooks
388000 Annibale Carracci
387000 Helen Frankenthaler
387000 David Boyd
387000 Bjørn Wiinblad
386000 Giuseppe Arcimboldo
385000 Gilbert Stuart
385000 Ferdinand Hodler
384000 Li Shan
384000 Elsa Beskow
384000 Brian Froud
384000 Bernard Buffet
383000 Aaron Douglas
382000 Pierre Soulages
382000 James Barry
382000 Apelles
380000 Leonora Carrington
379000 Jacob Lawrence
379000 Elizabeth Murray
378000 Zdzisław Beksiński
378000 Bob Thompson
378000 Almeida Júnior
378000 Almada Negreiros
377000 Wayne Thiebaud
377000 Sam Francis
376000 Tom Thomson
376000 Raúl Martínez
376000 Jane Kelly
376000 Hans Holbein the Younger
375000 Matthias Grünewald
375000 Dionisius
375000 Bridget Riley
375000 Alexander Scott
373000 Wu Hong
372000 Ben Nicholson
370000 Ren Yi
370000 Paul Delvaux
369000 Alexander Ivanov
368000 Shitao
368000 Sean Scully
367000 Aristide Maillol
365000 Wang Meng
365000 Giovanni Battista Tiepolo
363000 Alexander Mann
361000 Wifredo Lam
361000 Giacomo Balla
360000 Remedios Varo
360000 Paul Georges
359000 Edward Clark
358000 Giovanni Fattori
358000 Chen Chi
356000 Jan Matejko
355000 José Clemente Orozco
355000 El Lissitzky
354000 Pieter Bruegel the Elder
351000 Romare Bearden
350000 Charles Willson Peale
349000 Marie Laurencin
348000 Zao Wou Ki
348000 Ji Sheng
348000 Felice Casorati
347000 Barnett Newman
343000 Paolo Uccello
338000 Raphael Kirchner
337000 Li Song
334000 Tom Wesselmann
334000 Lam Qua
334000 Ivan Aivazovsky
334000 Georges Rouault
333000 Fred Mitchell
333000 Andrei Rublev
332000 Frederick Edwin Church
332000 Asger Jorn
331000 Suzanne Valadon
331000 Li Tang
330000 Enzo Cucchi
330000 Avigdor Arikha
329000 Pascin
326000 Lucas Cranach the elder
325000 John Keane
325000 George Stubbs
323000 Laura Knight
322000 Hans Hofmann
321000 Jean-François Millet
321000 Hua Yan
319000 Domenico Ghirlandaio
316000 George Catlin
314000 Raja Ravi Varma
314000 Horace Vernet
313000 Pamphilus
313000 André Derain
312000 Xu Xi
312000 Ronald Davis
312000 Henri Fantin-Latour
312000 Franz Kline
311000 Tadeusz Kantor
310000 Antoine Le Nain
309000 John William Godward
308000 Stuart Davis
306000 Zhang Lu
306000 Richard Diebenkorn
306000 Francesco Clemente
304000 Wang Lü
304000 Masolino
303000 Carlo Crivelli
303000 Agostino Carracci
302000 John Atkinson Grimshaw
301000 Jean-Honoré Fragonard
301000 David Brewster
301000 Charles Thomson
301000 Arturo Rivera
300000 L. S. Lowry
299000 Pedro Figari
298000 Roberto Matta
298000 Hubert Robert
297000 Francesco Hayez
294000 Larry Rivers
294000 John Singleton Copley
294000 Joaquín Sorolla y Bastida
293000 Wyndham Lewis
292000 Daniel Schultz
291000 Theo van Doesburg
291000 Jacques Callot
291000 Charles-François Daubigny
290000 Abidin Dino
289000 Wolfgang Bauer
288000 Lu Ji
288000 Filippino Lippi
288000 Augustus John
287000 John Trumbull
287000 James Rosenquist
285000 Sun Long
285000 Hans Fischer
284000 Michael Goldberg
284000 Louise Nevelson
284000 Liaqat Ali Khan
284000 Joan Brown
282000 Kevin Connor
281000 Piero di Cosimo
281000 Jean-Léon Gérôme
279000 Nicholas Roerich
277000 Gentile da Fabriano
276000 Max Klinger
275000 Paul Nash
275000 Hans Holbein the Elder
274000 Agnolo Bronzino
273000 Samuel F. B. Morse
272000 Utagawa Kuniyoshi
272000 John Lavery
271000 Guy Rose
271000 Alberto Burri
270000 Yan Hui
268000 Henry Fuseli
268000 Chen Lu
267000 Duncan Grant
267000 Allan Ramsay
266000 Neil Williams
266000 John Hutton
266000 Gu An
266000 Gen Paul
265000 Maurice de Vlaminck
263000 Yves Tanguy
263000 Rockwell Kent
262000 Zdeněk Burian
262000 Pietro da Cortona
261000 Eugène Boudin
259000 William Holman Hunt
258000 Francesco Guardi
257000 Shen Zhou
256000 Michael Dahl
256000 Cecily Brown
254000 Gerard David
253000 Philip Guston
253000 Arshile Gorky
253000 Anita Malfatti
252000 Lasar Segall
251000 Pierre Alechinsky
250000 Dong Yuan
249000 Lucebert
249000 Gene Davis
247000 Vanessa Beecroft
246000 Martin Johnson Heade
246000 Jenny Saville
246000 Bernardo Bellotto
245000 Franz Xaver Winterhalter
243000 Li Kan
242000 Qi Baishi
241000 Akseli Gallen-Kallela
239000 Leonor Fini
239000 Antonio Saura
238000 Samuel Scott
237000 Jacob Jordaens
236000 Hans Baldung
234000 Luc Tuymans
234000 David Wojnarowicz
234000 Albrecht Altdorfer
231000 Billy Childish
229000 Breyten Breytenbach
229000 Anne Ryan
227000 Victor Meirelles
226000 Yue Minjun
226000 Nick Gentry
224000 George Barker
223000 Max Pechstein
222000 Per Kirkeby
222000 Judith Brown
220000 Stanisław Wyspiański
220000 Kitagawa Utamaro
219000 George Bellows
218000 Frank Mason
216000 Zhao Yong
216000 Francisco de Zurbarán
216000 Erich Heckel
215000 Théodore Géricault
215000 George Inness
215000 David Wilkie
214000 László Moholy-Nagy
213000 Jan Müller
213000 Giovanni Francesco Barbieri
213000 Clyfford Still
212000 Glòria Muñoz
212000 Fra Filippo Lippi
210000 Jean Fouquet
210000 Félix Vallotton
206000 Steven Campbell
206000 Alexander Rodchenko
206000 Albert Edelfelt
204000 Sofonisba Anguissola
202000 Juan de Flandes
202000 Ivan Shishkin
201000 Odd Nerdrum
201000 L. A. Ring
200000 Kurt Wenner
200000 Hans Hartung
198000 Richard Estes
198000 George Morrison
197000 Patrick Nagel
197000 Gino Severini
195000 Xul Solar
195000 Marsden Hartley
195000 Jules Joseph Lefebvre
194000 Wen Jia
194000 Hyacinthe Rigaud
194000 Ford Madox Brown
193000 Wang Wu
193000 Johannes Itten
193000 Alice Neel
191000 Otto Piene
191000 Ludwig Bemelmans
191000 Jean-Paul Riopelle
190000 Albert Marquet
189000 Wu Bin
189000 Pieter de Hooch
189000 Albert Anker
188000 Francisco Zúñiga
188000 Chaim Soutine
187000 Howard Hodgkin
187000 Alfredo Volpi
186000 Kawase Hasui
185000 Carlo Carrà
183000 Bartolomé Esteban Murillo
182000 Edwin Landseer
182000 Andrea del Verrocchio
181000 Theo Constanté
181000 Frans Masereel
181000 Arthur Boyd
180000 Kamagurka
179000 Helene Schjerfbeck
179000 Carl Morris
178000 Walter Sickert
178000 Henrik Lund
177000 Milton Avery
176000 Karel Havlíček
176000 Graham Sutherland
176000 Frank Auerbach
175000 Tracy Harris
175000 Mario Sironi
175000 Karl Schmidt-Rottluff
175000 Giuseppe De Nittis
174000 Oswaldo Guayasamín
173000 Josef Čapek
173000 Francisco Josè de Goya
173000 Edward Bailey
172000 Qian Gu
172000 Lu Zhi
172000 Jan van Goyen
172000 Edward Hicks
171000 Nicolas de Staël
171000 Gabriele Münter
171000 Brett Whiteley
170000 Xu Beihong
170000 Lucas van Leyden
170000 Jean-Jacques Henner
170000 Chen Rong
169000 Max Slevogt
169000 Hans Erni
168000 Utagawa Kunisada
168000 Adolf Hölzel
167000 Charles Demuth
167000 Brice Marden
166000 Wu Zhen
166000 John Murdoch
166000 Jacek Malczewski
164000 Meredith Dillman
164000 Ignacio Zuloaga
164000 Adriaen van Ostade
163000 Zhang Xiaogang
163000 Sidney Nolan
163000 Peter Lely
163000 Josetsu
163000 Altichiero
162000 Sir Anthony van Dyck
162000 Simon Vouet
162000 Hugo van der Goes
161000 Mu Qi
160000 Hans von Aachen
159000 Cindy Wright
158000 Richard Schmid
158000 Paul Wunderlich
157000 Pieter Claesz
157000 George Schmidt
156000 William Woodward
156000 Pierre-Joseph Redouté
156000 John Linnell
156000 Guo Xi
155000 Robert Campin
155000 Adolph Menzel
154000 Rembrandt Peale
154000 Huang Ji
154000 Basuki Abdullah
153000 William Orpen
153000 Tang Di
153000 Morris Louis
151000 Rodolfo Morales
151000 John Marin
151000 Joaquín Torres García
151000 Jacob Maris
150000 Maurice Prendergast
150000 Jules Breton
150000 Dan Christensen
149000 Pietro Longhi
149000 Petrus Christus
149000 Jean-Marc Nattier
149000 Adolf Born
147000 Yosa Buson
147000 Wolf Vostell
147000 Pompeo Batoni
146000 Zhao Yuan
146000 John Button
146000 Benito Quinquela Martín
146000 Albert Gleizes
145000 Ohara Koson
145000 Maximilien Luce
145000 Edward Ruscha
145000 Armand Guillaumin
145000 Anne Savage
144000 Karel van Mander
144000 Enrico Baj
143000 Mary Abbott
143000 John Eyre
143000 Henri-Edmond Cross
142000 Zhang Daqian
142000 Sebastiano Ricci
142000 John Armleder
142000 Gopala Rao
141000 Xie He
141000 Pierre Auguste Cot
141000 Peter Brandes
141000 Jacob Collins
141000 Henry Raeburn
140000 Tim Biskup
140000 Robert Koehler
140000 Dorothea Tanning
139000 Thomas Couture
139000 Tadanori Yokoo
139000 Lu Guang
139000 Alfred Leslie
138000 Zhao Mengfu
138000 Melozzo da Forlì
138000 James Montgomery Flagg
138000 Jacopo Bassano
138000 Gentile Bellini
138000 Austin Osman Spare
137000 Fra Bartolomeo
136000 Alexej von Jawlensky
135000 Stanisław Ignacy Witkiewicz
135000 Pablo Rey
135000 Charles Marion Russell
134000 Ye Xin
134000 Phillip Otto Runge
134000 Kenneth Noland
134000 Adolph Gottlieb
133000 Zheng Xie
133000 Peter Snow
133000 Mark Tobey
133000 Jamie Wyeth
132000 Theodore Robinson
132000 Joseph Wright of Derby
132000 Emanuel Leutze
132000 Carel Fabritius
131000 Zhang Yin
131000 Yuan Yao
131000 Yaacov Agam
131000 Richard Artschwager
131000 Henry Lamb
130000 Natalia Goncharova
130000 Frédéric Bazille
130000 Aelbert Cuyp
129000 Zhang Xuan
129000 Stephen Gilbert
129000 Pierre Puvis de Chavannes
129000 Jan Brueghel the Elder
129000 Isaac Levitan
129000 Henry Woods
129000 Gao Xiang
128000 Vlaho Bukovac
128000 Ma Yuan
128000 Gwen John
128000 Derek Hill
127000 Shinoda Toko
126000 Elizabeth Forbes
126000 Andrea Pozzo
125000 Karl Bodmer
125000 Gong Kai
125000 Art Frahm
123000 Wenceslas Hollar
123000 Lin Liang
123000 Jörg Immendorff
123000 Jan van der Heyden
123000 Francesco Albani
122000 William Etty
122000 Jin Nong
122000 George Frederic Watts
122000 Alessandro Allori
121000 Thomas Baines
121000 Ivan Bilibin
121000 Hans Makart
121000 Gerard ter Borch
121000 Federico Barocci
121000 Ernst Theodor Amadeus Hoffmann
121000 Édouard Vuillard
120000 Stephen Greene
120000 Sengai
120000 Orazio Gentileschi
120000 Hilma af Klint
120000 Gerrit Dou
120000 Gerard ter Borch
120000 Emily Mason
119000 Zinaida Serebriakova
119000 Tsukioka Yoshitoshi
119000 Murakami Takashi
119000 Leon Golub
119000 Ernest Meissonier
119000 Christian Rohlfs
119000 Ai Xuan
118000 Viktor Vasnetsov
118000 Karl Hofer
118000 George Caleb Bingham
117000 Jean Metzinger
117000 Jan Zrzavý
117000 Henry Scott Tuke
117000 Boris Kustodiev
117000 Anthony Christian
117000 Anna Ancher
117000 Abraham Bloemaert
116000 Jean Baptiste Debret
115000 Yuan Jiang
115000 Nicholas Hilliard
115000 John Henry Twachtman
115000 Alexei Kondratyevich Savrasov
114000 Limbourg brothers
114000 Lan Ying
114000 Ferdinand Bol
114000 Daniel Garber
113000 Lawren Harris
113000 Jan van Huysum
112000 Zhu Da
111000 Wilhelm Leibl
111000 Robert Jacobsen
111000 Jeong Seon
111000 Hong Ren
110000 Zhou Fang
110000 Wolf Kahn
110000 Pietro Lorenzetti
110000 Ossip Zadkine
110000 Nadir Afonso
110000 Francisco Oller
110000 Doc Hammer
110000 Bernardo Strozzi
109000 Stefan Luchian
109000 Patrick Caulfield
109000 Konstantin Makovsky
109000 Jules Chéret
108000 Wilhelm Sasnal
108000 Tang Yin
108000 Ellen Gallagher
107000 William Forsyth
107000 Suzuki Harunobu
107000 Stephen Little
107000 Qian Du
107000 Mikhail Vrubel
107000 Humberto Castro
107000 Antônio Parreiras
107000 Angelica Kauffman
106000 Rajesh Soni
106000 Maruja Mallo
106000 Fernando Amorsolo
106000 Anton Graff
105000 Jennifer Bartlett
105000 Ismail Acar
104000 Vija Celmins
104000 R. B. Kitaj
104000 Pan Yuliang
104000 Gabriel Metsu
104000 Eugenio Granell
104000 Carol Sutton
103000 Yoshida Hiroshi
103000 Shang Xi
103000 Pat Adams
103000 Jean Béraud
103000 Jan Davidsz de Hem
103000 Jan Davidsz. de Heem
103000 Daniel Maclise
103000 Carl-Henning Pedersen
103000 Anton Mauve
103000 Andreas Achenbach
102000 Silvestro Lega
102000 Nancy Spero
102000 Liu Haisu
102000 Jean-Paul Laurens
102000 Jason Benjamin
102000 František Kupka
101000 Utagawa Toyokuni
101000 Richard Dadd
101000 Joseph Stella
101000 Han Gan
101000 Gerda Wegener
101000 Christian Krogh
99800 Martiros Saryan
99800 Dave Merrick
99500 Telemaco Signorini
99100 Frederick Carl Frieseke
98900 Arkhip Kuindzhi
98500 Wen Tong
98500 Ross Bleckner
98100 Ivan Kramskoi
97900 Jan Lievens
97800 Richard Parkes Bonington
97700 Lawrence Harris
97500 André Lhote
96700 HAP Grieshaber
96600 Nicolas Lancret
96600 Alfred Jensen
96500 Heinrich Hofmann
96100 Wu Guanzhong
95800 François Clouet
95400 Juan O'Gorman
95400 Edward Henry Potthast
94800 David Teniers the Younger
94700 Ugo Nespolo
94500 Vladimir Tatlin
94100 Konstantin Korovin
93900 Paulus Potter
93700 Clinton Ford
93700 Bruno Liljefors
93400 Léon Bakst
93300 Nathan Oliveira
93300 Fan Qi
92700 Jean Fautrier
92200 Alma Thomas
92000 Serge Poliakoff
91800 Joseph Raphael
91700 Francesco Bartolozzi
91600 Adam Elsheimer
91500 Zhou Chen
91400 Qiu Ying
91300 Du Jin
91000 Aniello Falcone
90900 Franz von Lenbach
90800 Rudolf von Alt
90700 Sophie Taeuber-Arp
90400 Henri Le Sidaner
90200 Maria Helena Vieira da Silva
90200 Fairfield Porter
89900 Miltos Manetas
89800 Édouard Detaille
89800 Cecilia Beaux
89500 Mikhail Nesterov
89400 Taddeo Gaddi
89000 Walasse Ting
88600 William Trost Richards
88600 Ralph Earl
88500 Lesser Ury
88200 John Bourne
88000 Hubert van Eyck
87800 Frits Thaulow
87700 Marie Bashkirtseff
87600 Albert Joseph Moore
87500 Villard de Honnecourt
87500 Adriaen van de Velde
87300 Hendrick Avercamp
87300 Auguste Herbin
87200 Michael Ancher
86400 Bruce McLean
86100 William Dobson
86000 Aert van der Neer
85800 Alexander Roslin
85600 Gerald Kelly
85500 Edward Simmons
85400 Guo Chun
85200 Shen Quan
84800 Julian Onderdonk
84700 Vasily Polenov
84500 Jack Levine
84300 Arthur Streeton
84100 Zeng Jing
84100 Abbott Handerson Thayer
83400 Christopher Perkins
83300 Robert Bevan
83300 Alfred Wallis
83200 Romaine Brooks
82900 Sir Alfred Munnings
82700 Émile Bernard
82500 Théodore Rousseau
82500 Song Xu
82500 Friedrich von Amerling
82400 Georges Lacombe
82200 Morgan Russell
82100 Charles Blackman
82100 Charles Billich
81700 Dai Jin
81500 Balthasar van der Ast
81400 Ju Lian
81300 Jeanne Hébuterne
81000 Xi Gang
80900 Edwin Austin Abbey
80700 Cuno Amiet
80600 Silvia Dimitrova
80300 Carl Heinrich Bloch
79900 Alexandre Benois
79700 Eliseu Visconti
79600 George Hendrik Breitner
79400 Nikolai Astrup
79300 Nicolaes Maes
78600 Sam Charles
78400 Domenico Zampieri
78100 Giovanni Lanfranco
77900 Hugo Simberg
77800 Peter Blume
77700 Thomas Bock
77600 Bernardo Cavallino
77300 Sava Šumanović
77000 Eugène Burnand
76900 Robert William Vonnoh
76700 Brian Alfred
76400 Perle Fine
76400 Jacopo Bellini
76300 Willem Kalf
76100 Konrad Witz
75700 Dieric Bouts
75600 Pieter Aertsen
75600 Óscar Domínguez
75100 Konstantin Somov
75100 Francesco Cozza
74500 Mei Qing
74200 Fritz Baumann
73700 Washington Allston
73700 John Opie
73700 Johann Zoffany
73000 Albert Namatjira
72900 Jasper Francis Cropsey
72700 Li Zai
72600 Meindert Hobbema
72500 Hans Burgkmair
72500 Ferdynand Ruszczyc
72500 Emil Orlik
72400 Asher Brown Durand
72100 Sanford Robinson Gifford
72000 Charles Lebrun
72000 Amelia Peláez
71900 Giovanni Giacometti
71800 Louis Valtat
71700 Lucas Cranach the younger
71700 Arthur Lismer
71700 Alfred Thompson Bricher
71500 Salomon van Ruysdael
71400 Robert Dickerson
71400 John Brack
71100 Gerald "Dr. Atl" Murillo
71000 Francesco del Cossa
71000 Enrique Simonet
70900 Clifford Ross
70800 Paul-Émile Borduas
70300 Jack Roth
70300 Caspar Netscher
70300 Antonio Ciseri
70200 Tsuguharu Foujita
70200 Chen Yifei
70000 Raoul Ubac
69900 Sir William Russell Flint
69700 William Dobell
69600 Jaroslav Doubrava
69500 Juliusz Kossak
69500 Eugène Grasset
69300 Lisa Yuskavage
69300 Jean-Baptiste-Siméon Chardin
69300 Cornelis van Haarlem
69200 Louis Le Nain
69200 Joan Snyder
68800 Joe Mangrum
68700 Vasily Surikov
68400 Alice Mason
68300 Joachim Patinir
68200 Luc-Olivier Merson
68100 Raphael Soyer
68100 Nancy Graves
68100 Allan Brooks
67800 Zhang Wo
67800 Wilhelm Hammershoi
67700 Mikalojus Konstantinas Čiurlionis
67700 Manabu Mabe
67500 Jan Zamoyski
67500 Henryk Siemiradzki
67400 Ni Tian
67300 Malcolm Morley
67200 Gong Xian
67100 Bill Traylor
66900 Wojciech Kossak
66900 Mary Moser
66900 Horst Antes
66500 Rodolphe Töpffer
66400 Jan Jahn
66200 Charles Alston
66100 Frank Weston Benson
65700 Rachel Ruysch
65700 Jitish Kallat
65700 Giovanni Paolo Pannini
65600 Ludovico Carracci
65500 Carlo Martini
65400 René Auberjonois
65400 Charles Conner
65100 Kim Tschang Yeul
65100 Hendrik Goltzius
64800 Mikoláš Aleš
64800 Fiona Rae
64700 Théodore Chassériau
64700 Ismael Nery
64700 Ed Paschke
64600 Bartholomeus van der Helst
64500 Keisai Eisen
64400 Bob Reese
64100 Willem van Aelst
64100 Shi Rui
64100 Fu Baoshi
63800 Koryusai
63800 Franz Stuck
63700 Ni Zan
63700 Henry Heerup
63700 Dai Xi
63500 Richard Mayhew
63500 Charles Le Roux
63300 Fletcher Martin
63200 John Steuart Curry
63000 Jacob van Campen
62900 Rudolf Hausner
62900 Olaf Gulbransson
62900 Ettore Tito
62500 Jim Manley
62400 Charles Conder
62400 Anne Dunn
62300 Mati Klarwein
62000 Samuel Prout
62000 Pieter Lastman
62000 Benjamin Williams Leader
61700 Daniel Chodowiecki
61700 Constant Permeke
61400 Nara Yoshitomo
61400 Alfred East
61300 T. C. Steele
61200 David Bomberg
61100 Adolf Wölfli
60900 Jane Frank
60900 Hans Gude
60900 Emiliano Di Cavalcanti
60800 Vasily Perov
60800 Jens Juel
60700 Martin Benka
60700 Enrique Grau
60600 Henry Wallis
60300 Wang Duo
60300 Camilo Mori
60100 Pieter Brueghel the Younger
60000 Zoran Mušič
59900 Leiko Ikemura
59900 Jules Olitski
59700 Federico Zandomeneghi
59600 Jerry Weiss
59500 William McGregor Paxton
59400 Edmund Charles Tarbell
59400 Christoffer Wilhelm Eckersberg
59200 Yasuo Kuniyoshi
59100 Moise Kisling
59100 Ernie Barnes
59000 Leon Wyczółkowski
58800 Dong Qichang
58800 Albin Egger-Lienz
58700 Eduardo Kingman
58600 Marianne von Werefkin
58500 Frederick McCubbin
58500 Colin Campbell Cooper
58100 Max Dauthendey
58000 Kun Can
58000 Georges Lemmen
57900 Louis Anquetin
57900 Élisabeth-Louise Vigée-Le Brun
57700 Zhaoming Wu
57700 Jørgen Roed
57600 Toyohara Kunichika
57600 Torii Kiyonaga
57600 Alfred Manessier
57500 Thomas Cornell
57400 Frederick Goodall
57200 Emil Carlsen
57100 Lucien Pissarro
57100 Federico Zuccari
57000 Jan Brueghel the Younger
56600 Théodule Ribot
56600 Andrzej Wróblewski
56400 Russell Drysdale
56400 Carel Willink
56400 Božidar Jakac
56300 Julius LeBlanc Stewart
56300 Abraham de Vries
56200 Jan Cox
56100 Antoine Wiertz
55800 Maksymilian Gierymski
55800 Janet Fish
55700 Thomas Doughty
55700 Carlos Schwabe
55200 Max Švabinský
55000 Vasily Vereshchagin
55000 Mahmoud Farshchian
54900 Pietro Testa
54900 Linda Sutton
54900 Liang Kai
54900 Ilya Yefimovich Repin
54700 Aaron Nagel
54500 Karpisek
54300 Tobias Stimmer
54200 Wen Zhengming
54200 Alejandro Obregón
53600 Kay Sage
53400 Pavel Filonov
53400 Joseph Werner
53400 Jean-Étienne Liotard
53300 Josse Lieferinxe
53100 Gerard de Lairesse
52900 Rudolf Koller
52800 Gee Vaucher
52800 Bernardo Daddi
52700 Hendrik Willem Mesdag
52500 Peder Severin Krøyer
52400 Olga Boznańska
52400 Giovanni Battista Piazzetta
52300 Alphonse Legros
52200 Helmut Federle
52200 Frances Hodgkins
52100 Philips Wouwerman
52000 Oswald Achenbach
52000 Louis-Léopold Boilly
51900 Joseph-Marie Vien
51600 Sophie Gengembre Anderson
51600 Joseph Severn
51500 Jesse Richards
51300 Samuel Colman
51100 Jean Hey
51100 Don Eddy
50900 Wu Changshuo
50800 Beauford Delaney
50800 Albert Guillaume
50700 Robert Falk
50700 Peter Lanyon
50700 Karel Dujardin
50600 Ruud Janssen
50300 Federico Uribe
50200 Edward Wadsworth
50000 Jacob van Utrecht
49900 Willard Metcalf
49900 Richard Mortensen
49900 Ramon Casas i Carbó
49700 Jacques Blanchard
49400 Manolo Millares
49400 Louis le Brocquy
49200 Betye Saar
49100 Heinrich Kley
49100 Csaba Markus
49000 Millard Sheets
49000 Jozef Israëls
48700 Jens Søndergaard
48700 Geertgen tot Sint Jans
48600 Richard Gerstl
48500 Piotr Michałowski
48500 Lilla Cabot Perry
48400 Rodolfo Amoedo
48400 Elaine Hamilton
48300 Govert Flinck
47800 Eero Järnefelt
47500 Shibata Zeshin
47400 Tahir Salahov
47400 Janet Dawson
47400 Emil Fuchs
47300 Vladimir Borovikovsky
47200 Albert Keller
47100 Muggur
47100 Joseph Badger
47000 Niklaus Manuel
46900 Leonard Long
46900 Euan Uglow
46900 Aleksander Gierymski
46800 Tadeusz Makowski
46700 Roberto Parada
46700 Louis Janmot
46400 Raoul De Keyser
46400 Pu Hua
46300 Xia Yong
46200 Artur Grottger
45900 Liubov Popova
45800 Francesco Zuccarelli
45700 Roy De Maistre
45700 Fitz Hugh Lane
45600 Stanhope Forbes
45600 Mikhail Larionov
45600 Louis-Michel van Loo
45600 Joos de Momper
45600 A. B. Jackson
45500 Afewerk Tekle
45400 Carol Bove
45300 Fan Kuan
45000 Takehisa Yumeji
44900 Nicolas Charlet
44900 Ludwig Knaus
44800 Charles Bird King
44700 Fritz von Uhde
44600 William Harnett
44600 Jacques-Laurent Agasse
44600 Edward Lamson Henry
44400 Chantal Joffe
44300 Sheng Mao
44200 Werner Tübke
44200 Stanisław Witkiewicz
44200 Huang Shen
44200 Emperor Huizong of Song
43800 Maurycy Gottlieb
43800 Ken Danby
43500 Agnolo Gaddi
43400 William Stott
43400 Jacopo Amigoni
43300 Robert Beauchamp
43200 Francesco Furini
43200 Alberto Sughi
43100 Kim Hong-do
43000 Louis Marcoussis
43000 Adriaen van der Werff
42900 Richard Anuszkiewicz
42900 Caspar Wolf
42900 Aert de Gelder
42800 Paul Lohse
42700 Robert Lenkiewicz
42600 Georg Friedrich Kersting
42300 Esaias van de Velde
42200 Jan Miense Molenaer
42100 Willem van der Vliet
42100 Rita Angus
42100 Karl Bryullov
41900 Vladimir Tretchikoff
41900 Sheila Mullen
41900 Rupert Bunny
41900 Petr Brandl
41800 Li Keran
41800 Emanuel de Witte
41700 Thomas de Keyser
41700 Eva Gonzalès
41700 Dahlov Ipcar
41600 Slava Raškaj
41500 Willem van Mieris
41400 Jean Messagier
41400 Hirayama Ikuo
41300 Józef Mehoffer
41100 Constantin Hansen
41000 Harvey Pratt
40800 Stanislas Lépine
40800 Josef Navrátil
40800 Ivan Rabuzin
40700 Bernard van Orley
40600 Georg Muche
40600 Alfons Walde
40600 Abraham Mignon
40300 Cristofano Allori
40100 Konrad Klapheck
40000 Jan de Bray
39900 Jean Petitot
39900 Alexander Nasmyth
39700 Willem Maris
39600 Lois Mailou Jones
39600 Giovanni Battista Gaulli
39500 Philip Wilson Steer
39500 Cornelis de Man
39400 Chen Jiru
39300 Wolf Huber
39300 Robert Storm Petersen
39300 Candido Lopez
39200 Ella Guru
39200 Charles Angrand
39000 Mariotto Albertinelli
38900 Veno Pilon
38700 Perin del Vaga
38700 Józef Brandt
38700 Hans Falk
38700 Antonio Donghi
38600 Leonid Pasternak
38600 Eugene J. Martin
38500 John Wollaston
38400 Christen Købke
38300 Wojciech Weiss
38300 Raymond Saunders
38200 Pierre Brissaud
38100 Paul Gustave Fischer
38100 Kobayashi Kiyochika
38000 Judith Gutierrez
38000 John Covert
37800 Caesar van Everdingen
37700 Félix Ziem
37600 Julio Larraz
37600 Jean-François de Troy
37500 Bartolomeo Vivarini
37500 Augustus Earle
37300 Qian Xuan
37100 Sir Jacob Epstein
37100 Jan Hackaert
37100 James Peale
37100 Harold Gilman
37000 Sylvia Molloy
37000 Simon de Vlieger
36900 Xia Chang
36900 Johann Friedrich Overbeck
36800 George Biddle
36800 Edo Murtić
36700 Jakub Schikaneder
36600 Ivan Albright
36500 Lisa Milroy
36400 Luigi Kasimir
36200 Rudolf Schlichter
36200 Dirck van Baburen
36100 Maruyama Ōkyo
36000 Hendrick Terbrugghen
35900 Jorge Velarde
35800 William Zorach
35800 Wilhelm Trübner
35800 Robert Medley
35800 Cagnaccio di San Pietro
35700 Théophile Steinlen
35700 Jo Baer
35600 Henry Tonks
35600 Godfried Schalcken
35500 Simon Marmion
35500 Josef Mánes
35400 William Gear
35400 Ernest Hébert
35200 Knox Martin
35200 Edward Marshall Boehm
35100 William Hoare
35100 Jacob Philipp Hackert
35100 Henri Harpignies
35000 Edward Corbett
34900 Raphaelle Peale
34800 Pavel Fedotov
34700 David Diao
34700 Ammi Phillips
34700 Alesso Baldovinetti
34600 James Bard
34500 Clovis Trouille
34400 William McTaggart
34400 François Girardon
34300 Grace Cossington Smith
34200 Zhang Zeduan
34200 Cassius Marcellus Coolidge
34100 Stephen Pace
34100 Oluf Høst
34100 Claes Jansz. Visscher
34000 Adolf Dietrich
34000 Adélaïde Labille-Guiard
33900 Huang Gongwang
33900 Barbara Longhi
33900 Alison Watt
33700 Elmer Bischoff
33700 Chen Hongshou
33600 Peggy Bacon
33600 Paulus Moreelse
33600 Jesper Knudsen
33300 Jean Hélion
33200 Igor Grabar
33100 John Plumb
33000 Rick Amor
33000 Juan de Valdés Leal
32900 Richard T. Scott
32800 Leon Kroll
32600 Theodore Earl Butler
32600 David Bailly
32500 Wang Mian
32500 Spencer Gore
32500 Karl Walser
32400 Robert Bechtle
32400 Maler Müller
32400 Conrad Marca-Relli
32300 Philipp Veit
32300 Jack Butler Yeats
32300 Huang Ding
32300 Arthur Melville
32100 Charles E. Burchfield
32000 Giuseppe Bernardino Bison
32000 Georg Scholz
31700 Xia Gui
31600 Huang Binhong
31500 Jan Theuninck
31400 Vincenzo Cabianca
31300 Sonia Delaunay-Terk
31200 Wilhelm Marstrand
31200 Philip Evergood
31100 Terry Marks
31100 Kurt Seligmann
31100 Jean Jouvenet
31000 Nicolas Froment
31000 Muqi Fachang
30900 Otto Placht
30800 Michel De Caso
30800 Gina Pellón
30600 Pieter van Laer
30600 Johann Liss
30600 Johann Heinrich Meyer
30600 Édouard Debat-Ponsan
30500 Hans Fries
30200 Wu Zuoren
30200 Willem Drost
30200 Konstantin Yuon
30100 Wilhelm Freddie
30100 Shin Saimdang
30100 Paul Cornoyer
30100 André Bauchant
29900 Sir Stanley Spencer
29900 Jan van Mieris
29900 Jan Stanisławski
29900 Hendrick van Balen
29800 Ralph Albert Blakelock
29700 Guity Novin
29700 Camilo Egas
29600 Pan Tianshou
29600 Kerry Hallam
29600 Karl Otto Götz
29600 John F. Francis
29600 Dirck Hals
29500 William Powhida
29500 Stan Stokes
29500 Nikolai Ge
29500 Nathaniel Hone
29400 Jankel Adler
29400 Eugeen Van Mieghem
29200 Laurits Tuxen
28900 Friedrich Gauermann
28900 Adriaen Coorte
28800 Paul-Albert Besnard
28800 Joseph Kleitsch
28800 Antonín Slavíček
28800 Abraham Storck
28700 Otto Eckmann
28600 Russell Chatham
28500 Antonio de la Gandara
28400 Gerbrand van den Eeckhout
28400 Cheng Shifa
28400 Alice Prin
28400 Adriaen van de Venne
28300 Jean-Baptiste van Loo
28300 Higashiyama Kaii
28300 Egbert van der Poel
28300 Adolphe Willette
28200 Shin Yun-bok
28200 Melchior d'Hondecoeter
28100 Amos Ferguson
28000 Hishikawa Moronobu
28000 Amos Ferguson
28000 Abraham van Calraet
27900 Luis Molinari
27900 Anna Boch
27800 Otto Pilny
27800 J. Alden Weir
27800 Giovanni Battista Cipriani
27800 Frederick Hammersley
27800 Adrian Zingg
27700 Jean Colombe
27500 Michael Flohr
27500 Eugène Isabey
27500 Andrea Orcagna
27500 Alexandre Falguière
27400 Wojciech Gerson
27400 Joseph Pisani
27400 Emilio Grau Sala
27300 William Congdon
27300 Vladimir Makovsky
27300 Ásgrímur Jónsson
27100 Okumura Masanobu
27000 Willem van de Velde the Younger
27000 Julian Fałat
27000 Hendrick Cornelisz Vroom
27000 Cornelis de Heem
26900 Walter Osborne
26800 Jan van Bijlert
26600 Yokoyama Taikan
26500 Petrus Van der Velden
26500 Jan van de Cappelle
26400 Paul Guigou
26400 Jane Freilicher
26400 Ilya Glazunov
26400 Giuseppe Abbati
26300 William Quiller Orchardson
26200 Stanton Macdonald-Wright
26200 Ángel Botello
26100 Max Walter Svanberg
26100 James Baynes
26100 Herman van Swanevelt
26000 Yamamoto Taro
26000 Gu Kaizhi
25900 Maurice Braun
25900 Maryam Hashemi
25800 Quentin Matsys
25800 Jean-Baptiste Pater
25800 Cornelis Dusart
25700 Władysław Podkowiński
25700 Georges Stein
25600 Lattanzio Gambara
25500 Pieter Jansz Saenredam
25400 Luo Mu
25400 George Benjamin Luks
25400 Antoni Pitxot
25300 Willem de Poorter
25300 Toyohara Chikanobu
25200 Louis Hersent
25200 Kurt Trampedach
25100 Giocondo Albertolli
25000 Utagawa Yoshitora
25000 Theophanes the Greek
25000 Joze Ciuha
25000 Ejler Bille
25000 Charles W. Bartlett
25000 Betty Churcher
25000 Bartholomeus Breenbergh
24900 Joseph DeCamp
24900 Jan Mabuse
24800 Thomas Furlong
24800 Ju Chao
24800 Bracha L. Ettinger
24800 Ambrosius Bosschaert the Elder
24700 Arthur Sarkissian
24500 Jean Crotti
24500 Itō Jakuchū
24500 Huang Tingjian
24500 Edwin Dickinson
24500 Dirck van Delen
24400 Neil Welliver
24400 Michael Ray Charles
24400 Lucas Vorsterman
24300 Sigrid Hjertén
24300 Hiroshi Honda
24300 Hercules Seghers
24200 Ridolfo Ghirlandaio
24200 Marcello Bacciarelli
24200 Kristian Zahrtmann
24200 Joseph Pickett
24100 Roelant Savery
24100 Jørgen Nash
24000 Torii Kiyomitsu
24000 Salomon de Bray
24000 Moses Soyer
24000 Alexey Venetsianov
24000 Alexandre-Évariste Fragonard
23900 Matthias Stom
23800 Jan Asselijn
23800 Hermenegildo Anglada Camarasa
23700 Takeuchi Seihō
23700 Pieter de Grebber
23700 Candido Bido
23600 Mstislav Dobuzhinsky
23600 Charles Hinman
23500 Sylvia Sleigh
23500 Kazys Varnelis
23500 Ivan Grohar
23300 Julius Klinger
23100 Yun Shouping
23100 Robert Ballagh
23100 Pieter Codde
23100 Fede Galizia
23000 Jacob Isaakszoon van Ruisdael
23000 Dennis Miller Bunker
22900 Edmond Aman-Jean
22800 Michiel Jansz. van Mierevelt
22800 Joy Garnett
22700 Enguerrand Quarton
22700 Daniel Seghers
22600 Per Krohg
22500 Min Zhen
22500 Frank O'Meara
22400 Jerzy Kossak
22400 Francis Davis Millet
22400 Alexis Simon Belle
22300 Robert Colescott
22300 Hedda Sterne
22300 Francesco Raibolini
22200 Johannes Lingelbach
22100 Eugène Brands
22100 Charles Joshua Chaplin
22000 Mathieu Le Nain
22000 Georg Schrimpf
21900 Tommaso Masaccio
21900 Judy Cassab
21900 Helen Berman
21900 Colin Middleton
21800 Oswaldo Viteri
21700 Jacob de Gheyn II
21700 Igor Kufayev
21600 Joe Machine
21500 Watanabe Sadao
21500 Stefan Gierowski
21500 Anton Lehmden
21400 Martin Desjardins
21400 Kalervo Palsa
21400 Jan Miel
21400 Friedel Dzubas
21300 Tadeusz Dominik
21300 Rackstraw Downes
21300 Michel Tapié
21200 Václav Brožík
21100 Janez Puhar
21000 Vladimir Novak
21000 Susan Weil
21000 Nina Hamnett
21000 Miao Fu
21000 Herman Saftleven
21000 Hasegawa Tōhaku
21000 Floris van Schooten
21000 Félix Labisse
20900 Wang Shishen
20900 Juan Bautista Garcia
20900 Ivan Lacković Croata
20900 George Ault
20700 Kawanabe Kyōsai
20700 Eppo Doeve
20700 Domenico Induno
20600 Patrick Nasmyth
20600 Mikhail Lebedev
20600 Alice Bailly
20500 Melchior Broederlam
20500 Jan Victors
20500 Cornelis Saftleven
20500 Brian Dunlop
20400 Jens Jørgen Thorsen
20400 Charles-André van Loo
20300 Utagawa Hiroshige II
20300 Sargent Johnson
20300 Johannes Kip
20200 Simon Ushakov
20200 Sergei Sviatchenko
20200 Sebastian Vrancx
20200 Matthijs Maris
20200 Ejnar Nielsen
20100 William Barak
20100 Henry O. Tanner
20100 Eva Švankmajerová
20100 Cleve Gray
20000 Joaquín Clausell
19800 Paul Feeley
19800 Modest Urgell
19800 Józef Pankiewicz
19800 Jaakko Mattila
19800 Camille Bombois
19700 Utagawa Kunisada II
19700 Lois Dodd
19700 Larry Zox
19700 Adam Chmielowski
19600 Thomas Dewing
19600 Leon Polk Smith
19600 Jan Wijnants
19600 Frank Buchser
19500 P.C. Skovgaard
19500 Mark A. Brennan
19500 Girolamo Muziano
19400 Malcolm Drummond
19400 Gustaf Munch-Petersen
19400 Gerard Seghers
19400 Edward Willis Redfield
19200 Jan Cornelisz Vermeyen
19200 Barthélemy Menn
19200 Allaert van Everdingen
19100 Louis Buvelot
19100 Johannes Martini
19100 Francis Bourgeois
19100 Emile Auguste Carolus-Duran
19100 Christen Dalsgaard
19000 Robert Crozier
19000 Peter Churcher
19000 Lionel Walden
19000 Edward Mitchell Bannister
19000 Aaron Bohrod
18900 Wang Shimin
18900 Isaac van Ostade
18800 Kuroda Seiki
18800 John Altoon
18800 Jan Baptist Weenix
18800 Conroy Maddox
18800 Albert Bertelsen
18700 William Coldstream
18700 Max Gubler
18700 Ernest Biéler
18700 Aoki Shigeru
18600 Pia Fries
18600 Nadim Karam
18500 Wilhelm Bendz
18500 David Teniers the Elder
18400 Ivana Kobilca
18300 Bartholomeus van Bassen
18200 Zhao Zuo
18200 Yvonne Jacquette
18200 Myra Landau
18200 Franz Fedier
18200 Eliot Hodgkin
18200 Charles Ginner
18200 Carel Weight
18100 Ramon Pichot
18100 Kamisaka Sekka
18000 Martinus Rørbye
18000 Koloman Sokol
18000 Gai Qi
18000 Floris van Dyck
17900 Ivan Generalić
17900 Ernest Briggs
17900 Adriaen Hanneman
17800 Władysław Ślewiński
17800 Prince Hoare
17800 Ogata Kenzan
17800 Claire Falkenstein
17800 Alexander Brook
17700 Tadeusz Brzozowski
17700 Ni Duan
17600 Justus van Gent
17600 Eugene Montgomery
17500 Clément Serveau
17400 Mary Elizabeth Price
17400 Howardena Pindell
17300 Nishikawa Sukenobu
17300 John Maggs
17300 Jacob Ochtervelt
17300 Alexander Kanoldt
17200 Viktor Oliva
17200 Pascal Dagnan-Bouveret
17200 Henryk Stażewski
17200 George Gardner Symons
17200 Byron Galvez
17000 Jules Tavernier
17000 Johan Jongkind
17000 Alfred Edward Chalon
16900 Tawaraya Sōtatsu
16900 Paul Monnier
16800 Ruth Abrams
16800 Peter McArdle
16800 Otto Stark
16800 Katsukawa Shunshō
16800 Dmitry Levitzky
16700 Yanagawa Shigenobu
16700 Ludolf Bakhuizen
16700 Jean-Michel Atlan
16600 Richmond Barthé
16600 Patrick Ching
16600 Pál Szinyei Merse
16600 Ambreen Butt
16500 Louise Abbéma
16400 Sigurd Swane
16400 Patrick Henry Bruce
16300 Bruce Onobrakpeya
16300 Abraham Hondius
16200 William Dargie
16200 Juan Villafuerte
16200 Hovsep Pushman
16200 Grace Clements
16200 Bernardino Mei
16100 Rolf Iseli
16100 Pieter de Ring
16100 Jaime Colson
16000 Vytautas Kasiulis
16000 Toriyama Sekien
16000 Armin Hansen
16000 Andries Both
15900 Rihard Jakopič
15900 Anton Ažbe
15900 André Thomkins
15900 Albert Welti
15800 Uwe Wittwer
15800 Bradley Walker Tomlin
15700 Max Buri
15700 Henriette Wyeth
15600 Yamagata Hiro
15600 Fyodor Vasilyev
15600 Clarice Beckett
15500 Pacita Abad
15500 Jacob Gerritsz. Cuyp
15500 Gregory Gillespie
15500 Alvan Fisher
15400 Ota Bubeníček
15400 Glennray Tutor
15300 Raymond Han
15300 Louis de Caullery
15300 January Suchodolski
15300 Henri Biva
15300 Hans von Bartels
15300 Eugeniusz Żak
15300 Colijn de Coter
15200 Manuel Franquelo
15200 Else Alfelt
15100 Robert Goodnough
15100 Kim Jeong-hui
15100 Jacob Marrel
15100 Isidore Bonheur
15100 François Barraud
15000 Marie Vassilieff
15000 Jan Sawka
14900 Tony Tuckson
14900 Robert Zünd
14900 Norman Garstin
14900 Albert Paris Gütersloh
14800 Yun-Fei Ji
14800 Wang Zhenpeng
14800 Otto Abt
14800 Ike no Taiga
14800 Giambattista Pittoni
14800 Clarence Holbrook Carter
14800 Ambrosius Holbein
14700 Titian Peale
14700 Reynolds Beal
14700 Olivia Peguero
14700 Hyman Bloom
14700 Gregorio Lazzarini
14700 Ben Enwonwu
14600 Theodor Philipsen
14600 Olivia Peguero
14600 Nazmi Ziya Guran
14500 Utagawa Toyoharu
14500 Ronnie Landfield
14500 Otto Marseus van Schrieck
14500 Jean-Pierre Saint-Ours
14400 Watanabe Kazan
14400 Robert Antoine Pinchon
14400 Ren Xiong
14400 Ray Crooke
14400 Noel Counihan
14400 Nils von Dardel
14400 Elfriede Lohse-Wächtler
14400 Eglon van der Neer
14400 Basil Blackshaw
14300 Zahari Zograf
14300 Toss Woollaston
14300 Tosa Mitsuoki
14300 Frans van Mieris the Elder
14200 Toros Roslin
14200 Torii Kiyomasu
14200 Johann Berthelsen
14200 Constantine Andreou
14200 Aleksander Orłowski
14100 Vilhelm Kyhn
14100 Leon Chwistek
14100 James Dickson Innes
14100 Enrique Tábara
14100 Carlos Catasse
14100 Blanche Hoschedé Monet
14000 Yan Liben
14000 Tanaka Isson
14000 Leland Bell
14000 Jacob Duck
14000 Jacob Adriaensz Backer
14000 Harald Giersing
14000 Gonzalo Endara Crow
14000 Albert Dubois-Pillet
13900 Valentin Aleksandrovich Serov
13900 Charles Hopkinson
13800 Wang Yuanqi
13800 Paul Mavrides
13800 Maria van Oosterwijk
13800 John Quidor
13800 Ibram Lassaw
13800 Edmond Bille
13700 Takahashi Yuichi
13700 Salomon Koninck
13700 Liu Jue
13700 Fritz Glarner
13600 Jacob Kainen
13600 František Kaván
13500 Wilson Irvine
13500 Walter Emerson Baum
13500 Tadeusz Ajdukiewicz
13500 Joseph von Führich
13500 Josef Abel
13400 Willem van de Velde the Elder
13400 Tomioka Tessai
13400 Ram Chandra Shukla
13400 Karl Völker
13400 Adam Willaerts
13300 Svetoslav Roerich
13300 Rubens Peale
13300 Robert Feke
13300 Cui Bai
13200 Michiel van Musscher
13200 Luděk Marold
13200 Knud Agger
13200 Josef Sima
13200 John Frederick Herring, Sr.
13200 Fernand Pelez
13200 Elizabeth Durack
13200 Barent Fabritius
13200 André Beauneveu
13100 Uemura Shōen
13100 Manuel Rendón Seminario
13100 Larry D. Alexander
13100 Katsukawa Shunchō
13100 Henryk Rodakowski
13100 Gertrude Abercrombie
13000 Ogata Kōrin
12900 Waldo Peirce
12900 Herbert Abrams
12800 Prudence Heward
12800 Louise Catherine Breslau
12800 Li Gonglin
12800 Jan de Baen
12800 Fred Cress
12800 David Gilmour Blythe
12700 Olaf Rude
12700 Marcin Zaleski
12700 Litsa Spathi
12700 John F. Peto
12600 Joe Stefanelli
12600 Jan Konůpek
12600 Frank McKelvey
12600 François Bocion
12500 Nassos Daphnis
12400 William Conor
12400 Paul Émile Chabas
12400 Otakar Kubín
12400 Mikhail Evstafiev
12400 John Haberle
12400 Eduard von Grützner
12400 Carlo Maderna
12400 Carlo Carlone
12300 Estuardo Maldonado
12300 Beta Vukanović
12200 Yorozu Tetsugoro
12200 Jerry Wilkerson
12200 Italo Mus
12100 Zou Zhe
12100 Witold Wojtkiewicz
12100 Marguerite Zorach
12100 Louisa Matthíasdóttir
12100 Antonín Chittussi
12000 Sam Dillemans
12000 Ren Xun
12000 Leopold Gottlieb
12000 Ken Keeley
12000 Jan Wyck
12000 Jacob Steinhardt
12000 Egbert van Heemskerck
11900 Vito D'Ancona
11900 Rabo Karabekian
11900 Pieter de Bloot
11900 Jan Griffier
11900 Anton Räderscheidt
11800 Juliette Wytsman
11800 Dwight William Tryon
11700 Hans Asper
11700 Adriaen Isenbrant
11600 Johannes Cornelisz Verspronck
11600 Bartolomeo Cesi
11500 Utagawa Kunimasa
11500 Maurice Boitel
11500 Karl Stauffer-Bern
11500 Jan Verkolje
11500 Jacques Daret
11400 Yoshio Markino
11400 Willem Claeszoon Heda
11400 Julius Exner
11400 Avgust Černigoj
11400 Arnold Blanch
11400 Adam Saks
11400 Abram Arkhipov
11300 Otto Meyer–Amden
11300 Lucy Madox Brown
11200 Reinier Nooms
11200 Johannes Heisig
11200 Emil Bisttram
11200 Charles Harold Davis
11200 Carl Gustaf Pilo
11100 Sven Erixson
11100 Johann Caspar Füssli
11100 Haukur Halldórsson
11100 Charles H. Woodbury
11100 Charles Crodel
11100 Antoine Ignace Melling
11000 Pieter Huys
11000 Joseph Yoakum
11000 Benjamin Gerritsz Cuyp
10900 Nagasawa Rosetsu
10900 Melchior Lorck
10900 Károly Ferenczy
10900 Andrei Ryabushkin
10800 Xie Huan
10800 Víctor Manuel García Valdés
10800 Lizzy Ansingh
10800 Donald Sherwood
10800 Charles Alphonse du Fresnoy
10700 Youri Messen-Jaschin
10700 Stanisław Masłowski
10700 Onchi Koshiro
10700 Jacob de Heusch
10700 Henri Bellechose
10700 Hendrick Bloemaert
10700 Altoon Sultan
10700 Aleksandr Gerasimov
10600 Laura Muntz Lyall
10600 J. L. Lund
10600 Gerard Houckgeest
10600 Caroline Chariot-Dayez
10500 Mori Sosen
10500 Grigoriy Myasoyedov
10500 François Quesnel
10500 Cornelis Bisschop
10400 Wolfgang Zelmer
10400 Pietro Faccini
10400 Mikhail Yuryevich Lermontov
10400 Mary Callery
10400 Luo Pin
10400 Kaburagi Kiyokata
10300 Wang Zhongyu
10300 Víctor Manuel García Valdés
10300 Jens Ferdinand Willumsen
10200 Osvaldo Romberg
10200 François Diday
10200 Bryan Organ
10200 Abraham van den Tempel
10100 Zhao Zhiqian
10100 Vlastimil Hofman
10100 Kikuchi Yōsai
10100 Ismail Gulgee
10100 Domenico di Pace Beccafumi
10100 Cornelis Claesz van Wieringen
10000 Ib Eisner
10000 Apollinary Vasnetsov
9970 Raphaël Collin
9960 Jean Malouel
9950 Utagawa Yoshiiku
9940 Carl Hoppe
9930 Willem Jacobsz Delff
9920 Troels Wörsel
9920 Ren Renfa
9900 Frans Koppelaar
9840 Stanislav Zhukovsky
9840 Arent Arentsz
9830 Penleigh Boyd
9810 Zygmunt Vogel
9780 Paul Resika
9780 Laura Wheeler Waring
9770 Jóhannes Sveinsson Kjarval
9770 Franz Cižek
9760 Francesco Bonsignori
9750 Xuande Emperor
9720 William Thon
9710 Vilhelm Bissen
9710 Maxwell Bates
9700 Wladyslaw Strzeminski
9690 Franciszek Smuglewicz
9680 Tytus Czyżewski
9660 Alfred Joseph Casson
9650 Fritz Bultman
9650 Andrey Martynov
9640 Arnold Mesches
9630 Jesús Mari Lazkano
9610 Franciszek Żmurko
9600 Victor Noble Rainbird
9550 James Humbert Craig
9520 Oton Iveković
9490 Nicolas Carone
9490 Abraham van Beijeren
9460 Pogus Caesar
9460 Matej Sternen
9440 Erik Pevernagie
9420 Loren Munk
9370 Matsui Fuyoko
9350 Michael Sittow
9320 William Bliss Baker
9320 Serafino De Tivoli
9320 Howard Kanovitz
9290 Matija Jama
9280 Pieter Jansz van Asch
9260 Zvest Apollonio
9260 Lambert Doomer
9250 Kristian Kreković
9240 Hanabusa Itchō
9230 Júlíana Sveinsdóttir
9210 Susan Elizabeth Rice
9190 Emily Shanks
9180 Katsukawa Shunsen
9180 Cornelis Engebrechtsz.
9180 Balcomb Greene
9160 Dechko Uzunov
9130 Nikolai Yaroshenko
9090 Barthel Bruyn the Elder
9040 Barthélemy d'Eyck
9000 Władysław Czachórski
9000 Milton Menasco
9000 Anton Solomoukha
8990 Tajima Hiroyuki
8950 Sylvester Shchedrin
8950 Helen Dahm
8950 Fern Coppedge
8940 Manfredi Beninati
8930 Thornton Willis
8930 Cornelis Pietersz Bega
8920 Heinrich Maria Davringhausen
8890 Ivan Mrkvička
8860 Emanuel Büchel
8840 Giorgio Giulio Clovio
8830 Oswald Birley
8820 Karel Štěch
8800 Theodore Major
8760 Isaac Grunewald
8760 Bertram Brooker
8720 Edwaert Collier
8710 Jiang Tingxi
8690 Vilhelm Lundstrøm
8660 Abdur Rahman Chughtai
8650 Solomon Gessner
8650 Aoshima Chiho
8630 Otto Morach
8630 Cornelis van Poelenburch
8630 Albert Kotin
8590 Jacob van der Ulft
8560 Fujishima Takeji
8530 Konrad Grob
8530 Hannah Tompkins
8510 Master of Saint Giles
8510 Louis Schanker
8500 Karl Hagedorn
8500 Egon von Vietinghoff
8480 Riza Abbasi
8470 Leona Wood
8470 Fedor Alekseev
8460 Charles McAuley
8450 John Wonnacott
8360 Zygmunt Waliszewski
8340 Leng Mei
8340 Alfons Karpiński
8310 Gaetano Sabatini
8300 Ogata Gekkō
8300 Carlo Mense
8290 John Fabian Carlson
8260 Wu Tao-Tzu
8260 Illarion Pryanishnikov
8240 Michel Kikoine
8230 Karl Zerbe
8220 Gerard Soest
8220 Dirck de Bray
8190 Aleksandr Ivanovich Laktionov
8180 John Frederick Herring, Jr.
8100 Santiago Martinez Delgado
8080 Louisa Chase
8060 Carlos Enríquez Gómez
8040 Thierry Bisch
8040 Antonio Cavallucci
8000 Nakayama Tadashi
7970 Pieter Janssens Elinga
7970 Mario Comensoli
7970 Bohumil Kubista
7950 Louis Pohl
7940 Maki Haku
7940 Aníbal Villacís
7930 Augustus Vincent Tack
7920 Gu Hongzhong
7870 Utagawa Yoshitsuya
7870 Samuel Hieronymus Grimm
7870 Alton Tobey
7820 Mirko Rački
7800 James Bolivar Manson
7800 Iwasa Matabei
7770 Lojze Logar
7770 Johann Gottfried Steffan
7770 Arthur B. Carles
7760 Marcos Restrepo
7760 Charmion von Wiegand
7730 Konrad Krzyżanowski
7720 François Joseph Heim
7710 Pieter Jansz Quast
7690 William Edward West
7690 Willem Hondius
7680 John Souch
7670 Gertrude Greene
7640 Johann Ludwig Aberli
7630 Einar Hakonarson
7610 Hugo Heyrman
7600 Wang Ximeng
7600 Gabrijel Jurkić
7600 August Querfurt
7570 James Gillick
7550 Kees Maks
7520 Vala Ola
7520 Alexander Kucharsky
7470 François Louis Thomas Francia
7460 William Langson Lathrop
7460 Niels Lergaard
7450 Kees Bol
7420 Karl Ballmer
7370 Murakami Kagaku
7350 Ditlev Blunck
7340 Giuseppe Antonio Petrini
7330 Everett Warner
7280 Elena Guro
7260 Takahashi Hiromitsu
7260 Nína Tryggvadóttir
7260 Jacob Toorenvliet
7200 Ma Yuanyu
7190 Franz Hegi
7190 Christian August Lorentzen
7180 Sakai Hōitsu
7130 Shao Mi
7100 Toos van Holstein
7080 Tosa Mitsunobu
7070 Pinchus Kremegne
7070 Ogura Yuki
7050 Nabil Kanso
7020 Abraham Willaerts
6990 Max Magnus Norman
6990 Heinrich Danioth
6980 Ahmed Yacoubi
6960 Oton Gliha
6960 Guillermo Wiedemann
6950 Roy Newell
6950 Johann Christian Brand
6940 Tanomura Chikuden
6940 Jon Coffelt
6930 Konstantin Savitsky
6910 Caspar van Wittel
6900 Johannes Bosschaert
6900 Caro Niederer
6880 Maeda Masao
6840 Ferenc Joachim
6830 Sebastian Spreng
6790 Jan Kupecký
6790 Aleksander Kotsis
6770 Aleksander Kobzdej
6760 Vladimir Vasicek
6720 Hiratsuka Unichi
6720 Charles Codman
6720 Ai-Mitsu
6680 Joris van der Haagen
6680 Franciszek Kostrzewski
6660 Harvey Quaytman
6650 Manuel Ortiz de Zarate
6650 Ettore "Ted" DeGrazia
6640 Hashimoto Gahō
6640 Fedor Rokotov
6620 Václav Vavřinec Reiner
6610 Lydia Field Emmet
6610 Karl Jauslin
6610 Jan Dirksz Both
6610 An Zhengwen
6580 Leonard Ochtman
6580 Gao Qipei
6580 Carl Walter Liner
6570 Giorgio Cavallon
6550 Joseph Heintz the Elder
6550 Erik Ortvad
6540 Edward Avedisian
6520 Oleg Lipchenko
6460 Douglas Bourgeois
6450 Susan Crile
6450 George Bogart
6430 Aloysius O'Kelly
6410 Charles-Amédée-Philippe van Loo
6390 Jacques Sablet
6380 Kanō Motonobu
6370 Andrew Stevovich
6360 Gianfredo Camesi
6350 André Pijet
6320 Leonard Knyff
6310 Luis Marsans
6260 Israel Tsvaygenbaum
6240 Paul Bodmer
6240 Gaspar Mario Cruz
6210 Henri Alphonse Barnoin
6190 Mori Yoshitoshi
6160 Bela Čikoš Sesija
6160 Alexander Deyneka
6150 Zhou Wenjing
6150 Lambert Jacobsz
6140 Itō Shinsui
6130 Amalia Lindegren
6110 Fang Congyi
6090 Yoshihiko Wada
6080 Ignat Bednarik
6070 Wyke Bayliss
6070 Master of the Legend of Saint Lucy
6050 John Elwood Bundy
6030 Algernon Talmage
6020 Utagawa Kunisada III
6020 Frederik Vermehren
5990 Serge Sudeikin
5980 Sally Haley
5950 Zofia Stryjenska
5950 Christoffel van den Berghe
5940 Þórarinn B. Þorláksson
5930 Hendrick Cornelisz. van Vliet
5880 Graham Forsythe
5860 Sigmund Freudenberger
5850 Thomas Wijck
5850 Don Reichert
5840 Charles Furneaux
5820 Utagawa Hirokage
5820 Ihor Podolchak
5810 Emma Andijewska
5800 Szymon Czechowicz
5770 Jacques-François Ochard
5770 Godfrey Blow
5760 Adam Marczyński
5750 Marc-Charles-Gabriel Gleyre
5750 Karel Klíč
5750 Bessie Wheeler
5720 Sam Havadtoy
5710 Radi Nedelchev
5710 Matsumura Goshun
5710 Alén Diviš
5690 Jiao Bingzhen
5690 Genco Gulan
5670 Patrick Pye
5670 Jozef Czapski
5650 Matthijs Naiveu
5650 Clark Voorhees
5640 Hu Zao
5630 Yamashita Kiyoshi
5630 Jacek Sempoliński
5610 D. Howard Hitchcock
5600 Willem Cornelisz Duyster
5580 Ding Yunpeng
5520 Aya Goda
5500 Dirck van der Lisse
5470 Schelte a Bolswert
5460 Louis Eilshemius
5430 Eizan Kikukawa
5420 Nikolaj Abraham Abildgaard
5390 Nikola Avramov
5370 Jan Nieuwenhuys
5370 Esaias Boursse
5360 Aertgen van Leyden
5350 Fikret Muallâ Saygı
5340 Josef Block
5310 Grillo Demo
5300 Camille Souter
5300 Antoni Brodowski
5280 Shunkōsai Hokushū
5270 Frank DuMond
5260 Yamamoto Shōun
5260 Matteo Perez d'Aleccio
5260 German Londoño
5240 Guan Daosheng
5230 Nicolaes Eliaszoon Pickenoy
5230 Félix Arauz
5220 Zlatyu Boyadzhiev
5220 Wen Zhenheng
5220 Jan Symonsz Pynas
5220 Daniël Mijtens
5210 Michelangelo Unterberger
5190 Thomas Aquinas Daly
5180 Alexander Litovchenko
5160 Sesshū Tōyō
5150 Peter Birmann
5140 Tom Palin
5130 Edward Dugmore
5120 Utagawa Yoshitaki
5120 Shunbaisai Hokuei
5110 Lee Gatch
5110 Juriaen van Streeck
5090 Christoph Ludwig Agricola
5060 Mia Brownell
5060 Geoffrey Dyer
5050 Philip de Koninck
5050 Eduard von Steinle
5040 Elbridge Ayer Burbank
5010 Torii Kiyomasu II
4990 Dennis Ashbaugh
4970 Jacob Pynas
4940 Xie Sun
4940 Samuel Birmann
4940 Hans Beat Wieland
4930 Jacques Maroger
4920 Wuzhun Shifan
4910 Willy Finch
4910 Adam Pijnacker
4890 William Edouard Scott
4890 Rainer Maria Latzke
4880 Master of the Embroidered Foliage
4870 Ethel Schwabacher
4850 Marc-Aurèle de Foy Suzor-Coté
4850 Frans van Mieris the Younger
4830 Noe Canjura
4830 George Herbert Baker
4820 Zha Shibiao
4820 Ivan Trush
4810 Jang Seung-eop
4800 Waldo Pierce
4800 Pierre Adolphe Valette
4790 Nicolaes Pieterszoon Berchem
4760 Nikolay Nikanorovich Dubovskoy
4760 Allan Linder
4750 Krzysztof Boguszewski
4740 Yang Weizhen
4740 Betty Merken
4730 Jay Milder
4720 Roger Swainston
4720 Isaac Soyer
4710 Pieter Cornelisz van Slingelandt
4700 Lawrence Calcagno
4700 Hasegawa Settan
4690 Auguste Baud-Bovy
4680 Augustyn Mirys
4640 Paul Emmert
4640 Kazimierz Alchimowicz
4640 Arthur Merric Boyd
4610 Sugimura Jihei
4610 Rodolfo Escalera
4610 Dionisio Baixeras Verdaguer
4600 Antonio Galli Bibiena
4570 Yoshida Tōshi
4560 Alfons von Czibulka
4550 Georges Emile Lebacq
4510 Shigemasa Kitao
4510 Marie-Suzanne Giroust
4500 Okuda Gensō
4500 George Passantino
4490 Carpoforo Tencalla
4480 Relja Penezic
4480 Howard Mehring
4470 Raymond Normand
4440 Caroline Mytinger
4430 Thomas Gambier Parry
4430 Laura Theresa Alma-Tadema
4420 Andrzej Pronaszko
4410 Doug Ohlson
4400 Zou Yigui
4400 Peter Wtewael
4400 Ernest Buckmaster
4390 Xanthus Russell Smith
4390 Inoue Naohisa
4330 Béla Kondor
4320 Ni Yuanlu
4320 Kishida Ryūsei
4290 David Teniers III
4280 J. Ottis Adams
4270 Elizabeth Charleston
4270 Ambrosius Bosschaert II
4250 Juraj Julije Klović
4200 Arthur Quartley
4170 Dirck de Quade van Ravesteyn
4160 Jacob Esselens
4160 Gregorio Prestopino
4140 Umehara Ryūzaburō
4140 Anton Moller
4130 Harry Shoulberg
4120 Nevin Çokay
4110 Hamilton Sloan
4100 Gao Fenghan
4090 Kishi Ganku
4090 John Stuart Ingle
4080 Ulrika Pasch
4070 Julian Hatton
4070 Arnold Brügger
4060 Johann Ludwig Bleuler
4050 Ksenia Milicevic
4040 Kanō Eitoku
4020 Martina Krupičková
4020 Marion Wachtel
4010 Yoshida Chizuko
4010 Roy Petley
4010 Ivan Ranger
4010 Domenico Pozzi
4000 Victor Surbek
4000 Vasile Hutopila
3990 Abraham Bosschaert
3980 Ludovit Fulla
3980 Edward Otho Cresap Ord, II
3970 Wang Shiyan
3940 Johann Jakob Biedermann
3930 Paul Kelpe
3930 Jean Louis Petitot
3930 Arvid Nyholm
3920 William Jennys
3900 Vladimir Baranov-Rossine
3890 Reuben Tam
3890 Leo Leuppi
3870 Otis Kaye
3870 Hendrik Gerritsz Pot
3870 Araceli Gilbert
3860 Hermann Rüdisühli
3810 Marcin Kober
3810 Leo Michelson
3800 Torii Kiyonobu I
3800 Jürg Kreienbühl
3800 Fuller Potter
3790 Zhang Shuqi
3790 Veikko Törmänen
3790 Jan Antonisz. van Ravesteyn
3780 Xiang Shengmo
3770 Jan Tengnagel
3760 Jean Xceron
3740 Tsuchida Bakusen
3740 Barthel Bruyn the Younger
3740 Aldo Pagliacci
3690 Vladimir Dimitrov - Maistora
3690 Tilo Baumgartel
3690 E. Charlton Fortune
3680 Uragami Gyokudō
3670 Sō Shiseki
3660 Lewis Henry Meakin
3650 Thomas Mann Baynes
3630 Gérard Ernest Schneider
3610 Yi Yuanji
3600 Hubert van Ravesteyn
3580 Ono Tadashige
3550 Adolfo Müller-Ury
3540 Adam Manyoki
3530 Kanbun Master
3520 Samuel Dirksz van Hoogstraten
3500 Jean Tabaud
3490 Chinwe Chukwuogo-Roy
3480 Vassily Maximov
3450 Leo Goetz
3450 Juan Fernando Cobo
3430 John Noble Barlow
3420 Torii Kiyomoto
3420 Carl Eytel
3400 Xavier Blum Pinto
3400 Shimomura Kanzan
3400 Carl Frederik von Breda
3390 Ding Guanpeng
3370 Johan Lundbye
3350 John Christopher Wood
3350 Jason Teraoka
3350 Edmund Greacen
3340 Johann Heinrich Bleuler
3330 Rajmund Kanelba
3330 Hishida Shunsō
3320 Zhang Shengwen
3310 Kōno Bairei
3300 Orovida Camille Pissarro
3300 John Fulton Folinsbee
3290 Dieter Borst
3270 Dugald Sutherland MacColl
3260 Yasuda Yukihiko
3260 Marilyn Bendell
3260 Irvin Bomb
3230 Zhan Ziqian
3230 Shiba Kōkan
3220 Kamāl ud-Dīn Behzād
3220 Kailash Chandra Meher
3210 Robert Richenburg
3210 Mary Curtis Richardson
3200 Jan Rustem
3190 Rodolphe Wytsman
3180 Warren Eugene Brandon
3180 Giuseppe Grisoni
3170 Leo Valledor
3170 Jenaro de Urrutia Olaran
3170 Fernand Verhaegen
3150 Zhou Jichang
3140 Kanō Tan'yū
3130 Tommaso Redi
3130 Philip Absolon
3130 McKendree Long
3130 Dóra Keresztes
3120 Tani Bunchō
3120 Judith Jans Leyster
3120 Jack M. Ducker
3120 Bernd Fasching
3110 Walter Stuempfig
3110 Lyn Ott
3100 Art Brenner
3090 Vadym Meller
3090 Frederik de Moucheron
3090 Antonie Palamedesz
3080 Albert Henry Krehbiel
3070 Wen Boren
3070 Johann Rudolf Byss
3060 Zbigniew Nowosadzki
3060 Pieter Mulier II
3050 Robert Griffier
3050 Pietro Pezzati
3050 Otto Frölicher
3050 Jules Robert Auguste
3040 George B. Sutherland
3020 Lisa Nankivil
3020 Hermann Feierabend
3010 Wlodzimierz Tetmajer
3010 Gusukuma Seihō
2990 Andrei Kolkoutine
2980 Oscar Rodríguez Naranjo
2980 Karl Rahl
2970 Rinaldo Cuneo
2960 Master of the Bambino Vispo
2950 Maeda Seison
2950 Hendrick Goudt
2950 Du Qiong
2940 Georg Arnold-Graboné
2930 Ulrich Leman
2920 Youssef Howayek
2910 Sugiyama Yasushi
2910 Lawton S. Parker
2900 Louis Grell
2870 Henry Ives Cobb, Jr.
2870 Gang Hui-an
2870 Cor Melchers
2870 Constance Gordon-Cumming
2870 Constance Gordon Cumming
2860 William Didier-Pouget
2860 Okada Beisanjin
2850 Heinrich Herzig
2850 Gao Kegong
2830 Tommaso Dolabella
2830 Sophie Pemberton
2820 Romano Vio
2810 Roelof van Vries
2810 Hugo Anton Fisher
2810 Henry B. Christian
2810 Andrée Ruellan
2800 Yoshihara Jirō
2790 Lubna Agha
2790 Li Shida
2790 Julius Edvard Marak
2790 Gerrit Adriaenszoon Berckheyde
2770 Hans Leu the Elder
2750 Nicholas Marsicano
2730 Jozef Simmler
2720 Stokely Webster
2710 Gao Cen
2710 Charles Rollier
2700 Carl Arnold Gonzenbach
2690 Anthony Angarola
2670 Cornelia MacIntyre Foley
2660 Yu Zhiding
2640 Hayami Gyoshū
2640 Govert Dircksz Camphuysen
2640 Fujiwara Takanobu
2630 Walenty Wańkowicz
2630 Paul Dirmeikis
2610 Koizumi Junsaku
2610 Kazimierz Wojniakowski
2600 Herb Aach
2600 Hans Sandreuter
2590 Cornelis Verbeeck
2590 André Eugène Louis Chochon
2580 Wilhelmina Weber Furlong
2580 Sardar Sobha Singh
2580 Josep Rovira Soler
2570 Xiao Yuncong
2570 Rafail Levitsky
2560 Maria Johanna Görtz
2540 Totte Mannes
2520 Okada Hanko
2510 Heinz Anger
2500 Chén Chún
2490 Ke Jiusi
2490 Dominique Sanson
2470 JoWOnder
2460 Pedro Álvarez Castelló
2460 André Charles Biéler
2450 Pierre Toutain-Dorbec
2440 Rhea Carmi
2430 Kim Myeong-guk
2410 Veronica Ruiz de Velasco
2390 Ilya Ostroukhov
2390 George Burton Drake
2390 Chen Daofu
2380 The Mazeking
2380 Lorentz Frölich
2380 Gillis Rombouts
2380 Alson S. Clark
2370 Fedot Sychkov
2360 Utagawa Kunimasu
2360 Boleslaw Cybis
2350 Kameda Bōsai
2350 Bernt Tunold
2340 Francis Focer Brown
2330 Yi Jaegwan
2320 Minerva J. Chapman
2310 Sawa Sekkyō
2310 Muriel Brandt
2300 Giovanni Pelliccioli
2290 William Berra
2290 Nadya Rusheva
2290 Kanō Tanshin
2290 John Russell Fulton
2290 James Jarvaise
2280 Ishikawa Kinichiro
2270 Wu Shixian
2270 Sylvia Snowden
2270 Alain Tasso
2260 Fred A. Precht
2250 Roar Kjernstad
2240 Tuvia Beeri
2240 Jakob Emanuel Handmann
2230 Rowena Meeks Abdy
2230 Maria Oriana Galli Bibiena
2230 Boetius Adamsz Bolswert
2220 Quirijn van Brekelenkam
2220 Gatōken Shunshi
2220 Cristache Gheorghiu
2210 Oreste Carpi
2210 Nishida Shunei
2210 Jan Gregoor
2200 Xie Shichen
2200 Ota Masamitsu
2200 Carl Eugen Keel
2190 Pieter Franciscus Dierckx
2180 Normand Baker
2170 Mary Agnes Yerkes
2170 John Nelson Battenberg
2170 Abraham Begeyn
2160 Maksimilijan Vanka
2160 Joop Sanders
2160 Hallsteinn Sigurðsson
2160 Bernat Sanjuan
2160 Augustus Dunbier
2140 Luo Zhichuan
2140 Lev Lvovich Kamenev
2130 Edgar Schofield Baum
2130 Alfred Leyman
2120 Suzanne Duchamp-Crotti
2120 Mary Dignam
2120 Marten Post
2110 Morris Louis Bernstein
2110 Jenny Eakin Delony
2110 Jakub Husnik
2090 William Jacob Baer
2090 Nicomachus of Thebes
2080 Vonn Ströpp
2080 Robert Lee Eskridge
2080 John E. Berninger
2070 Okumura Togyu
2070 Kusumi Morikage
2060 Roy Dalgarno
2060 David G. Sorensen
2040 I Ketut Soki
2030 J. W. Tristram
2030 Gregorius Sickinger
2030 Fujiwara Nobuzane
2020 Leon Kaplinski
2020 Kanō Hōgai
2020 Bian Shoumin
2010 Aimé Barraud
1990 Li Fangying
1990 Itagaki Yoshio
1980 Stanley Twardowicz
1980 Shukei Sesson
1980 Emanuel Witz
1970 Giovanni Paolo Cavagna
1960 Simon Gaon
1960 Sasha Putrya
1950 Leonard Bahr
1950 Ceferí Olivé
1940 Randall Schmit
1940 Felipe Seade
1940 Dietmar Damerau
1940 Charles Ragland Bunnell
1930 Qu Leilei
1930 Hendrick van Streeck
1930 Grace Polit
1920 Ludwik Konarzewski
1920 Itshak Holtz
1910 Watanabe Shōtei
1910 Li Rongjin
1910 Henric Trenk
1900 Willem Pieterszoon Buytewech
1900 Lin Tinggui
1880 Yoshida Hanbei
1880 Fei Danxu
1870 Valerie Petts
1870 Miyagawa Isshō
1870 George Barret, Sr.
1860 Ruslan Korostenskij
1850 S J "Lamorna" Birch
1850 Martins Krumins
1850 Fritz Puempin
1840 Richard Gruelle
1840 Irene Lieblich
1830 Tang Yifen
1830 Eamon Everall
1830 Bartlomiej Strobel
1830 Agnes Lawrence Pelton
1820 Lucy Angeline Bacon
1810 Robert J. Brawley
1810 Bernard Accama
1800 Ingrida Kadaka
1800 Emile Lahner
1800 Catrin G Grosse
1790 Miyagawa Shunsui
1790 Hermione Hammond
1770 Bencho Obreshkov
1760 Vasily Andreevich Tropinin
1760 Stanislaw Samostrzelnik
1760 Clara Weaver Parrish
1750 Master of Affligem
1750 Hu Xieqing
1750 Hidari Jingorō
1750 Chafik Charobim
1740 Meredith Garniss
1740 Lodewijk Bruckman
1740 Henryka Beyer
1740 Alessandro Galli Bibiena
1740 Achille Leonardi
1730 Jin Tingbiao
1720 Saitō Kiyoshi
1720 Kim Eung-hwan
1720 Boris Vladimirski
1710 Werner Andermatt
1710 Pedro Pedraja
1710 Bian Jingzhao
1700 Harold Shapinsky
1700 Cao Buxing
1690 Horatio Nelson Poole
1680 Frank Montague Moore
1680 Frank J. Girardin
1680 Auseklis Ozols
1670 T.K. Padmini
1670 Pieter van Anraadt
1670 Ernest William Christmas
1660 Johann Balthasar Bullinger
1650 Song Maojin
1650 Moses van Uyttenbroeck
1650 Hu Zaobin
1640 Wang Guxiang
1640 Michael Gustavius Payne
1640 Giovanni Battista Innocenzo Colombo
1630 Yamaguchi Kayo
1630 Goyō Hashiguchi
1630 Albert Swinden
1620 Unkoku Togan
1620 Didier Mouron
1610 Wojciech Korneli Stattler
1610 Kanō Masanobu
1600 Johanna Marie Fosie
1590 Zhu Derun
1590 Magdalene Bärens
1590 George Papazov
1590 Genevieve Springston Lynch
1580 Ndoc Martini
1580 Fernando Gerassi
1570 Ramón Piaguaje
1570 Peter Benjamin Graham
1570 Hanabusa Itchō II
1570 Carlo Galli Bibiena
1560 Elias Goldberg
1550 Rafael Ritz
1550 Kiyohara Tama
1550 Juan Carlos Stekelman
1540 Svend Rasmussen Svendsen
1530 Gijsbert Gillisz de Hondecoeter
1520 Vincent Pepi
1520 Ralph Burke Tyree
1520 Miyagawa Chōshun
1510 Maude Kaufman Eggemeyer
1510 Cheng Zhengkui
1500 Munakata Shikō
1500 Ilka Gedő
1500 Hristofor Zhefarovich
1490 Yao Tingmei
1490 Pieter Mulier the Elder
1490 Giuseppe Avanzi
1490 Allen Butler Talcott
1480 Yun Du-seo
1480 Mushanokōji Saneatsu
1480 Byeon Sang-byeok
1470 Vlady Kibalchich Russakov
1470 Tom Carapic
1470 John Doman Turner
1470 Ivan Yakovlevich Vishnyakov
1460 Johannes Mytens
1450 Marcelle Bergerol
1450 František Jakub Prokyš
1450 Cheng Jiasui
1440 Jozef Tominc
1440 Giorgio De Vincenzi
1440 Bissan Rafe
1440 Awataguchi Takamitsu
1430 Porfirio DiDonna
1430 Marie Triepcke Krøyer Alfvén
1420 Inshō Dōmoto
1410 Kaigetsudō Ando
1410 Gillis Claesz. d'Hondecoeter
1400 Władysław Malecki
1400 Eishōsai Chōki
1400 Eduardo Lefebvre Scovell
1400 Dulah Marie Evans
1390 Samuel Washington Weis
1370 Wouter Pietersz Crabeth
1370 Walther Jervolino
1370 Margareta Alströmer
1370 Claude Bonin-Pissarro
1360 Eleanor Layfield Davis
1350 Shin Wui
1340 Walter Leighton Clark
1340 Okamoto Tarō
1340 Anna Maria Barbara Abesch
1330 Matsuno Chikanobu
1330 Kanō Sanraku
1320 Kawai Gyokudō
1310 Marko Vrzgula
1310 De Hirsh Margules
1300 Yi Inmun
1300 Maties Palau Ferré
1300 Jan Henryk Rosen
1290 Johan Edvard Mandelberg
1280 Hugo Sánchez B.
1270 Yang Borun
1270 Sōami
1270 Michalis Oikonomou
1270 Julius Hatofsky
1270 Jozef Szermentowski
1260 Jean-Yves Couliou
1260 Friedrich Traffelet
1260 Dirk Crabeth
1260 Andre de Krayewski
1240 Keratza Vissulceva
1240 Johannes van Haensbergen
1230 Zhang Sengyao
1230 Sheng Maoye
1230 Sergio Burzi
1230 Molly Garnier
1230 L. Alcopley
1230 Hans Eduard von Berlepsch-Valendas
1220 Henri-Julien Dumont
1220 Demetrios Farmakopoulos
1220 Carlos Francisco Chang Marín
1210 Siona Shimshi
1210 Koide Narashige
1210 Joseph Dwight Strong
1210 Dorning Rasbotham
1210 Cui Zizhong
1200 Ludolf Leendertsz de Jongh
1190 James E. Brewton
1180 Richard Pionk
1180 Jóhannes Geir Jónsson
1160 Werner Gutzeit
1160 M. D. Parashar
1160 Ludwig Mestler
1160 Jacek Andrzej Rossakiewicz
1160 Gerald van Honthorst
1150 Sun Kehong
1150 Juergen von Huendeberg
1140 Joseph Morgan Henninger
1130 Nikolai Alekseyevich Kasatkin
1130 Jean Huber Voltaire
1130 Arthur Webster Emerson
1120 Ahn Gyeon
1110 Yang Buzhi
1110 Hendrik Martenszoon Sorgh
1110 Choi Buk
1100 Sun Junze
1100 Sheila McClean
1100 Kaigetsudō Anchi
1100 Abdullah Gërguri
1090 Katsukawa Shunkō I
1090 Alfred Richard Gurrey, Sr.
1080 Jan van Kessel, senior
1070 Konstantin Westchilov
1070 Fyodor Slavyansky
1070 Frank Leonard Brooks
1060 Serhii Vasylkivsky
1060 Koiso Ryōhei
1050 Kanō Shōsenin
1040 Nakahara Nantenbō
1040 Dee Whitcomb
1030 John Ellsworth Weis
1030 Asai Chū
1020 Kawabata Ryūshi
1010 Zhang Zongcang
1010 Derold Page
999 Ambrose McCarthy Patterson
996 Albert J. Welti
991 Caterina Tarabotti
979 Franz Karl Basler-Kopp
965 Li Shixing
965 Kim Deuk-sin
962 George Earl Ortman
960 Lujo Bezeredi
953 Hirosada II
950 Pieter Anthonisz. van Groenewegen
948 William Twigg-Smith
946 José Comas Quesada
942 Cao Zhibai
939 Holger Roed
925 Baiōken Eishun
922 Augustin Meinrad Bächtiger
913 Henricus Hondius II
913 Attila Bernath
910 Karl Pümpin
902 Shingei Geiami
891 August Lemmer
890 Kim Hwan-gi
888 Ryūkōsai Jokei
886 Louise Noack Gray
879 Emil Lindenfeld
875 Shūbun Tenshō
875 Dirk Helmbreker
872 Pierre Laffillé
871 Andries Stock
862 Itō Seiu
859 Giovanni Bernardino Azzolini
858 Gang Se-hwang
856 Hendrik van Steenwijk II
855 Mykola Burachek
854 Uchida Aguri
849 Kelly Sueda
848 Kose Kanaoka
848 Jacob Willemszoon de Wet
844 Kume Keiichirō
826 Edward Ben Avram
826 Delmer J. Yoakum
814 Katō Eizō
813 Tom Scott RSA
812 Francisco de Burgos Mantilla
807 Yanagawa Nobusada
806 Heinrich Bichler
800 Otakar Sedloň
799 George Barret, Jr.
797 Zhou Shuxi
797 Alexander V. Kuprin
786 Nina Petrovna Valetova
785 Claes Corneliszoon Moeyaert
782 Dimitre Manassiev Mehandjiysky
780 Helen Thomas Dranga
778 Gentile Tondino
758 Kanō Sansetsu
745 Shen Shichong
744 Magnus Colcord Heurlin
733 Henry Otto Wix
706 Gu Zhengyi
696 Margaret Leiteritz
694 Maurice Reymond de Broutelles
680 Richard Sedlon
679 Roman Bezpalkiv
679 Hirasawa Sadamichi
677 David Imms
676 Sim Sa-jeong
676 Jakob Häne
655 Robert C. Barnfield
644 Nōami
642 Stanley Matthew Mitruk
633 Naka Bokunen
630 Mym Tuma
626 Domenico Quaglio the Younger
624 Friedrich Ritter von Friedländer-Malheim
609 Lucia Peka
586 Lars Jonson Haukaness
582 Homura Jin
580 Adam Dario Keel
575 Beverly K. Effinger
566 Witold Pruszkówski
553 Caesar Andrade Faini
552 Kanō Naizen
523 Karl Matzek
518 Quirizio di Giovanni da Murano
511 Nagahide Urakusai
510 Tadeusz Pruszkówski
507 Jacopo Baccarini
502 Bholekar Srihari
492 Adolf Ulric Wertmüller
485 Nam Gye-u
480 Zhang Shunzi
474 Arnold Franz Brasz
471 Valeriu Boborelu
469 Satake Yoshiatsu
456 William Pinkney Toler
456 Adélaïde Victoire Hall
452 Hendrik van Steenwijk I
445 Riad Beyrouti
444 Persis Goodale Thurston Taylor
440 Pierre Roland Renoir
433 Arlington Nelson Lindenmuth
428 Tsurumi Atsuko
419 Yasui Sōtarō
416 Josefina Tanganelli Plana
405 Karl Buesgen
389 Kim Du-ryang
389 Barbara Jones Prall
380 Willem Labeij
376 Henrietta Denie
372 Jan van Kessel, junior
371 Hugo Kārlis Grotuss
365 Yi Insang
351 Camille Bouvagne
341 Xia Shuwen
337 George Aleef
322 Tsuji Kakō
316 Shi Zhonggui
239 Leonard G. Kersley
212 Maurice Wiliquet
181 Kōno Michisei
170 Mirabello di Antonio Cavalori
124 Satō Junpei
118 Ashiyuki Gigadō
88 Eizan Harukawa
52 Katō Toichi
49 Teobaldo_Nina_Mamani
43 Itō Ogura Yonesuke
41 Shimamoto Shōzo
34 Shozabūrō
