accelerator
annihilation
antilepton
antimatter
antiparticle
antiquark
atom
axion
barn
baryon
beam
bec
bose
bose-einstein condensate
bose-einstein statistics
boson
bottom
cern
charge
charm
cherenkov
collider
color
colour
conservation
cosmic ray
cp violation
cross-section
cyclotron
dark energy
dark matter
decay
delta
desy
detector
dirac
down
einstein
electromagnetism
electron
electroweak
elementary
eta
ev
fermi
fermi-dirac statistics
fermilab
fermion
feynman
feynman diagram
field
fission
fusion
gamma ray
gauge boson
general relativity
gev
glueball
gluon
grand unified theory
gravitation
graviton
gravity
gut
hadron
higgs
higgs boson
hypercharge
hyperon
isotope
jet
kaon
lambda
large hardron collider
lepton
lhc
linac
linear collider
magnetism
majorana
mass
matter
meson
mev
microwave
mixing angle
molecule
monopole
muon
neutralino
neutrino
neutron
nucleon
nucleus
omega
parity
particle
pauli exclusion principle
pentaquark
photon
pion
plasma
positron
proton
psi
qcd
qed
quantum
quantum chromodynamics
quantum electrodynamics
quantum mechanics
quantum number
quantum theory
quark
radioactive
rest mass
rho
sigma
slac
sno
space-time
speed of light
spin
stable
standard model
strange
string theory
strong
supercollider
superpartner
superstring
supersymmetry
symmetry
synchrotron
tachyon
tau
tetraquark
tev
theory of everything
toe
tokamak
top
uncertainty principle
unstable
up
w
w boson
weak
wimp
xi
z
z boson
beauty
truth
geiger counter
x-ray
alpha
beta
gamma
magnetic monopole
scalar field
