AD
BC
Gregorian calendar
Julian calendar
aalenian
adar
aeronian
afternoon
age
albian
alexandrian
am
analog
analogue
anisian
anno domini
anomalistic
ante meridiem
apr
aptian
aquarius
aquitanian
archean
arenig
aries
artinskian
asselian
atlantic
attosecond
aug
autumn
av
bajocian
barremian
bartonian
bashkirian
basin groups
bathonian
berriasian
bianually
big ben
blancan
boreal
burdigalian
calabrian
calendar
calends
callovian
calymmian
cambrian
campanian
cancer
capitanian
capricorn
carboniferous
carnian
cayugan
cenomanian
cenozoic
century
chanhsingian
chattian
chron
chronology
chronometer
cisuralian
clock
coniacian
cretaceous
cryogenian
cryptic
danian
dapingian
darriwilian
day
dec
decade
devonian
digital
draconic
drumian
early
early imbrian
ectasian
ediacaran
eemian
eifelian
elel
emsian
eoarchean
eocene
eon
epoch
era
eve
evening
fall
famennian
feb
femtosecond
floian
fortnight
fortunian
frasnian
furongian
gelasian
gemini
givetian
gnomon
gorstian
guadalupian
guzhangian
gzhelian
hadean
hauterivian
hettangian
hirnantian
holocene
homerian
hour
hour glass
ides
induan
intercalaris
ionian
iyar
jan
jiangshanian
jul
jun
jurassic
kasimovian
katian
kazanian
kimmeridgian
kislev
kungurian
ladinian
langhian
late
leap second
leap year
leo
libra
lochkoviam
lockportian
lopingian
ludfordian
ludlow
lutetian
maastrichtian
mar
marcheshvan
mesoarchean
mesoproterozoic
mesozoic
messinian
microsecond
midday
middle
midnight
millennium
millisecond
minute
miocene
mississippian
morning
moscovian
nanosecond
nectarian
neoarchean
neocene
neoproterozoic
new year's day
night
nisan
nones
noon
norian
nov
o'clock
oct
olenekian
oligocene
ontarian
ophiuchus
ordovician
orosirian
oxfordian
paibian
paleoarchean
paleocene
paleogene
paleoproterozoic
paleozoic
pendulum
pennsylvanian
period
permian
phanerozoic
piacenzian
picosecond
pisces
pleistocene
pliensbachian
pliocene
pm
pocket watch
post meridiem
pragian
preboreal
precambrian
priabonian
pridoli
proterozoic
quarter
quaternary
quintilis
relativity
rhaetian
rhuddanian
rhyacian
roadian
rupelian
sagittarius
sakmarian
sandbian
sangamonian
santonian
scorpio
season
second
selandian
sep
sept
series 2
series 3
serpukhovian
serravallian
sextilis
sheinwoodian
shevat
sidereal
siderian
silurian
sinemurian
sivan
spring
stage 10
stage 2
stage 3
stage 4
stage 5
statherian
stenian
subatlantic
subboreal
summer
sundial
supereon
synodic
tammuz
tarantian
taurus
telychian
terreneuvian
tevet
thanetian
time
time dilation
tishri
tithonian
toarcian
tomorrow
tonawandan
tonian
tortonian
tournaisian
tremadocian
triassic
tropical
turonian
twilight
tyrrhenian
ufimian
valanginian
virgo
vis\'ean
watch
water clock
week
wenlock
winter
wordian
wuchiapingian
year
yesterday
ypresian
zanclean
zodiac
