#@trees
aalii
acacia
acerola
afghan pear
african baobab
african blackwood
african coralwood
african hackberry
african mahogany
african mulberry
african padauk
african sausage
african scented mahogany
african tulip
african walnut
ailanthus
akee
alakon
alaska birch
alaska cedar
albizzia
alder
alder-leaf birch
alderleaf juneberry
aleppo pine
alexandra palm
algaroba
algerian pear
allegheny chinkapin
allegheny plum
allegheny serviceberry
alligator pear
allspice
almond
almondleaf willow
alpine currant
alpine fir
alpine holly
alpine larch
alpine serviceberry
alternate-leaf dogwood
althea
amabilis
amarelle
amazakoue
ambarella
american basswood
american baywood
american beech
american bladdernut
american chestnut
american dwarf birch
american elder
american elm
american hackberry
american hazel
american hazelnut
american holly
american hornbeam
american mountain ash
american persimmon
american plum
american prickly ash
american smoke
american smokewood
american snowbell
american sycamore
american tamarisk
american tulip
american white birch
american yew
amur chokecherry
amur maple
anchovy pear
ancient bristlecone pine
ancient pine
and pommerac
andean alder
angelim
angiospermous
angiospermous yellowwood
anglojap yew
angular-fruit fig
anhui elm
anise
antarctic beech
apple
apple guava
apricot
arariba
araucaria
arazá
arborvitae
arbutus
arctic willow
argentine mulberry
arishan elm
arizona alder
arizona ash
arizona ironwood
arizona sycamore
arkansas oak
aroeira blanca
arroyo willow
ash
ash-leaf maple
ashby’s banksia
ashe juniper
ashe magnolia
ashe’s birch
ashue
asian nakedwood
asian pear
asian serviceberry
asian wild apple
aspen
atinian elm
atlantic white cedar
atlas cedar
australian baobab
australian blackwood
australian fig
australian nettle
australian pine
australian silver oak
australian strangler fig
australian tea
australian water gum
australian willow myrtle
austrian pine
ausubo
autumn cherry
avocado
bahamian maidenbush
bahamian strongbark
bahamian wild tamarind
bakau minyak
balata
bald cypress
balearic box
balkan maple
balm of gilead
balsa
balsam fir
balsam poplar
balsam willow
banana-leaf fig
banyan
banyan fig
baobab
barbados cherry
bartram juneberry
basket willow
bastard lignum vitae
bastard oak
bastard white oak
bauhinia-leafed acacia
bay cedar
bay willow
bay-leaved willow
bayberry
be-still
beach mulberry
beach plum
bead
beaked hazel
beaked hazelnut
bean
bear oak
bearberry willow
bearded maple
bebb willow
beech
bellfruit
bengal fig
benge
benjamin’s fig
benzi
bergmann’s elm
bermuda cedar
bhutan pine
big
big shellbark
bigcone douglas fir
bigcone pine
bigflower pawpaw
bigleaf magnolia
bigleaf maple
bigleaf snowbell
bigtooth aspen
bigtooth maple
bilimbi
binjai
birch
birch-leaf beech
birch-leaved maple
bird cherry
birdcatcher
biscayne prickly ash
bishop pine
bishopwood
bismarck palm
bitter cherry
bitterbush
bitternut
bitternut hickory
bitterwood
black ash
black berry elder
black birch
black calabash
black cherry
black chokeberry
black cottonwood
black currant
black elder
black hawthorn
black hickory
black ironwood
black locust
black maire
black mangrove
black maple
black mulberry
black oak
black pine
black poisonwood
black poplar
black poui
black sapote
black spruce
black walnut
black wattle
black willow
blackgum
blackhaw viburnum
blackjack oak
blackwood
bloodwood
blue ash
blue berry elder
blue birch
blue douglas fir
blue jacaranda
blue lilly pilly
blue pine
blue spruce
bluegum eucalyptus
bluejack oak
blueleaf birch
bo
boab
bocconia
bog birch
bolivian rosewood
bonduc
bonsai
boswellia carteri
bottle
bottle palm
bottle-tree
bottlebrush buckeye
bough
bourtree
boxelder
boxleaf stopper
bradford pear
brant’s oak
brazil nut
brazilian beefwood
brazilian cherry
brazilian coral
brazilian fire
brazilian guava
brazilian hog plum
brazilian ironwood
brazilian pepper
brazilian rosewood
brazilwood
breadfruit
breadnut
breakax
brewer spruce
brisbane box
bristlecone pine
bristly locust
broad maple
broad-leaved geebung
broadleaf willow
bronze loquat
brown pine
brush cherry
bubinga
buckthorn bumelia
buckwheat
bullace
bullock’s heart
bull’s heart
bunchberry
bunge’s hackberry
bunya-bunya
bur oak
burma padauk
burmese rosewood
burning bush
bush chinquapin
bush poppy
bush willow
butong
butterbough
butterfly-leafed acacia
butternut
button bush
button mangrove
cabbage
cabbage palm
cabbage palmetto
cacahuatl
cacao
cade juniper
cajeput melaleuca
calaba
calabash
calabrian pine
calamus
california bayberry
california black walnut
california fan palm
california incense cedar
california laurel
california live oak
california mountain fir
california nutmeg
california privet
california redwood
california sycamore
callery pear
camellia
camellian rose
campbell's maple
campbell’s maple
camphor
camphor laurel
camwood
canada plum
canada poplar
canada yew
canadian aspen
canadian hemlock
canary island palm
canary island pine
canary wood
candelabra
candlenut
cane palm
canistel
cannonball
canoe birch
canyon live oak
canyon maple
capa prieto
cape box
cape chestnut
cape yellowwood
caper berry
caper bud
caperbush
cappadocian maple
caprifig
capulin
caracolito
carambola
carib wood
caribbean copper plant
caribbean princewood
carob
carolina ash
carolina basswood
carolina buckthorn
carolina cherry laurel
carolina hemlock
carolina holly
carolina silverbell
carolina willow
carrotwood
cas guava
cascara buckthorn
cashew
cashiman
caspian box
cassava
cassia
casuarina
catalina cherry
catalina ironwood
catalpa
catawba rhododendron
catchbird
catclaw acacia
catclaw blackbead
cathaya
cattley guava
caucasian alder
caucasian birch
caucasian hackberry
caucasian maple
caucasian oak
cauliflorus fig
cayenne cherry
cedar
cedar elm
cedar of lebanon
cedro hembra
ceiba
ceibo
celebese fig
celery pine
cevennes black pine
chalk maple
chanca piedra
channel islands tree poppy
chapman oak
chaste
chaulmoogra
chempedak
chenmou elm
cherimoya
cherry
cherry alder
cherry bark elm
cherry birch
cherry laurel
cherry of the rio grande
cherry plum
cherry satinash
cherrybark oak
chestnut
chestnut oak
chestnut-leafed elm
chickasaw plum
chilean cedar
chilean firebush
chilean wine palm
chiloé’s coigue
china
china doll
china fir
chinaberry
chinese banyan
chinese box
chinese chestnut
chinese cockspur thorn
chinese dwarf birch
chinese elm
chinese fan palm
chinese flame
chinese flowering quince
chinese fragrant pear
chinese fringe flower
chinese guava
chinese hackberry
chinese holly
chinese juniper
chinese maple
chinese mulberry
chinese parasol
chinese pea
chinese photinia
chinese pistachio
chinese plum
chinese privet
chinese quince
chinese red birch
chinese serviceberry
chinese swamp cypress
chinese sweetgum
chinese tallow
chinese tree lilac
chinese tulip
chinese weeping willow
chinese white birch
chinese windmill palm
chinese witch hazel
chinese yew
chinquapin
chinquapin oak
chokecherry
christmas bush
christmasberry
cinchona
cinnamon
cinnamonbark
cinnecord
citrange
citron
citrus
civet fruit
cladogram
clammy locust
clementine
cliff date palm
cliftonia
clove
clove lillypilly
clown fig
clusia
cluster fig
coast banksia
coast redwood
coast willow
coastal coral
coastal live oak
coastal plain willow
cobnut
cockspur
cockspur hawthorn
coco de mer palm
coco plum
cocobolo
coconut
coconut palm
coffee
coffee colubrina
coffee senna
coigue
coigüe de chiloé
coihue
cola nut
coliseum maple
colorado pinyon
columbia hawthorn
common alder
common apricot
common beech
common box
common buckthorn
common cherry laurel
common dogwood
common elderberry
common european dogwood
common fig
common flowering quince
common gooseberry
common guava
common hackberry
common hazelnut
common jackfruit
common juniper
common lilac
common lime
common mango
common medlar
common myrtle
common olive
common pagoda bush
common pawpaw
common pear
common privet
common protea
common rowan
common sickle pine
common smoke
common spindle
common sugarbush
common white dogwood
common winterberry
conacaste
confederate rose
conifer
connarus guianensis
cook pine
copper beech
coral
coral bean
coralberry
coralwood
cork
cork elm
cork oak
cornelian cherry
cornelian dogwood
cornish elm
cornish oak
corozo
corsican pine
costa rica guava
cotton
cotton rose
cottonwood
coulter pine
council
courbaril
cow itch
coyote
coyán
crab apple
crabwood
crack willow
cranberry viburnum
cream-of-tartar
creek sandpaper fig
creeping willow
cretan maple
cricket-bat willow
cuban guava
cuban nakedwood
cuban royal palm
cucumber
cucumber magnolia
cudrang
cultivated currant
cunningham beefwood
custard apple
cut-leaf elm
cuyamaca cypress
cypress
cyprus cedar
cyprus oak
dagame
dahoon
dahurian larch
dammar
damson plum
daphne willow
darling plum
dart-poison
date palm
david elm
davidson’s plum
david’s maple
david’s photinia
dawn redwood
deciduous camellia
deep-veined maple
delta post oak
deodar
deodar cedar
desert almond
desert apricot
desert fig
desert peach
devilwood
devil’s walkingstick
dhak
dhawa
diamond pittosporum
dillenia
dipterocarp
dita
divi-divi
dogwood
dotted hawthorn
double coconut
double-winged silverbell
douglas fir
douglas hawthorn
douglas maple
downy birch
downy hawthorn
downy japanese maple
downy rose myrtle
downy serviceberry
dundathu pine
dune willow
durian
durian merah
durian pulu
dutch elm
dwarf birch
dwarf grey willow
dwarf hackberry
dwarf hawthorn
dwarf pawpaw
dwarf serviceberry
dwarf willow
eared willow
east african cedar
east indian fig
eastern arborvitae
eastern baccharis
eastern hemlock
eastern hop hornbeam
eastern persimmon
eastern red berry elder
eastern red cedar
eastern redbud
eastern serviceberry
eastern white pine
ebony
edible bamboo
elegant maple
elephant
elephant-ear
elliottia
elm
empress
engelmann spruce
english elm
english hawthorn
english holly
english oak
english walnut
english yew
ent
entawak
erman’s birch
espino rubial
ethiopian coffee
eucalyptus
eucalyptus maple
european alder
european ash
european aspen
european beech
european black pine
european box
european buckthorn
european dwarf elder
european euonymus
european filbert
european hackberry
european highbush cranberry
european hornbeam
european larch
european mountain ash
european nettle tree
european sloe
european stone pine
european white birch
european white elm
european wild apple
everglades palm
evergreen ash
faber maple
false beech
false elm
false mangrove
false tamarind
fan palm
fanleaf hawthorn
farkleberry
father david’s elm
feather palm
feltleaf willow
fenzl’s maple
fern pine
fetid buckeye
fetid cedar
fetid juniper
feverbark
fevertree
fiddle-leaf fig
field elm
field maple
fig
fig laurel
fir
fir needle
fire cherry
fire willow
fireberry hawthorn
firebush
firewheel
fishtail palm
flamboyant
flame
flame azalea
flatwoods plum
flaxleaf paperbark
fleshy hawthorn
flooded gum
florida anise-tree
florida boxwood
florida buttonwood
florida chinkapin
florida clusia
florida crossopetalum
florida fiddlewood
florida fishpoison
florida hickory
florida licaria
florida maple
florida mayten
florida myrsine
florida pisonia
florida poisonwood
florida privet
florida royal palm
florida soapberry
florida strangler fig
florida tetrazygia
florida toadwood
florida torreya
florida trema
florida willow
florida yew
floss silk
flowerfence poinciana
flowering ash
flowering cherry
flowering currant
flowering dogwood
fluttering elm
fony baobab
formosa alder
formosa palm
formosan alder
forrest’s maple
fortune’s spindle
four-winged silverbell
fourpetal pawpaw
foxglove
foxtail palm
fragrant mango
franklinia
fraser fir
fraser magnolia
fringe
fruit
fullmoon maple
furcraea
fusang
galapagos guava
gallic tamarisk
gamboge
gansu elm
garden plum
garry oak
geebung pine
genipa
georgia hackberry
georgia holly
georgia oak
georgian box
giant arborvitae
giant bamboo
giant bird of paradise
giant chinkapin
giant chinquapin
giant redwood
giant sequoia
giant thevetia
giant tree aloe
giant yucca
ginkgo
girald’s maple
gliricidia
glossy buckthorn
glossy privet
glossy willow
gnetum
goat willow
gold coast bombax
gold medallion
golden apple
golden chinquapin
golden conebush
golden currant
golden dewdrop
golden fig
golden larch
golden trumpet
golden wattle
golden weeping willow
goldenchain
goldenrain
goncalo alves
goodyer’s elm
gooseberry fig
graham’s cassava
grand fir
grandidier’s baobab
granjeno
grapefruit
gray alder
gray aspen
gray birch
gray dogwood
gray pine
great morinda
great rhododendron
great yucca
greek juniper
greek maple
green alder
green ash
greenheart
grey alder
grey birch
grey elm
grey mangrove
grey willow
grey-leafed elm
grosser’s maple
ground holly
groundsel bush
guadaloupe blackbead
guadalupe palm
guama
guamanian cycad
guatemalan fir
guava
guernsey elm
guiana plum
guindo
guinea guava
guinea pepper
gulf graytwig
gum
gum bumelia
gum maple
gumbo-limbo
gumichama
gutta-percha
guttapercha mayten
gymnospermous
gymnospermous yellowwood
hackberry
hagberry
hainan box
hairy birch
harbin elm
harbinese elm
hard beech
harland’s box
harpullia
hawaiian bottlebrush
hawthorn
hawthorn maple
hawthorn-leaved maple
hazel
hazel alder
hazelnut
heartleaf birch
heartleaf willow
heavenly bamboo
hebei elm
hedge apple
hedge gooseberry
heldreich’s maple
hemlock
henry’s box
henry’s maple
hercules’ club
hevea
hickory
highbush blueberry
highbush cranberry
hills oak
himalayan alder
himalayan birch
himalayan box
himalayan elm
himalayan mango
himalayan maple
himalayan pine
himalayan yew
hinoki false cypress
hoary elm
hoary willow
hog plum
holly
holly-leaved cherry
honduran rosewood
honey locust
honey mesquite
hooker willow
hoop pine
hop
hop hornbeam
hornbeam
hornbeam maple
horned maple
horse chestnut
horse mango
horse sugar
horseradish
horsetail
horsetail casuarina
hortulana plum
hubei hackberry
huisache
huisachillo
humbert’s box
hummingbird bush
hunan maple
hungarian oak
huntingdon elm
huon pine
hydnocarpus laurifolia
ice cream bean
ice-cream bean
idesia
ilang-ilang
imbu
incense
incense cedar
indian almond
indian banyan
indian beech
indian blackwood
indian coral
indian ebony
indian fig
indian gooseberry
indian hawthorn
indian mango
indian mulberry
indian pisonia
indian rosewood
inga
inkwood
inu-biwa
inumaki
ipoh
ipê-branco
iron
ironwood
itajii chinkapin
italian alder
italian cypress
italian maple
ivory
ivory nut palm
jaboticaba
jack
jack pine
jackfruit
jamaica dogwood
jamaica quassia
jamaican caper
jamaican cherry
jamaican dogwood
jamblang
jambu bol
jambul
jamun
japanese alder
japanese angelica
japanese apricot
japanese aralia
japanese beech
japanese black pine
japanese box
japanese camellia
japanese cedar
japanese cherry
japanese cherry birch
japanese chestnut
japanese chinkapin
japanese elm
japanese fig
japanese flowering crabapple
japanese flowering quince
japanese gooseberry
japanese hackberry
japanese larch
japanese linden
japanese loquat
japanese maidenhair
japanese maple
japanese medlar
japanese oak
japanese pagoda
japanese persimmon
japanese photinia
japanese privet
japanese red pine
japanese spindle bush
japanese stewartia
japanese tree lilac
japanese umbrella pine
japanese yew
japanese zelkova
jatoba
java apple
javanese hog plum
jeffrey pine
jelecote pine
jelly pindo palm
jersey elm
jerusalem-thorn
jinmenju
joewood
joshua
jubokko
judas
jujube
jumby bead
juneberry
juniper
juniper berry
kaffir boom
kaffir date
kaffir fig
kaffir plum
kahikatea
kakaw
kalpa
kalukoi
kapok
kashmir elm
kashmir rowan
katsura
kauri pine
kawaka
kawakam evergreen pear
kawakam pear
kawakami maple
kenai birch
kentia palm
kentucky coffee
kentucky yellowwood
kermes oak
keteleeria
ketembilla
keurboom
kiawe
king billy pine
king dryandra
king palm
king protea
king william pine
kingwood
kino
klinki
knobcone pine
koa
koehne evergreen pear
koehne pear
kola
korean hackberry
korean lacebark elm
korean maple
kousa dogwood
kowhai
kumquat
kusamaki
kuweni mango
kuwini
kwai muk
kyushu maple
lacebark
lacebark elm
lady palm
lai
lakoocha
lance-leaf buckthorn
lanceleaf cottonwood
lancewood
lanseh
lapacho blanco
larch
large gallberry holly
large-fruited elm
large-leaved basswood
laurel
laurel fig
laurel oak
laurel willow
laurelin
laurelwood
lava fig
lawson false cypress
lead
leadwood
leatherleaf
leatherleaf maple
lebbeck
lehua
lemon
lemon guava
lemon-scented gum
lemonwood
lenga
lenga beech
lepidobotrys
leyland cypress
lightwood
lignum vitae
lilac
lily magnolia
limber caper
limber pine
lime
lime-leaved maple
linden
lindheimer hackberry
liquidambar
litchi
little-leaf cyrilla
little-leaf fig
littleaf stopper
littleleaf eugenia
littletree willow
live oak
llanos palmetto
lobel’s maple
loblolly bay
loblolly pine
lock elm
locust
lodgepole pine
lofty fig
logwood
lombardy poplar
london plane
long key locustberry
long peduncled alder
long-leafed yellowwood
long-lived pine
long-stalk stopper
longan
longleaf blolly
longleaf pine
longspine acacia
looking glass
looking-glass plant
loquat
lote
love apple
lovely shadbush
low shadbush
lucky nut
macadamia
macadamia integrifolia
macadamia nut
mackenzie willow
madaga
madagascan box
madagascar baobab
madagascar olive
madagascar rosewood
madrone
magellan’s beech
magenta cherry
magenta lillypilly
magnolia
mahaleb
mahogany
maidenberry
majesty palm
malagasy sago palm
malay apple
malay gooseberry
malaysian mango
maldive coconut
maldive fig
mallee
mallee pine
mama-cadela
mammee apple
manchineel
manchurian birch
manchurian elm
manchurian maple
manchurian viburnum
mandarin
mandarin melonberry
manglietia
mango
mangosteen
mangrove
mangroveberry
manihot
manila tamarind
manioc
manitoba maple
manna ash
maple
marang
marasca
marblewood
maria
maritime pine
markhamia
marlberry
marmalade
marumi
marupa
mastic
matai
mauritian fig
maximowicz’s maple
may haw
may hawthorn
mayan pear
mayeng
meadow willow
mediterranean cypress
mediterranean fan palm
mediterranean olive
medlar
merbatu
mescal bean
metasequoia
methuselah pine
mexican alder
mexican alvaradoa
mexican bird-of-paradise
mexican blue palm
mexican elm
mexican fan palm
mexican mulberry
mexican palo verde
mexican pinyon
mexican plum
mexican yew
mezereon
micronesian cycad
midland hawthorn
milkbark
millettia
milo
mimosa
mindanao gum
miro
mistletoe fig
miyabe’s maple
mock orange
mockernut
mockernut hickory
mombin
monarch birch
monkey jackfruit
monkey-puzzle
monkeybread
monkeypod
monterey cypress
monterey pine
montezuma
montezuma cypress
montpelier maple
moore’s antarctic beech
moose maple
moosewood
morado
morello
moreton bay chestnut
moreton bay fig
moreton bay pine
morinda spruce
moringa
moundlily yucca
mountain alder
mountain apple
mountain ash
mountain ebony
mountain fir
mountain guava
mountain hemlock
mountain holly
mountain laurel
mountain maple
mountain paper birch
mountain serviceberry
mountain stewartia
mountain willow
mountain winterberry
mousehole
mpingo
msasa
mt. etna hackberry
mugho pine
muhuhu
mulberry
mulga acacia
mullein nightshade
mullumbimby plum
murray river cypress-pine
myoporum
myrrh
myrtaceous
myrtle
myrtle beech
myrtle oak
myrtle-leaved cherry laurel
myrtle-leaved holly
myrtle-of-the-river
mysore fig
naboom
nagi
nakai
naked coral
naked possumhaw
naked possumhaw viburnum
nakedwood
nalita
nannyberry
narrow-leaf gimlet
narrow-leaved elm
narrow-leaved geebung
narrowleaf cottonwood
narrowleaf fig
nashi pear
natal box
natal coral
natal cycad
necklace
nectarine
neem
nepal mango
nepalese alder
net-leaved hackberry
netted pawpaw
new mexican locust
new world sago palm
new zealand christmas
newfoundland dwarf birch
ngaio
nicaragua wood and ibirapitanga
nikau palm
nikko elm
nikko maple
nile tulip
nipa palm
nippon maple
nippon spiraea
nitta
noble fir
nootka false cypress
nordmann fir
norfolk island hibiscus
norfolk island palm
norfolk island pine
north american gooseberry
north queensland davidson’s plum
northern catalpa
northern cypress-pine
northern hackberry
northern pin oak
northern rata
northern red oak
norway maple
norway spruce
nut
nutmeg
nutmeg hickory
nuttall oak
nyekak
oak
oak chestnut
obeche
octopus
odorless bayberry
odorless frangipani
ogeechee lime
ogeechee tupelo
oglethorpe oak
ohio buckeye
old world turpentine
oleander
oleander-leaf fig
oleander-leaf podocarp
oleaster
oleaster-leaf pear
olive
olive moringa
oliver’s maple
one-seeded hawthorn
opepe
orange
orchard apple
oregon ash
oregon cedar
oregon crabapple
oregon maple
oregon white oak
oriental alder
oriental cedar
oriental hackberry
oriental plane
oriental sweetgum
oriental trema
osage orange
osier
osier willow
osmanthus
otaheite apple
oval-leaf velvetseed
ovangkol
overcup oak
ozark chinkapin
pacific azalea
pacific crabapple
pacific flowering dogwood
pacific mountain ash
pacific red berry elder
pacific rhododendron
pacific serviceberry
pacific silver fir
pacific willow
pacific yew
padauk
paeng-na-mu
pahautea
painted buckeye
painted maple
pale hickory
pale lidflower
palm
palmetto
palo de gusano
palo santo
palo verde
pandanus
papaya
paper birch
paper mulberry
paperbark maple
para rubber
paradise
paraná pine
parapara
parry pinyon
parsley hawthorn
pará rubber
pau de pernambuco
pau ferro
pau rosa
pau-brasil
paulownia
pawpaw
pea shame
peach
peach mango
peachleaf willow
pear
pear hawthorn
pecan
pedalai
pedunculate oak
pejibaye palm
pencil
pencil pine
pepper
pepper cinnamon
pera morada
pernambuco tree
perrier’s baobab
persian oak
persian walnut
persimmon
peruvian balsam
peruvian guava
peruvian oleander
peruvian pepper
philippine fig
philippine mahogany
physic nut
pickling mango
pidgeon plum
pigeon berry
pignut
pignut hickory
pin cherry
pin oak
pinckneya
pincushion
pincushion bush
pine
pineapple guava
pingan
pink melaleuca
pink orchid
pink trumpet
pink-ball
pink-flowering ironbark
pino macho
pinon
pinon pine
pinxterbloom azalea
pinyon
pipturus albidus
pistachio
pitanga
pitch apple
pitch pine
pitomba
plains cottonwood
plane
planertree
plot’s elm
plum
plum rose
plum-fruited yew
plum-yew
plumcot
plymouth pear
podocarp
poet’s laurel
pohutukawa
poison sumac
polecat
pomegranate
pomelo
pond apple
pond cypress
pond pine
ponderosa pine
pontic rhododendron
ponytail palm
poon
poplar
port jackson fig
port orford cedar
portia
portuguese cherry laurel
possumhaw
possumhaw holly
possumhaw viburnum
post oak
potato
powdery cycad
prairie acacia
prairie banana
prairie crabapple
prairie plum
prairie willow
prickly ash
prickly caper
prickly cedar
prickly gooseberry
prickly juniper
primrose
prince albert yew
princess
princewood
protium guianense
protium heptaphyllum
pseudo-hackberry
pubescent oak
pudau
puerto rican hat palm
puerto rico mountainbay
puka
pukanui
pulasan
pumelo
pumpkin ash
purple anise
purple apricot
purple laurel
purple orchid
purple osier willow
purple tabebuia
purple trumpet
purple-leaf acacia
purpleheart
pursh
pussy willow
pygmy date palm
pyramid
pyramid magnolia
pāpala kēpau
quaduple-winged silverbell
quail berry
quaking aspen
quandong
quassia
queen palm
queen's crape myrtle
queensland bottle
queensland kauri
queensland nut
queensland pittosporum
quince
quinine
quira
quiver
raffia palm
rain tree and monkeypod
rambutan
rangpur
raywood ash
red alder
red ash
red bay
red beech
red birch
red bird-of-paradise
red buckeye
red chokeberry
red currant
red elm
red frangipani
red hickory
red ironwood
red kauri
red mangrove
red maple
red mombin
red mulberry
red oak
red osier
red osier dogwood
red pine
red river gum
red sandalwood
red sanders
red silk-cotton
red snakebark maple
red spruce
red stopper
red tip
red tip photinia
red-bud maple
red-flowered silk cotton
red-flowering currant
red-flowering gum
red-twigged serviceberry
redberry stopper
redbud
redvein maple
retem
rewa-rewa
ribbon
ribbon fan palm
riberry
rimu
river banksia
river birch
roble
robust eucalyptus
rock chestnut oak
rock elm
rock fig
rocky mountain juniper
rocky mountain maple
rose acacia
rose apple
rose chestnut
rose clusia
rose gum eucalyptus
rose mallee
rose-of-sharon
rosea lilac
rosebay rhododendron
rosewood
rosy trumpet
rottnest island pine
rough strongbark
rough-leaf velvetseed
rough-shelled macadamia
roughleaf dogwood
roundleaf birch
roundleaf serviceberry
roxburgh fig
royal palm
royal poinciana
rubber
rubber fig
russian elm
russian olive
rusty blackhaw
rusty fig
rusty viburnum
sacred bamboo
sacred fig
saffron plum bumelia
sago palm
saipan mango
salai
saligna eucalyptus
sallow
salt cedar
saman
san jose hesper palm
sand cherry
sand hickory
sand live oak
sand pear
sand post oak
sandankwa
sandankwa viburnum
sandbar willow
sandhill pine
santa lucia fir
santa maria
sapodilla
sartre guava
sarvis holly
saskatoon
sassafras
satin oak
satin willow
satinleaf
satinwood
satiny willow
satsuma
saucer magnolia
savin juniper
saw palmetto
sawara false cypress
sawtooth oak
scarlet firethorn
scarlet hawthorn
scarlet oak
scarlet wisteria
scotch pine
scots elm
scots pine
scouler willow
screw bean
screwpine
scrub beefwood
scrub cypress pine
scrub hickory
scrub oak
scrub pine
sea beam
sea buckthorn
sea hibiscus
seagrape
seaside alder
seaside mahoe
senegal date palm
september elm
sequoia
serbian spruce
serpent
serviceberry holly
sessile oak
seven-year apple
shadblow serviceberry
shaddock
shagbark
shagbark hickory
shallow-lobed oak
shandong maple
shareefah
shaving-brush
shedua
shellbark hickory
shingle
shingle oak
shining willow
shiny locustberry
shiny sandpaper fig
shiny sumac
shiny willow
shirasawa's maple
shore pine
shortleaf pine
showy mountain ash
shrubby oak
shumard oak
siala
siberian alder
siberian crabapple
siberian elm
siberian fir
siberian larch
siberian pea
siberian pear
siberian silver birch
sichuan birch
sicilian hackberry
siebold’s maple
sierra lodgepole pine
sierra plum
silk
silk oak
silkworm thorn
silky camellia
silky cornel
silky dogwood
silky stewartia
silky willow
silver
silver ash
silver beech
silver bell
silver birch
silver buffalo berry
silver dollar
silver dollar gum
silver fir
silver lime
silver maple
silver princess mallee
silver wattle
silver willow
silverberry
silverleaf
silverling
silverthorn
silvertree
simon poplar
simpson's stopper
singapore frangipani
single-flower hawthorn
single-leaf pine
sissoo
sitaphal
sitka alder
sitka mountain ash
sitka spruce
sitka willow
skutch’s maple
skyflower
slash pine
slender lady palm
slimleaf pawpaw
slippery elm
small-fruited macadamia
small-leaf fig
small-leaf viburnum
small-leaved basswood
small-leaved lillypilly
small-leaved linden
smallflower pawpaw
smooth alder
smooth bark kauri
smooth box
smooth davidson’s plum
smooth devil’s claws
smooth geebung
smooth serviceberry
smooth sumac
smooth winterberry
smooth-leaved elm
smooth-shelled macadamia
smoothbark maple
snow gum
snow pear
snowmound
snowy mespilus
soapberry
soldierwood
sonoran palmetto
sorrel
souari
sour cherry
sour orange
sourwood
south african wild pear
south african wild plum
south china birch
southampton elm
southern bayberry
southern beech
southern catalpa
southern crabapple
southern hackberry
southern hawthorn
southern live oak
southern magnolia
southern plum
southern rata
southern red cedar
southern red oak
southern sugar maple
southern white cedar
southwestern white pine
spanish bayonet
spanish cedar
spanish elm
spanish fir
spanish hog plum
spanish lime
spanish maple
spanish tamarind
sparkleberry
spatulate hawthorn
speckled alder
spice
spiked cabbage
spindle palm
spiny fiddlewood
spiny hackberry
spotted elaeagnus
spreading elm
spruce
spruce pine
spurge laurel
squashberry
squashberry viburnum
staghorn sumac
star anise
star apple
star fruit
star gooseberry
star magnolia
stemma
sterculia
stern’s medlar
stick
stiff cornel dogwood
stinking cedar
stinking juniper
stone pine
storax
stranvaesia photinia
strawberry
strawberry guava
stringybark
striped maple
suarez baobab
succulent hawthorn
sugar gum
sugar hackberry
sugar maple
sugar pine
sugar-apple
sugarberry
sugarbush protea
sumatran yew
sundacarpus amara
surinam cherry
swamp bay
swamp birch
swamp blackgum
swamp chestnut oak
swamp cottonwood
swamp cyrilla
swamp dogwood
swamp laurel oak
swamp pine
swamp privet
swamp tupelo
swamp white oak
swamp willow
swan river peppermint
swedish whitebeam
sweet acacia
sweet bay laurel
sweet birch
sweet cherry
sweet chestnut
sweet crabapple
sweet gallberry
sweet lemon
sweet orange
sweet osmanthus
sweet pepperbush
sweetbay
sweetgum
sweetleaf
sweetsop
swiss mountain pine
swiss pine
swiss stone pine
sycamore
sycamore fig
sycamore maple
sydney golden wattle
syrian alder
syrian juniper
syrian maple
szechuan elm
table mountain pine
table-mountain pine
tabonuco
tag alder
tagua palm
tahitian apple
tahitian gooseberry
tahitian noni
tail-leaf maple
taiwania
tala
tamarack
tamarind
tamarisk
tanbark oak
tangelo
tangerine
tanoak
tarwood
tatar maple
tawa
tawnyberry holly
tea camellia
tea plant
teak
tecate cypress
telperion
temple
temple orange
terebinth
texas mulberry
texas persimmon
texas sophora
thai mango
thai mountain fishtail palm
thick-rinded fig
thicket serviceberry
thin-leaf alder
thorny kiawe
thorny olive
three-flowered maple
tibig
tipu
titi
tolu
tonka bean
toog
toothbrush
tornillo
torrey pine
torrey’s yucca
tortilis
totara
tough bumelia
tourist
trautvetter’s maple
traveler’s
traveler’s palm
tree
tree cotoneaster
tree cotton
tree heath
tree lyonia
tree of heaven
tree poppy
tree tobacco
triangle fig
triangle palm
trident maple
trifoliate orange
tropical hydrangea
true mahogany
true service
trumpet
trumpetwood
tulip
tulip magnolia
tulipwood
tung
tupelo
turkey oak
turkish hazel
turreae
twinberry
two-winged silverbell
ukurundu maple
umbrella
umbrella magnolia
umbrella pine
umbú
unedo strawberry
upas
upland willow oak
utah serviceberry
uvalha
vahl’s box
variegated skyflower
variegated weeping fig
varnish leaf
velvet maple
venetian sumac
viburnum
vine maple
vine-leaved maple
violet willow
virginia birch
virginia pine
virginia stewartia
wahoo
walen
walnut
waratah
washington hawthorn
water birch
water elm
water hickory
water locust
water oak
wax apple
wax myrtle
wayfaring viburnum
weeping acacia
weeping beech
weeping birch
weeping bottlebrush
weeping fig
weeping pear
weeping willow
wenge
west himalayan spruce
west indian birch
west indian false boxwood
western australian peppermint
western azalea
western birch
western black willow
western chokecherry
western flowering dogwood
western hemlock
western juniper
western larch
western redbud
western soapberry
western spindle bush
western white pine
wheatley elm
wheel
whiplash willow
white alder
white ash
white basswood
white birch
white cypress-pine
white elm
white false cypress
white fig
white fir
white frangipani
white ironwood
white linden
white maire
white mangrove
white mulberry
white oak
white orchid
white pine
white popinac
white poplar
white prickly ash
white spruce
white stinkwood
white stopper
white walnut
white willow
white-barked himalayan birch
white-flowered rhododendron
whitebark pine
whitebeam
whitehaw
wiegand’s serviceberry
wild apple
wild cassava
wild cherry
wild china
wild crape myrtle
wild dilly
wild fig
wild goose plum
wild mango
wild medlar
wild plum
wild privet
wild senna
wild service
wild tamarind
wild-lime prickly ash
willow
willow bustic
willow oak
willow-leaf cherry
willow-leaf fig
willow-leaf pear
willow-leafed peppermint gum
wilson’s elm
wilson’s maple
wing nut
winged elm
winged euonymus
winged spindle
winged sumac
wingleaf soapberry
winter cinnamon
winter creeper euonymus
winter thorn acacia
winter's bark
wisconsin weeping willow
witch elm
witch hazel
wollemi pine
woman’s tongue
woolly pawpaw
wych elm
xanthoceras
yacca
yagrumo hembra
yagrumo macho
yatay pindo palm
yaupon
yaupon holly
yellow anise-tree
yellow bells
yellow birch
yellow buckeye
yellow cedar
yellow cypress
yellow elder
yellow hawthorn
yellow mombin
yellow oleander
yellow palm
yellow pine
yellow poplar
yellow tabebuia
yellow willow
yellow-fever
yellow-leaf sickle pine
yellow-stem fig
yellowwood
yew
yggdrasil
yukon birch
yukon white birch
yunnan box
yunnan maple
za baobab
zaragoza mangrove
zebrawood
zhe
zigba
zulu fig
ñire
ʻōhiʻa lehua
