Acre
Actium
Adrianople
Aegates Islands
Afghan
Afghanistan
Afghanistan Civil
Agincourt
Albuera
Alesia
Alexander the Great
Algerian
Allia
American Civil
American Revolution
Amiens
Anglo-Cherokee
Anglo-Spanish
Angolan
Antietam
Apache
Aprista
Arab
Arab-Israeli
Argentina
Arras
Arsuf
Ascalon
Asir-Yemen
Aspern-Essling
Austerlitz
Badajoz
Balochistan Insurgency
Bangladesh
Barnet
Bautzen
Bay of Pigs
Beaver
Beaver Dams
Belleau Wood
Bennington
Bentonville 
Berlin Airlift
Bismarck Sea
Bizerte Crisis
Black Hawk
Black Hills
Blackshirts
Bladensburg
Blore Heath
Bolivian Revolution
Bombing of Guernica
Borodino
Bosnian
Boston
Bosworth Field
Boudica's Uprising
Boxer Rebellion
Boyne
Brandywine
Brazilian Revolt
Britain
Buena Vista
Bulge
Bunker Hill
Burmese
Burmese-Siamese
Burundi Civil
Bushy Run
Caco Revolt
Caesar's Civil
California Indian
Cambodian Civil
Cambrai
Camden
Cameroon
Cannae
Cape Finisterre
Cape St. Vincent
Caporetto
Carillon
Castillon
Cerro Gordo
Chaco
Chad Civil
Chadian-Lybian
Chalons
Chancellorsville
Changkufeng Incident
Chapultepec 
Chattanooga
Chechnyan
Cheju Rebellion in South Korea
Cheyenne
Chickamauga
Chickasaw
Chilean MIlitary Coup
Chinese
Chinese Civil
Chinese Cultural Revolution
Chinese Revolution
Chippawa
Civil War in C\^ote d'Ivoire
Civil War in Mandatory Palestine
Comanche Campaign
Comanche-Mexico
Congo Brazzaville Civil
Congo Crisis
Conquest of Mongolia
Conquistador Civil War in Peru
Copenhagen
Coral Sea
Corinthian
Corunna
Costa Rican Civil
Cowpens
Cr\'ecy
Creek
Cretan
Crimean
Cristero
Croatian
Croatian-Serbian
Crysler's Farm
Cuban Revolution
D-Day
Dak To
Dien Bien Phu
Dominican Republic Coup
Domstadtl
Donbass
Doolittle Raid
Druze revolt
Dunkirk Evacuation
Dutch-Achinese
Dutch-Portuguese
Easter Offensive
Edgecote
Eighth Crusade
Eighty Years'
El Salvador
English Civil
Eritrea-Ethiopia
Escobar Rebellion
Estonian Liberation
Ethiopia-Oromia
Eylau
Falklands
Fall of Saigon
Fifth Crusade
Finnish Civil
First Anglo-Dutch
First Balkan
First Barons'
First Battle of Bull Run
First Battle of the Marne
First British-Waziristan
First Chinese Warlord
First Congo
First Crusade
First English Civil
First Fox
First Gulf
First Kashmir
First Kurdish–Iraqi
First Lebanese
First Opium
First Punic
First Rwanda Civil
First Sino-Tibetan
Football
Formigny
Fort Donelson
Fort McHenry
Fort Necessity
Fort Sumter
Fourth Central American
Fourth Crusade
Franco-Spanish
Franco-Syrian
Franco-Thai
Fredericksburg
French Conquest of Wadai Sultanate
French Revolution
French Revolutionary
French and Indian
Friedland
Gallic
Gallipoli
Gaugamela
Gaza
Georgian Civil
Germantown
Gettysburg
Gothic
Great Meadows
Great Northern
Great Sioux
Great Turkish
Greek
Greek Civil
Greek Punic
Green Rebellion
Grunwald
Guadalcanal
Guatemalan Civil
Guilford Court House
Guinea Bissau
Gulf
Haitian Revolution
Hamburger Hill
Hampton Roads
Harlem Heights
Hastings
Hattin
Herrings
Hohenlinden
Honduras Coup
Hundred Years'
Hungarian-Romanian
Hungary Civil
Hunnic Invasions
Hussite
Hutu Rebellion
Hutus-Tutsis
Ia Drang
Ikhwan Revolt
Ilinden Uprising
Inca Civil
India-Pakistan
Indo-Hyderabad
Indonesian
Iran-Iraq
Iranian Constitution
Iranian Revolution
Iraq
Iraq-Kurdistan
Iraq-UK
Iraq-US led coalition
Iraqi Insurgency
Ireland freestaters
Irish
Iroquois
Israel-Egypt
Israel-Palestine
Italo-Ethiopian
Italo-Turkish
Ituri Conflict
Jacobean Rising in Scotland
Java
Jenkins' Ear
Jerusalem
Jutland
Kadesh
Kashmir Dispute
Kasserine Pass
Khalkhin Gol
Khe Sanh
Khmer Rouge
King George's
King Philip's
King William's
Kings Mountain
Kivu Conflict
Korean
Kosovo
Koumintang
Kronstadt Rebellion
Kuomintang
La Violencia
Lake Erie
Lake George
Lake Trasimene
Landings at Inchon
Laos Civil
Latvian Liberation
Lebanese Civil
Lepanto
Leuthen
Lexington and Concord
Leyte Gulf
Liberia Civil
Libyan Civil
Lissa
Lithuanian-Polish
Lombardy
Long Island
Louisbourg
Lundy's Lane
Lutzen
Macedonian
Madagascar Rebellion
Maji Maji revolt
Malayan Civil
Manchurian
Marathon
Marengo
Mau Mau Uprising
Messines
Meuse-Argonne Offensive 
Mexican
Mexican Drug
Mexican Revolution
Mexican-American
Midway
Milvian Bridge
Mithridatic
Monmouth
Monongahela
Mons
Monterrey
Montgisard
Moplah Riots in Kerala
Moro Rebellion
Moroccan
Mosul uprising in Iraq
Mozambique
Munda
Nagorno-Karabakh
Namibia-South Africa
Napoleonic
Navajo
Nejd-Hejaz
Nepal Civil
New Orleans 
Nez Perce
Nicaragua-Contras
Nicaraguan-Sandinistas
Nigeria-Boko Haram
Nigerian Civil
Nile
Nine Years'
Ninth Crusade
Norman conquest of England
Normandy
North Point
North Yemen Civil
Northampton
Northern Expedition
Northwest Indian
Okinawa 
Operation Market-Garden
Operation Michael
Orl\'eans
Ottoman Civil
Ottoman-Venetian
Palo Alto
Panama Coup
Paraguay Coups
Parthian
Patay
Peach Tree
Pearl Harbor
Peasant revolt in Flanders
Peloponnesian
Pequot
Perryville
Persian
Peru-Sendero Luminoso
Petersburg
Pharsalus
Philippi
Philippine insurrection
Poitiers
Polish-Soviet
Polish-Swedish
Polish-Teutonic
Poltava
Pontiac's
Portugese war against Dembos
Princeton
Punic
Pydna
Quasi-War
Quebec
Queenston Heights
Raid on Son Tay
Red Cloud's
Resaca de la Palma
Roman Civil
Roman Empire
Roman Republic
Roman Servile
Roman conquest of Britain
Roman-Syrian
Romanian Peasant Revolt
Romanian Revolution
Rossbach
Rum Rebellion
Russia-Turkestan
Russian Civil
Russian Revolution
Russo-Crimean
Russo-Japanese
Russo-Persian
Russo-Swedish
Rwanda Civil
Salamis
Samnite
Saratoga
Saudi-Yemeni
Saxon
Saya San Rebellion
Scottish
Second Afghan Anti-Reform
Second Balkan
Second Battle of El Alamein
Second Battle of Manassas
Second Battle of the Marne
Second Boer
Second British-Waziristan
Second Chinese Warlord
Second Crusade
Second English Civil
Second Fox
Second Greco Turkish
Second Kashmir
Second Punic
Second Seminole
Second Sino-Tibetan
Second Triumvirate
Second Yemen Rebellion
Sedan
Seminole
Senegal Civil
Senussi Orden-Italy
Seven Years'
Seventh Crusade
Shang-Zhou
Sheepeater Indian
Shiloh
Sicily
Sierra Leone Civil
Sinai
Sino-Indian
Sino-Russian
Sino-Soviet
Sino-Vietnamese
Six Day
Sluys
Snake
Somalia
Somalia Civil
Somme
South Africa-ANC
South Sudan Civil
South Yemen Coup
Southern China Revolt
Southern Lebanon
Southwest African Revolt
Soviet Invasion of Hungary
Soviet-Turkestan
Spanish American
Spanish Civil
Spanish conquest of the Aztec Empire
Spanish conquest of the Inca Empire
Spanish-American
Sparticist Rising
Spotsylvania Court House
Spring Offensives
Stalingrad
Stamford Bridge
Stoke Field
Stones River
Stoney Creek
Sudan
Susquehannock
Syrian
Syrian civil
Taiwan Strait Crisis
Taiwanese revolt
Tajikistan
Tannenberg
Tarawa
Telangana Rebellion
Teutoburg Forest
Tewkesbury
Texas Revolution
Texas-Indian
Thermopylae
Third Anglo-Afghan
Third Battle of Gaza
Third Central American
Third Chinese Warlord
Third Crusade
Third English Civil
Third Macedonian
Third Rif
Third Sino-Japanese
Third Sino-Tibetan
Thirteen Years'
Thirty Years'
Thousand Days
Tibetan Uprising
Towton
Trafalgar
Trebia
Tsushima
Tunisian
Turkish
Turko Cypriot
Tuscarora
Uganda Civil
Uganda-Tanzania
Uprisings in Colonial Angola
Uruguay Civil
Valcour Island
Valmy
Vandal
Veracruz
Verdun
Vicksburg
Victorio's
Vietnam
Vietnam Civil
Vietnam-Cambodia
Vimeiro
Wagram
Wakefield
War of 1812
Wars of the Roses
Waterloo
Waziristan conflict
Western Sahara
Wilderness
Winnebago
Winter War in Finland
Winter at Valley Forge
World War I
World War II
Xinjiang Muslim Revolt
Y\^en B\'ai Uprising
Yamasee
Yellow Turban Rebellion
Yemen-al-Quaeda
Yemeni Imamate
Yom Kippur
Yorktown 
Zama
Zulu
Zulu Rebellion
WWI
WWII
